Archive member included to satisfy reference by file (symbol)

c:/program files (x86)/atmel/studio/7.0/toolchain/arm/arm-gnu-toolchain/bin/../lib/gcc/arm-none-eabi/6.3.1/thumb/v6-m\libgcc.a(_udivsi3.o)
                              hpl/core/hpl_core_m0plus_base.o (__aeabi_uidiv)
c:/program files (x86)/atmel/studio/7.0/toolchain/arm/arm-gnu-toolchain/bin/../lib/gcc/arm-none-eabi/6.3.1/thumb/v6-m\libgcc.a(_divsi3.o)
                              hal/src/hal_adc_sync.o (__aeabi_idivmod)
c:/program files (x86)/atmel/studio/7.0/toolchain/arm/arm-gnu-toolchain/bin/../lib/gcc/arm-none-eabi/6.3.1/thumb/v6-m\libgcc.a(_dvmd_tls.o)
                              c:/program files (x86)/atmel/studio/7.0/toolchain/arm/arm-gnu-toolchain/bin/../lib/gcc/arm-none-eabi/6.3.1/thumb/v6-m\libgcc.a(_udivsi3.o) (__aeabi_idiv0)
c:/program files (x86)/atmel/studio/7.0/toolchain/arm/arm-gnu-toolchain/bin/../lib/gcc/arm-none-eabi/6.3.1/thumb/v6-m\libgcc.a(_aeabi_uldivmod.o)
                              hpl/sercom/hpl_sercom.o (__aeabi_uldivmod)
c:/program files (x86)/atmel/studio/7.0/toolchain/arm/arm-gnu-toolchain/bin/../lib/gcc/arm-none-eabi/6.3.1/thumb/v6-m\libgcc.a(_muldi3.o)
                              hpl/sercom/hpl_sercom.o (__aeabi_lmul)
c:/program files (x86)/atmel/studio/7.0/toolchain/arm/arm-gnu-toolchain/bin/../lib/gcc/arm-none-eabi/6.3.1/thumb/v6-m\libgcc.a(_ffssi2.o)
                              hpl/eic/hpl_eic.o (__ffssi2)
c:/program files (x86)/atmel/studio/7.0/toolchain/arm/arm-gnu-toolchain/bin/../lib/gcc/arm-none-eabi/6.3.1/thumb/v6-m\libgcc.a(_fixunsdfsi.o)
                              hpl/sercom/hpl_sercom.o (__aeabi_d2uiz)
c:/program files (x86)/atmel/studio/7.0/toolchain/arm/arm-gnu-toolchain/bin/../lib/gcc/arm-none-eabi/6.3.1/thumb/v6-m\libgcc.a(_udivmoddi4.o)
                              c:/program files (x86)/atmel/studio/7.0/toolchain/arm/arm-gnu-toolchain/bin/../lib/gcc/arm-none-eabi/6.3.1/thumb/v6-m\libgcc.a(_aeabi_uldivmod.o) (__udivmoddi4)
c:/program files (x86)/atmel/studio/7.0/toolchain/arm/arm-gnu-toolchain/bin/../lib/gcc/arm-none-eabi/6.3.1/thumb/v6-m\libgcc.a(mulsf3.o)
                              main.o (__aeabi_fmul)
c:/program files (x86)/atmel/studio/7.0/toolchain/arm/arm-gnu-toolchain/bin/../lib/gcc/arm-none-eabi/6.3.1/thumb/v6-m\libgcc.a(floatsisf.o)
                              main.o (__aeabi_i2f)
c:/program files (x86)/atmel/studio/7.0/toolchain/arm/arm-gnu-toolchain/bin/../lib/gcc/arm-none-eabi/6.3.1/thumb/v6-m\libgcc.a(divdf3.o)
                              hpl/sercom/hpl_sercom.o (__aeabi_ddiv)
c:/program files (x86)/atmel/studio/7.0/toolchain/arm/arm-gnu-toolchain/bin/../lib/gcc/arm-none-eabi/6.3.1/thumb/v6-m\libgcc.a(muldf3.o)
                              hpl/sercom/hpl_sercom.o (__aeabi_dmul)
c:/program files (x86)/atmel/studio/7.0/toolchain/arm/arm-gnu-toolchain/bin/../lib/gcc/arm-none-eabi/6.3.1/thumb/v6-m\libgcc.a(subdf3.o)
                              hpl/sercom/hpl_sercom.o (__aeabi_dsub)
c:/program files (x86)/atmel/studio/7.0/toolchain/arm/arm-gnu-toolchain/bin/../lib/gcc/arm-none-eabi/6.3.1/thumb/v6-m\libgcc.a(fixdfsi.o)
                              c:/program files (x86)/atmel/studio/7.0/toolchain/arm/arm-gnu-toolchain/bin/../lib/gcc/arm-none-eabi/6.3.1/thumb/v6-m\libgcc.a(_fixunsdfsi.o) (__aeabi_d2iz)
c:/program files (x86)/atmel/studio/7.0/toolchain/arm/arm-gnu-toolchain/bin/../lib/gcc/arm-none-eabi/6.3.1/thumb/v6-m\libgcc.a(floatsidf.o)
                              hpl/sercom/hpl_sercom.o (__aeabi_i2d)
c:/program files (x86)/atmel/studio/7.0/toolchain/arm/arm-gnu-toolchain/bin/../lib/gcc/arm-none-eabi/6.3.1/thumb/v6-m\libgcc.a(floatunsidf.o)
                              hpl/sercom/hpl_sercom.o (__aeabi_ui2d)
c:/program files (x86)/atmel/studio/7.0/toolchain/arm/arm-gnu-toolchain/bin/../lib/gcc/arm-none-eabi/6.3.1/thumb/v6-m\libgcc.a(extendsfdf2.o)
                              main.o (__aeabi_f2d)
c:/program files (x86)/atmel/studio/7.0/toolchain/arm/arm-gnu-toolchain/bin/../lib/gcc/arm-none-eabi/6.3.1/thumb/v6-m\libgcc.a(truncdfsf2.o)
                              main.o (__aeabi_d2f)
c:/program files (x86)/atmel/studio/7.0/toolchain/arm/arm-gnu-toolchain/bin/../lib/gcc/arm-none-eabi/6.3.1/thumb/v6-m\libgcc.a(_arm_cmpdf2.o)
                              c:/program files (x86)/atmel/studio/7.0/toolchain/arm/arm-gnu-toolchain/bin/../lib/gcc/arm-none-eabi/6.3.1/thumb/v6-m\libgcc.a(_fixunsdfsi.o) (__aeabi_dcmpge)
c:/program files (x86)/atmel/studio/7.0/toolchain/arm/arm-gnu-toolchain/bin/../lib/gcc/arm-none-eabi/6.3.1/thumb/v6-m\libgcc.a(_clzsi2.o)
                              c:/program files (x86)/atmel/studio/7.0/toolchain/arm/arm-gnu-toolchain/bin/../lib/gcc/arm-none-eabi/6.3.1/thumb/v6-m\libgcc.a(mulsf3.o) (__clzsi2)
c:/program files (x86)/atmel/studio/7.0/toolchain/arm/arm-gnu-toolchain/bin/../lib/gcc/arm-none-eabi/6.3.1/thumb/v6-m\libgcc.a(_clzdi2.o)
[...]
Memory Configuration

Name             Origin             Length             Attributes
rom              0x00000000         0x00040000         xr
ram              0x20000000         0x00008000         xrw
*default*        0x00000000         0xffffffff

Linker script and memory map

LOAD c:/program files (x86)/atmel/studio/7.0/toolchain/arm/arm-gnu-toolchain/bin/../lib/gcc/arm-none-eabi/6.3.1/thumb/v6-m/crtfastmath.o
LOAD c:/program files (x86)/atmel/studio/7.0/toolchain/arm/arm-gnu-toolchain/bin/../lib/gcc/arm-none-eabi/6.3.1/thumb/v6-m/crti.o
LOAD c:/program files (x86)/atmel/studio/7.0/toolchain/arm/arm-gnu-toolchain/bin/../lib/gcc/arm-none-eabi/6.3.1/thumb/v6-m/crtbegin.o
LOAD c:/program files (x86)/atmel/studio/7.0/toolchain/arm/arm-gnu-toolchain/bin/../lib/gcc/arm-none-eabi/6.3.1/../../../../arm-none-eabi/lib/thumb/v6-m/crt0.o
LOAD atmel_start.o
LOAD Device_Startup/startup_samd20.o
LOAD Device_Startup/system_samd20.o
LOAD driver_init.o
LOAD examples/driver_examples.o
LOAD hal/src/hal_adc_sync.o
LOAD hal/src/hal_atomic.o
LOAD hal/src/hal_delay.o
LOAD hal/src/hal_ext_irq.o
LOAD hal/src/hal_gpio.o
LOAD hal/src/hal_i2c_m_sync.o
LOAD hal/src/hal_init.o
LOAD hal/src/hal_io.o
LOAD hal/src/hal_pwm.o
LOAD hal/src/hal_sleep.o
LOAD hal/src/hal_spi_m_sync.o
LOAD hal/src/hal_timer.o
LOAD hal/src/hal_usart_sync.o
LOAD hal/utils/src/utils_assert.o
LOAD hal/utils/src/utils_event.o
LOAD hal/utils/src/utils_list.o
LOAD hal/utils/src/utils_syscalls.o
LOAD hpl/adc/hpl_adc.o
LOAD hpl/core/hpl_core_m0plus_base.o
LOAD hpl/core/hpl_init.o
LOAD hpl/eic/hpl_eic.o
LOAD hpl/gclk/hpl_gclk.o
LOAD hpl/pm/hpl_pm.o
LOAD hpl/rtc/hpl_rtc.o
LOAD hpl/sercom/hpl_sercom.o
LOAD hpl/sysctrl/hpl_sysctrl.o
LOAD hpl/tc/hpl_tc.o
LOAD libs/adc/ADS1x1x.o
LOAD libs/driver/hw_driver.o
LOAD libs/ethernet/socket.o
LOAD libs/ethernet/W5500/http_parser.o
LOAD libs/ethernet/W5500/w5500.o
LOAD libs/ethernet/wizchip_conf.o
LOAD libs/sdcard/ff.o
LOAD libs/sdcard/sdmm.o
LOAD main.o
START GROUP
LOAD c:/program files (x86)/atmel/studio/7.0/toolchain/arm/arm-gnu-toolchain/bin/../lib/gcc/arm-none-eabi/6.3.1/../../../../arm-none-eabi/lib/thumb/v6-m\libm.a
END GROUP
START GROUP
LOAD c:/program files (x86)/atmel/studio/7.0/toolchain/arm/arm-gnu-toolchain/bin/../lib/gcc/arm-none-eabi/6.3.1/thumb/v6-m\libgcc.a
LOAD c:/program files (x86)/atmel/studio/7.0/toolchain/arm/arm-gnu-toolchain/bin/../lib/gcc/arm-none-eabi/6.3.1/../../../../arm-none-eabi/lib/thumb/v6-m\libc.a
END GROUP
LOAD c:/program files (x86)/atmel/studio/7.0/toolchain/arm/arm-gnu-toolchain/bin/../lib/gcc/arm-none-eabi/6.3.1/thumb/v6-m/crtend.o
LOAD c:/program files (x86)/atmel/studio/7.0/toolchain/arm/arm-gnu-toolchain/bin/../lib/gcc/arm-none-eabi/6.3.1/thumb/v6-m/crtn.o
                0x00002000                STACK_SIZE = DEFINED (STACK_SIZE)?STACK_SIZE:DEFINED (__stack_size__)?__stack_size__:0x2000

.text           0x00000000    0x12510
                0x00000000                . = ALIGN (0x4)
                0x00000000                _sfixed = .
 *(.vectors .vectors.*)
 .vectors       0x00000000       0xa4 Device_Startup/startup_samd20.o
                0x00000000                exception_table
 *(.text .text.* .gnu.linkonce.t.*)
 .text          0x000000a4       0x60 c:/program files (x86)/atmel/studio/7.0/toolchain/arm/arm-gnu-toolchain/bin/../lib/gcc/arm-none-eabi/6.3.1/thumb/v6-m/crtbegin.o
 .text.Dummy_Handler
                0x00000104        0x2 Device_Startup/startup_samd20.o
                0x00000104                SVCall_Handler
                0x00000104                HardFault_Handler
                0x00000104                TC2_Handler
                0x00000104                AC_Handler
                0x00000104                SysTick_Handler
                0x00000104                PendSV_Handler
                0x00000104                SERCOM1_Handler
                0x00000104                ADC_Handler
                0x00000104                NonMaskableInt_Handler
                0x00000104                SERCOM2_Handler
                0x00000104                WDT_Handler
                0x00000104                TC4_Handler
                0x00000104                TC1_Handler
                0x00000104                TC3_Handler
                0x00000104                Dummy_Handler
                0x00000104                PM_Handler
                0x00000104                SERCOM5_Handler
                0x00000104                EVSYS_Handler
                0x00000104                SERCOM3_Handler
                0x00000104                SERCOM4_Handler
                0x00000104                NVMCTRL_Handler
                0x00000104                SERCOM0_Handler
                0x00000104                DAC_Handler
                0x00000104                PTC_Handler
                0x00000104                TC0_Handler
                0x00000104                TC5_Handler
                0x00000104                SYSCTRL_Handler
 *fill*         0x00000106        0x2 
 .text.Reset_Handler
                0x00000108       0x6c Device_Startup/startup_samd20.o
                0x00000108                Reset_Handler
 .text.atomic_enter_critical
                0x00000174        0xe hal/src/hal_atomic.o
                0x00000174                atomic_enter_critical
 .text.atomic_leave_critical
                0x00000182        0xc hal/src/hal_atomic.o
                0x00000182                atomic_leave_critical
 *fill*         0x0000018e        0x2 
 .text.delay_us
                0x00000190       0x18 hal/src/hal_delay.o
                0x00000190                delay_us
 .text.delay_ms
                0x000001a8       0x18 hal/src/hal_delay.o
                0x000001a8                delay_ms
 .text.process_ext_irq
                0x000001c0       0x44 hal/src/hal_ext_irq.o
 .text.ext_irq_init
                0x00000204       0x30 hal/src/hal_ext_irq.o
                0x00000204                ext_irq_init
 .text.ext_irq_register
                0x00000234       0xd4 hal/src/hal_ext_irq.o
                0x00000234                ext_irq_register
 .text.i2c_m_sync_write
                0x00000308       0x30 hal/src/hal_i2c_m_sync.o
 .text.i2c_m_sync_read
                0x00000338       0x30 hal/src/hal_i2c_m_sync.o
 .text.i2c_m_sync_init
                0x00000368       0x38 hal/src/hal_i2c_m_sync.o
                0x00000368                i2c_m_sync_init
 .text.i2c_m_sync_enable
                0x000003a0        0x8 hal/src/hal_i2c_m_sync.o
                0x000003a0                i2c_m_sync_enable
 .text.i2c_m_sync_set_slaveaddr
                0x000003a8       0x12 hal/src/hal_i2c_m_sync.o
                0x000003a8                i2c_m_sync_set_slaveaddr
 *fill*         0x000003ba        0x2 
 .text.i2c_m_sync_cmd_write
                0x000003bc       0x44 hal/src/hal_i2c_m_sync.o
                0x000003bc                i2c_m_sync_cmd_write
 .text.i2c_m_sync_cmd_read
                0x00000400       0x44 hal/src/hal_i2c_m_sync.o
                0x00000400                i2c_m_sync_cmd_read
 .text.i2c_m_sync_get_io_descriptor
                0x00000444        0x8 hal/src/hal_i2c_m_sync.o
                0x00000444                i2c_m_sync_get_io_descriptor
 .text.io_write
                0x0000044c       0x34 hal/src/hal_io.o
                0x0000044c                io_write
 .text.io_read  0x00000480       0x34 hal/src/hal_io.o
                0x00000480                io_read
 .text.pwm_period_expired
                0x000004b4        0xc hal/src/hal_pwm.o
 .text.pwm_detect_fault
                0x000004c0        0xc hal/src/hal_pwm.o
 .text.pwm_init
                0x000004cc       0x40 hal/src/hal_pwm.o
                0x000004cc                pwm_init
 .text.pwm_enable
                0x0000050c       0x30 hal/src/hal_pwm.o
                0x0000050c                pwm_enable
 .text.pwm_set_parameters
                0x0000053c       0x28 hal/src/hal_pwm.o
                0x0000053c                pwm_set_parameters
 .text.spi_m_sync_init
                0x00000564       0x50 hal/src/hal_spi_m_sync.o
                0x00000564                spi_m_sync_init
 .text.spi_m_sync_enable
                0x000005b4       0x20 hal/src/hal_spi_m_sync.o
                0x000005b4                spi_m_sync_enable
 .text.spi_m_sync_transfer
                0x000005d4       0x40 hal/src/hal_spi_m_sync.o
                0x000005d4                spi_m_sync_transfer
 .text._spi_m_sync_io_write
                0x00000614       0x34 hal/src/hal_spi_m_sync.o
 .text._spi_m_sync_io_read
                0x00000648       0x34 hal/src/hal_spi_m_sync.o
 .text.spi_m_sync_get_io_descriptor
                0x0000067c       0x2c hal/src/hal_spi_m_sync.o
                0x0000067c                spi_m_sync_get_io_descriptor
 .text.timer_add_timer_task
                0x000006a8       0x4e hal/src/hal_timer.o
 .text.timer_process_counted
                0x000006f6       0x5a hal/src/hal_timer.o
 .text.timer_init
                0x00000750       0x3c hal/src/hal_timer.o
                0x00000750                timer_init
 .text.timer_start
                0x0000078c       0x30 hal/src/hal_timer.o
                0x0000078c                timer_start
 .text.timer_add_task
                0x000007bc       0x98 hal/src/hal_timer.o
                0x000007bc                timer_add_task
 .text.usart_sync_write
                0x00000854       0x64 hal/src/hal_usart_sync.o
 .text.usart_sync_read
                0x000008b8       0x60 hal/src/hal_usart_sync.o
 .text.usart_sync_init
                0x00000918       0x44 hal/src/hal_usart_sync.o
                0x00000918                usart_sync_init
 .text.usart_sync_enable
                0x0000095c       0x24 hal/src/hal_usart_sync.o
                0x0000095c                usart_sync_enable
 .text.usart_sync_get_io_descriptor
                0x00000980       0x2c hal/src/hal_usart_sync.o
                0x00000980                usart_sync_get_io_descriptor
 .text.assert   0x000009ac        0x8 hal/utils/src/utils_assert.o
                0x000009ac                assert
 .text.is_list_element
                0x000009b4       0x16 hal/utils/src/utils_list.o
                0x000009b4                is_list_element
 *fill*         0x000009ca        0x2 
 .text.list_insert_as_head
                0x000009cc       0x24 hal/utils/src/utils_list.o
                0x000009cc                list_insert_as_head
 .text.list_insert_after
                0x000009f0        0x8 hal/utils/src/utils_list.o
                0x000009f0                list_insert_after
 .text.list_remove_head
                0x000009f8       0x12 hal/utils/src/utils_list.o
                0x000009f8                list_remove_head
 *fill*         0x00000a0a        0x2 
 .text._sbrk    0x00000a0c       0x24 hal/utils/src/utils_syscalls.o
                0x00000a0c                _sbrk
 .text._get_cycles_for_us
                0x00000a30       0x12 hpl/core/hpl_core_m0plus_base.o
                0x00000a30                _get_cycles_for_us
 .text._get_cycles_for_ms
                0x00000a42       0x16 hpl/core/hpl_core_m0plus_base.o
                0x00000a42                _get_cycles_for_ms
 .text._delay_cycles
                0x00000a58        0x6 hpl/core/hpl_core_m0plus_base.o
                0x00000a58                _delay_cycles
 *fill*         0x00000a5e        0x2 
 .text._init_chip
                0x00000a60       0x2c hpl/core/hpl_init.o
                0x00000a60                _init_chip
 .text._ext_irq_init
                0x00000a8c       0x90 hpl/eic/hpl_eic.o
                0x00000a8c                _ext_irq_init
 .text._ext_irq_enable
                0x00000b1c       0x4c hpl/eic/hpl_eic.o
                0x00000b1c                _ext_irq_enable
 .text.EIC_Handler
                0x00000b68       0xb0 hpl/eic/hpl_eic.o
                0x00000b68                EIC_Handler
 .text._gclk_init_generators_by_fref
                0x00000c18       0x5c hpl/gclk/hpl_gclk.o
                0x00000c18                _gclk_init_generators_by_fref
 .text._pm_init
                0x00000c74       0x20 hpl/pm/hpl_pm.o
                0x00000c74                _pm_init
 .text._rtc_timer_interrupt_handler
                0x00000c94       0x1c hpl/rtc/hpl_rtc.o
 .text._timer_init
                0x00000cb0       0x58 hpl/rtc/hpl_rtc.o
                0x00000cb0                _timer_init
 .text._timer_start
                0x00000d08       0x54 hpl/rtc/hpl_rtc.o
                0x00000d08                _timer_start
 .text._timer_is_started
                0x00000d5c       0x12 hpl/rtc/hpl_rtc.o
                0x00000d5c                _timer_is_started
 .text._timer_set_irq
                0x00000d6e        0x2 hpl/rtc/hpl_rtc.o
                0x00000d6e                _timer_set_irq
 .text._rtc_get_timer
                0x00000d70        0x4 hpl/rtc/hpl_rtc.o
                0x00000d70                _rtc_get_timer
 .text.RTC_Handler
                0x00000d74       0x10 hpl/rtc/hpl_rtc.o
                0x00000d74                RTC_Handler
 .text._sercom_get_hardware_index
                0x00000d84       0x10 hpl/sercom/hpl_sercom.o
 .text._spi_sync_enable
                0x00000d94       0x1e hpl/sercom/hpl_sercom.o
 *fill*         0x00000db2        0x2 
 .text._get_sercom_index
                0x00000db4       0x38 hpl/sercom/hpl_sercom.o
 .text._usart_init
                0x00000dec       0x70 hpl/sercom/hpl_sercom.o
 .text._get_i2cm_index
                0x00000e5c       0x3c hpl/sercom/hpl_sercom.o
 .text._sercom_i2c_sync_send_address
                0x00000e98      0x194 hpl/sercom/hpl_sercom.o
 .text._usart_sync_init
                0x0000102c       0x24 hpl/sercom/hpl_sercom.o
                0x0000102c                _usart_sync_init
 .text._usart_sync_enable
                0x00001050       0x12 hpl/sercom/hpl_sercom.o
                0x00001050                _usart_sync_enable
 .text._usart_sync_write_byte
                0x00001062        0x8 hpl/sercom/hpl_sercom.o
                0x00001062                _usart_sync_write_byte
 .text._usart_sync_read_byte
                0x0000106a        0x8 hpl/sercom/hpl_sercom.o
                0x0000106a                _usart_sync_read_byte
 .text._usart_sync_is_ready_to_send
                0x00001072        0xa hpl/sercom/hpl_sercom.o
                0x00001072                _usart_sync_is_ready_to_send
 .text._usart_sync_is_transmit_done
                0x0000107c        0xc hpl/sercom/hpl_sercom.o
                0x0000107c                _usart_sync_is_transmit_done
 .text._usart_sync_is_byte_received
                0x00001088        0xc hpl/sercom/hpl_sercom.o
                0x00001088                _usart_sync_is_byte_received
 .text._i2c_m_sync_init
                0x00001094       0xa4 hpl/sercom/hpl_sercom.o
                0x00001094                _i2c_m_sync_init
 .text._i2c_m_sync_enable
                0x00001138       0x74 hpl/sercom/hpl_sercom.o
                0x00001138                _i2c_m_sync_enable
 .text._i2c_m_sync_transfer
                0x000011ac      0x218 hpl/sercom/hpl_sercom.o
                0x000011ac                _i2c_m_sync_transfer
 .text._spi_m_sync_init
                0x000013c4      0x1b4 hpl/sercom/hpl_sercom.o
                0x000013c4                _spi_m_sync_init
 .text._spi_m_sync_enable
                0x00001578       0x30 hpl/sercom/hpl_sercom.o
                0x00001578                _spi_m_sync_enable
 .text._spi_m_sync_trans
                0x000015a8       0xe4 hpl/sercom/hpl_sercom.o
                0x000015a8                _spi_m_sync_trans
 .text._sysctrl_init_sources
                0x0000168c       0x4c hpl/sysctrl/hpl_sysctrl.o
                0x0000168c                _sysctrl_init_sources
 .text._sysctrl_init_referenced_generators
                0x000016d8       0x80 hpl/sysctrl/hpl_sysctrl.o
                0x000016d8                _sysctrl_init_referenced_generators
 .text.tc_pwm_interrupt_handler
                0x00001758       0x2e hpl/tc/hpl_tc.o
 *fill*         0x00001786        0x2 
 .text.tc_get_hardware_index
                0x00001788       0x10 hpl/tc/hpl_tc.o
 .text._tc_init_irq_param
                0x00001798       0x2c hpl/tc/hpl_tc.o
 .text.get_tc_index
                0x000017c4       0x40 hpl/tc/hpl_tc.o
 .text._pwm_init
                0x00001804       0xe8 hpl/tc/hpl_tc.o
                0x00001804                _pwm_init
 .text._pwm_enable
                0x000018ec        0xe hpl/tc/hpl_tc.o
                0x000018ec                _pwm_enable
 *fill*         0x000018fa        0x2 
 .text._pwm_set_param
                0x000018fc       0x54 hpl/tc/hpl_tc.o
                0x000018fc                _pwm_set_param
 .text._pwm_is_enabled
                0x00001950        0xc hpl/tc/hpl_tc.o
                0x00001950                _pwm_is_enabled
 .text._tc_get_pwm
                0x0000195c        0x4 hpl/tc/hpl_tc.o
                0x0000195c                _tc_get_pwm
 .text.TC6_Handler
                0x00001960       0x10 hpl/tc/hpl_tc.o
                0x00001960                TC6_Handler
 .text.TC7_Handler
                0x00001970       0x10 hpl/tc/hpl_tc.o
                0x00001970                TC7_Handler
 .text.ADS1x1x_write_register
                0x00001980       0x1a libs/adc/ADS1x1x.o
                0x00001980                ADS1x1x_write_register
 .text.ADS1x1x_read_register
                0x0000199a       0x1a libs/adc/ADS1x1x.o
                0x0000199a                ADS1x1x_read_register
 .text.ADS1x1x_start_conversion
                0x000019b4        0xe libs/adc/ADS1x1x.o
                0x000019b4                ADS1x1x_start_conversion
 .text.ADS1x1x_read
                0x000019c2       0x18 libs/adc/ADS1x1x.o
                0x000019c2                ADS1x1x_read
 .text.ADS1x1x_set_threshold_lo
                0x000019da       0x18 libs/adc/ADS1x1x.o
                0x000019da                ADS1x1x_set_threshold_lo
 .text.ADS1x1x_set_threshold_hi
                0x000019f2       0x18 libs/adc/ADS1x1x.o
                0x000019f2                ADS1x1x_set_threshold_hi
 .text.ADS1x1x_set_config_bitfield
                0x00001a0a        0xc libs/adc/ADS1x1x.o
                0x00001a0a                ADS1x1x_set_config_bitfield
 .text.ADS1x1x_set_os
                0x00001a16        0xc libs/adc/ADS1x1x.o
                0x00001a16                ADS1x1x_set_os
 .text.ADS1x1x_set_multiplexer
                0x00001a22        0xc libs/adc/ADS1x1x.o
                0x00001a22                ADS1x1x_set_multiplexer
 .text.ADS1x1x_set_pga
                0x00001a2e        0xc libs/adc/ADS1x1x.o
                0x00001a2e                ADS1x1x_set_pga
 .text.ADS1x1x_set_mode
                0x00001a3a        0xc libs/adc/ADS1x1x.o
                0x00001a3a                ADS1x1x_set_mode
 .text.ADS1x1x_set_data_rate
                0x00001a46        0xc libs/adc/ADS1x1x.o
                0x00001a46                ADS1x1x_set_data_rate
 .text.ADS1x1x_set_comparator_mode
                0x00001a52        0xc libs/adc/ADS1x1x.o
                0x00001a52                ADS1x1x_set_comparator_mode
 .text.ADS1x1x_set_comparator_polarity
                0x00001a5e        0xc libs/adc/ADS1x1x.o
                0x00001a5e                ADS1x1x_set_comparator_polarity
 .text.ADS1x1x_set_comparator_latching
                0x00001a6a        0xc libs/adc/ADS1x1x.o
                0x00001a6a                ADS1x1x_set_comparator_latching
 .text.ADS1x1x_set_comparator_queue
                0x00001a76        0xc libs/adc/ADS1x1x.o
                0x00001a76                ADS1x1x_set_comparator_queue
 .text.ADS1x1x_init
                0x00001a82       0x78 libs/adc/ADS1x1x.o
                0x00001a82                ADS1x1x_init
 .text.ETH_Handler
                0x00001afa        0x2 libs/driver/hw_driver.o
 .text.TIMER_0_task1_cb
                0x00001afc        0xc libs/driver/hw_driver.o
 .text.TIMER_0_task2_cb
                0x00001b08        0xc libs/driver/hw_driver.o
 .text.TIMER_IRQ_init
                0x00001b14       0x7c libs/driver/hw_driver.o
 .text.buzer    0x00001b90       0x14 libs/driver/hw_driver.o
                0x00001b90                buzer
 .text.gpio_init
                0x00001ba4      0x254 libs/driver/hw_driver.o
                0x00001ba4                gpio_init
 .text.EXT_IRG_init
                0x00001df8       0x5c libs/driver/hw_driver.o
                0x00001df8                EXT_IRG_init
 .text.ETH_SPI_init
                0x00001e54      0x124 libs/driver/hw_driver.o
                0x00001e54                ETH_SPI_init
 .text.ETH_SPI_Select
                0x00001f78       0x18 libs/driver/hw_driver.o
                0x00001f78                ETH_SPI_Select
 .text.W5500_Select
                0x00001f90        0xa libs/driver/hw_driver.o
                0x00001f90                W5500_Select
 .text.W5500_Unselect
                0x00001f9a        0xa libs/driver/hw_driver.o
                0x00001f9a                W5500_Unselect
 .text.W5500_ReadBuff
                0x00001fa4       0x18 libs/driver/hw_driver.o
                0x00001fa4                W5500_ReadBuff
 .text.W5500_WriteBuff
                0x00001fbc       0x18 libs/driver/hw_driver.o
                0x00001fbc                W5500_WriteBuff
 .text.W5500_ReadByte
                0x00001fd4       0x24 libs/driver/hw_driver.o
                0x00001fd4                W5500_ReadByte
 .text.W5500_Write_byte
                0x00001ff8       0x1c libs/driver/hw_driver.o
                0x00001ff8                W5500_Write_byte
 .text.EXT_SPI_init
                0x00002014      0x108 libs/driver/hw_driver.o
                0x00002014                EXT_SPI_init
 .text.EXT_SPI_ReadBuff
                0x0000211c       0x18 libs/driver/hw_driver.o
                0x0000211c                EXT_SPI_ReadBuff
 .text.EXT_SPI_WriteBuff
                0x00002134       0x18 libs/driver/hw_driver.o
                0x00002134                EXT_SPI_WriteBuff
 .text.EXT_I2C_init
                0x0000214c       0x9c libs/driver/hw_driver.o
                0x0000214c                EXT_I2C_init
 .text.I2C_write_batch
                0x000021e8       0x3c libs/driver/hw_driver.o
                0x000021e8                I2C_write_batch
 .text.I2C_read_batch
                0x00002224       0x2c libs/driver/hw_driver.o
                0x00002224                I2C_read_batch
 .text.PWM_init
                0x00002250       0xe8 libs/driver/hw_driver.o
                0x00002250                PWM_init
 .text.DEBUG_Serial_init
                0x00002338       0x84 libs/driver/hw_driver.o
                0x00002338                DEBUG_Serial_init
 .text.mcu_init
                0x000023bc       0x34 libs/driver/hw_driver.o
                0x000023bc                mcu_init
 .text.adcRequest
                0x000023f0       0x10 libs/driver/hw_driver.o
                0x000023f0                adcRequest
 .text.close    0x00002400       0x80 libs/ethernet/socket.o
                0x00002400                close
 .text.socket   0x00002480      0x170 libs/ethernet/socket.o
                0x00002480                socket
 .text.listen   0x000025f0       0x6e libs/ethernet/socket.o
                0x000025f0                listen
 *fill*         0x0000265e        0x2 
 .text.disconnect
                0x00002660       0x90 libs/ethernet/socket.o
                0x00002660                disconnect
 .text.send     0x000026f0      0x138 libs/ethernet/socket.o
                0x000026f0                send
 .text.recv     0x00002828       0xf4 libs/ethernet/socket.o
                0x00002828                recv
 .text.sendto   0x0000291c      0x174 libs/ethernet/socket.o
                0x0000291c                sendto
 .text.recvfrom
                0x00002a90      0x27c libs/ethernet/socket.o
                0x00002a90                recvfrom
 .text.getsockopt
                0x00002d0c      0x180 libs/ethernet/socket.o
                0x00002d0c                getsockopt
 .text.WIZCHIP_READ
                0x00002e8c       0x64 libs/ethernet/W5500/w5500.o
                0x00002e8c                WIZCHIP_READ
 .text.WIZCHIP_WRITE
                0x00002ef0       0x60 libs/ethernet/W5500/w5500.o
                0x00002ef0                WIZCHIP_WRITE
 .text.WIZCHIP_READ_BUF
                0x00002f50       0x80 libs/ethernet/W5500/w5500.o
                0x00002f50                WIZCHIP_READ_BUF
 .text.WIZCHIP_WRITE_BUF
                0x00002fd0       0x78 libs/ethernet/W5500/w5500.o
                0x00002fd0                WIZCHIP_WRITE_BUF
 .text.getSn_TX_FSR
                0x00003048       0x64 libs/ethernet/W5500/w5500.o
                0x00003048                getSn_TX_FSR
 .text.getSn_RX_RSR
                0x000030ac       0x64 libs/ethernet/W5500/w5500.o
                0x000030ac                getSn_RX_RSR
 .text.wiz_send_data
                0x00003110       0x66 libs/ethernet/W5500/w5500.o
                0x00003110                wiz_send_data
 .text.wiz_recv_data
                0x00003176       0x66 libs/ethernet/W5500/w5500.o
                0x00003176                wiz_recv_data
 .text.wiz_recv_ignore
                0x000031dc       0x46 libs/ethernet/W5500/w5500.o
                0x000031dc                wiz_recv_ignore
 .text.wizchip_cris_enter
                0x00003222        0x2 libs/ethernet/wizchip_conf.o
                0x00003222                wizchip_cris_enter
 .text.wizchip_cris_exit
                0x00003224        0x2 libs/ethernet/wizchip_conf.o
                0x00003224                wizchip_cris_exit
 .text.wizchip_cs_select
                0x00003226        0x2 libs/ethernet/wizchip_conf.o
                0x00003226                wizchip_cs_select
 .text.wizchip_cs_deselect
                0x00003228        0x2 libs/ethernet/wizchip_conf.o
                0x00003228                wizchip_cs_deselect
 .text.wizchip_bus_readdata
                0x0000322a        0x6 libs/ethernet/wizchip_conf.o
                0x0000322a                wizchip_bus_readdata
 .text.wizchip_bus_writedata
                0x00003230        0x4 libs/ethernet/wizchip_conf.o
                0x00003230                wizchip_bus_writedata
 .text.wizchip_spi_readbyte
                0x00003234        0x4 libs/ethernet/wizchip_conf.o
                0x00003234                wizchip_spi_readbyte
 .text.wizchip_spi_writebyte
                0x00003238        0x2 libs/ethernet/wizchip_conf.o
                0x00003238                wizchip_spi_writebyte
 .text.wizchip_spi_readburst
                0x0000323a        0x2 libs/ethernet/wizchip_conf.o
                0x0000323a                wizchip_spi_readburst
 .text.wizchip_spi_writeburst
                0x0000323c        0x2 libs/ethernet/wizchip_conf.o
                0x0000323c                wizchip_spi_writeburst
 *fill*         0x0000323e        0x2 
 .text.reg_wizchip_cs_cbfunc
                0x00003240       0x28 libs/ethernet/wizchip_conf.o
                0x00003240                reg_wizchip_cs_cbfunc
 .text.reg_wizchip_spi_cbfunc
                0x00003268       0x30 libs/ethernet/wizchip_conf.o
                0x00003268                reg_wizchip_spi_cbfunc
 .text.reg_wizchip_spiburst_cbfunc
                0x00003298       0x30 libs/ethernet/wizchip_conf.o
                0x00003298                reg_wizchip_spiburst_cbfunc
 .text.wizchip_sw_reset
                0x000032c8       0x76 libs/ethernet/wizchip_conf.o
                0x000032c8                wizchip_sw_reset
 .text.wizchip_init
                0x0000333e       0x96 libs/ethernet/wizchip_conf.o
                0x0000333e                wizchip_init
 .text.wizphy_reset
                0x000033d4       0x2c libs/ethernet/wizchip_conf.o
                0x000033d4                wizphy_reset
 .text.wizchip_setnetinfo
                0x00003400       0x5c libs/ethernet/wizchip_conf.o
                0x00003400                wizchip_setnetinfo
 .text.wizchip_getnetinfo
                0x0000345c       0x5c libs/ethernet/wizchip_conf.o
                0x0000345c                wizchip_getnetinfo
 .text.wizchip_setnetmode
                0x000034b8       0x26 libs/ethernet/wizchip_conf.o
                0x000034b8                wizchip_setnetmode
 .text.wizchip_getnetmode
                0x000034de        0xa libs/ethernet/wizchip_conf.o
                0x000034de                wizchip_getnetmode
 .text.wizchip_settimeout
                0x000034e8       0x26 libs/ethernet/wizchip_conf.o
                0x000034e8                wizchip_settimeout
 .text.wizchip_gettimeout
                0x0000350e       0x2c libs/ethernet/wizchip_conf.o
                0x0000350e                wizchip_gettimeout
 *fill*         0x0000353a        0x2 
 .text.ctlnetwork
                0x0000353c       0x54 libs/ethernet/wizchip_conf.o
                0x0000353c                ctlnetwork
 .text.ld_word  0x00003590        0xa libs/sdcard/ff.o
 .text.ld_dword
                0x0000359a       0x16 libs/sdcard/ff.o
 .text.st_word  0x000035b0        0x8 libs/sdcard/ff.o
 .text.st_dword
                0x000035b8       0x10 libs/sdcard/ff.o
 .text.dbc_1st  0x000035c8        0x4 libs/sdcard/ff.o
 .text.dbc_2nd  0x000035cc        0x4 libs/sdcard/ff.o
 .text.clst2sect
                0x000035d0       0x18 libs/sdcard/ff.o
 .text.ld_clust
                0x000035e8       0x26 libs/sdcard/ff.o
 .text.st_clust
                0x0000360e       0x26 libs/sdcard/ff.o
 .text.get_ldnumber
                0x00003634       0x52 libs/sdcard/ff.o
 .text.validate
                0x00003686       0x4c libs/sdcard/ff.o
 .text.sync_window
                0x000036d2       0x54 libs/sdcard/ff.o
 .text.move_window
                0x00003726       0x38 libs/sdcard/ff.o
 *fill*         0x0000375e        0x2 
 .text.check_fs
                0x00003760       0xe4 libs/sdcard/ff.o
 .text.find_volume
                0x00003844       0x6e libs/sdcard/ff.o
 *fill*         0x000038b2        0x2 
 .text.mount_volume
                0x000038b4      0x2cc libs/sdcard/ff.o
 .text.put_fat  0x00003b80      0x136 libs/sdcard/ff.o
 .text.get_fat  0x00003cb6       0xe2 libs/sdcard/ff.o
 .text.dir_sdi  0x00003d98       0xac libs/sdcard/ff.o
 .text.create_chain
                0x00003e44      0x122 libs/sdcard/ff.o
 .text.remove_chain
                0x00003f66       0x7c libs/sdcard/ff.o
 .text.dir_clear
                0x00003fe2       0x56 libs/sdcard/ff.o
 .text.dir_next
                0x00004038       0xd4 libs/sdcard/ff.o
 .text.dir_find
                0x0000410c       0x56 libs/sdcard/ff.o
 .text.dir_alloc
                0x00004162       0x4e libs/sdcard/ff.o
 .text.create_name
                0x000041b0      0x138 libs/sdcard/ff.o
 .text.follow_path
                0x000042e8       0x82 libs/sdcard/ff.o
 .text.dir_register
                0x0000436a       0x3c libs/sdcard/ff.o
 *fill*         0x000043a6        0x2 
 .text.sync_fs  0x000043a8       0x98 libs/sdcard/ff.o
 .text.f_mount  0x00004440       0x5c libs/sdcard/ff.o
                0x00004440                f_mount
 .text.f_open   0x0000449c      0x1f0 libs/sdcard/ff.o
                0x0000449c                f_open
 .text.f_write  0x0000468c      0x1d2 libs/sdcard/ff.o
                0x0000468c                f_write
 *fill*         0x0000485e        0x2 
 .text.f_sync   0x00004860       0x74 libs/sdcard/ff.o
                0x00004860                f_sync
 .text.f_close  0x000048d4       0x24 libs/sdcard/ff.o
                0x000048d4                f_close
 .text.rcvr_mmc
                0x000048f8        0xa libs/sdcard/sdmm.o
 .text.deselect
                0x00004902       0x1c libs/sdcard/sdmm.o
 .text.dly_us   0x0000491e       0x12 libs/sdcard/sdmm.o
 .text.wait_ready
                0x00004930       0x34 libs/sdcard/sdmm.o
 .text.select   0x00004964       0x2e libs/sdcard/sdmm.o
 .text.rcvr_datablock
                0x00004992       0x4c libs/sdcard/sdmm.o
 .text.xmit_mmc
                0x000049de        0xa libs/sdcard/sdmm.o
 .text.send_cmd
                0x000049e8       0x9a libs/sdcard/sdmm.o
 .text.xmit_datablock
                0x00004a82       0x54 libs/sdcard/sdmm.o
 *fill*         0x00004ad6        0x2 
 .text.disk_status
                0x00004ad8       0x14 libs/sdcard/sdmm.o
                0x00004ad8                disk_status
 .text.disk_initialize
                0x00004aec      0x110 libs/sdcard/sdmm.o
                0x00004aec                disk_initialize
 .text.disk_read
                0x00004bfc       0x70 libs/sdcard/sdmm.o
                0x00004bfc                disk_read
 .text.disk_write
                0x00004c6c       0x94 libs/sdcard/sdmm.o
                0x00004c6c                disk_write
 .text.disk_ioctl
                0x00004d00       0xdc libs/sdcard/sdmm.o
                0x00004d00                disk_ioctl
 .text.main     0x00004ddc      0x618 main.o
                0x00004ddc                main
 .text          0x000053f4      0x114 c:/program files (x86)/atmel/studio/7.0/toolchain/arm/arm-gnu-toolchain/bin/../lib/gcc/arm-none-eabi/6.3.1/thumb/v6-m\libgcc.a(_udivsi3.o)
                0x000053f4                __aeabi_uidiv
                0x000053f4                __udivsi3
                0x00005500                __aeabi_uidivmod
 .text          0x00005508      0x1d4 c:/program files (x86)/atmel/studio/7.0/toolchain/arm/arm-gnu-toolchain/bin/../lib/gcc/arm-none-eabi/6.3.1/thumb/v6-m\libgcc.a(_divsi3.o)
                0x00005508                __divsi3
                0x00005508                __aeabi_idiv
                0x000056d4                __aeabi_idivmod
 .text          0x000056dc        0x4 c:/program files (x86)/atmel/studio/7.0/toolchain/arm/arm-gnu-toolchain/bin/../lib/gcc/arm-none-eabi/6.3.1/thumb/v6-m\libgcc.a(_dvmd_tls.o)
                0x000056dc                __aeabi_idiv0
                0x000056dc                __aeabi_ldiv0
 .text          0x000056e0       0x40 c:/program files (x86)/atmel/studio/7.0/toolchain/arm/arm-gnu-toolchain/bin/../lib/gcc/arm-none-eabi/6.3.1/thumb/v6-m\libgcc.a(_aeabi_uldivmod.o)
                0x000056e0                __aeabi_uldivmod
 .text          0x00005720       0x54 c:/program files (x86)/atmel/studio/7.0/toolchain/arm/arm-gnu-toolchain/bin/../lib/gcc/arm-none-eabi/6.3.1/thumb/v6-m\libgcc.a(_muldi3.o)
                0x00005720                __muldi3
                0x00005720                __aeabi_lmul
 .text          0x00005774       0x14 c:/program files (x86)/atmel/studio/7.0/toolchain/arm/arm-gnu-toolchain/bin/../lib/gcc/arm-none-eabi/6.3.1/thumb/v6-m\libgcc.a(_ffssi2.o)
                0x00005774                __ffssi2
 .text          0x00005788       0x3c c:/program files (x86)/atmel/studio/7.0/toolchain/arm/arm-gnu-toolchain/bin/../lib/gcc/arm-none-eabi/6.3.1/thumb/v6-m\libgcc.a(_fixunsdfsi.o)
                0x00005788                __aeabi_d2uiz
                0x00005788                __fixunsdfsi
 .text          0x000057c4      0x180 c:/program files (x86)/atmel/studio/7.0/toolchain/arm/arm-gnu-toolchain/bin/../lib/gcc/arm-none-eabi/6.3.1/thumb/v6-m\libgcc.a(_udivmoddi4.o)
                0x000057c4                __udivmoddi4
 .text          0x00005944      0x240 c:/program files (x86)/atmel/studio/7.0/toolchain/arm/arm-gnu-toolchain/bin/../lib/gcc/arm-none-eabi/6.3.1/thumb/v6-m\libgcc.a(mulsf3.o)
                0x00005944                __aeabi_fmul
 .text          0x00005b84       0xa0 c:/program files (x86)/atmel/studio/7.0/toolchain/arm/arm-gnu-toolchain/bin/../lib/gcc/arm-none-eabi/6.3.1/thumb/v6-m\libgcc.a(floatsisf.o)
                0x00005b84                __aeabi_i2f
 .text          0x00005c24      0x668 c:/program files (x86)/atmel/studio/7.0/toolchain/arm/arm-gnu-toolchain/bin/../lib/gcc/arm-none-eabi/6.3.1/thumb/v6-m\libgcc.a(divdf3.o)
                0x00005c24                __aeabi_ddiv
 .text          0x0000628c      0x500 c:/program files (x86)/atmel/studio/7.0/toolchain/arm/arm-gnu-toolchain/bin/../lib/gcc/arm-none-eabi/6.3.1/thumb/v6-m\libgcc.a(muldf3.o)
                0x0000628c                __aeabi_dmul
 .text          0x0000678c      0x62c c:/program files (x86)/atmel/studio/7.0/toolchain/arm/arm-gnu-toolchain/bin/../lib/gcc/arm-none-eabi/6.3.1/thumb/v6-m\libgcc.a(subdf3.o)
                0x0000678c                __aeabi_dsub
 .text          0x00006db8       0x68 c:/program files (x86)/atmel/studio/7.0/toolchain/arm/arm-gnu-toolchain/bin/../lib/gcc/arm-none-eabi/6.3.1/thumb/v6-m\libgcc.a(fixdfsi.o)
                0x00006db8                __aeabi_d2iz
 .text          0x00006e20       0x84 c:/program files (x86)/atmel/studio/7.0/toolchain/arm/arm-gnu-toolchain/bin/../lib/gcc/arm-none-eabi/6.3.1/thumb/v6-m\libgcc.a(floatsidf.o)
                0x00006e20                __aeabi_i2d
 .text          0x00006ea4       0x70 c:/program files (x86)/atmel/studio/7.0/toolchain/arm/arm-gnu-toolchain/bin/../lib/gcc/arm-none-eabi/6.3.1/thumb/v6-m\libgcc.a(floatunsidf.o)
                0x00006ea4                __aeabi_ui2d
 .text          0x00006f14       0xa4 c:/program files (x86)/atmel/studio/7.0/toolchain/arm/arm-gnu-toolchain/bin/../lib/gcc/arm-none-eabi/6.3.1/thumb/v6-m\libgcc.a(extendsfdf2.o)
                0x00006f14                __aeabi_f2d
 .text          0x00006fb8      0x114 c:/program files (x86)/atmel/studio/7.0/toolchain/arm/arm-gnu-toolchain/bin/../lib/gcc/arm-none-eabi/6.3.1/thumb/v6-m\libgcc.a(truncdfsf2.o)
                0x00006fb8                __aeabi_d2f
 .text          0x000070cc       0x7c c:/program files (x86)/atmel/studio/7.0/toolchain/arm/arm-gnu-toolchain/bin/../lib/gcc/arm-none-eabi/6.3.1/thumb/v6-m\libgcc.a(_arm_cmpdf2.o)
                0x000070cc                __aeabi_cdrcmple
                0x000070dc                __aeabi_cdcmple
                0x000070dc                __aeabi_cdcmpeq
                0x000070ec                __aeabi_dcmpeq
                0x000070f8                __aeabi_dcmplt
                0x0000710c                __aeabi_dcmple
                0x00007120                __aeabi_dcmpgt
                0x00007134                __aeabi_dcmpge
 .text          0x00007148       0x3c c:/program files (x86)/atmel/studio/7.0/toolchain/arm/arm-gnu-toolchain/bin/../lib/gcc/arm-none-eabi/6.3.1/thumb/v6-m\libgcc.a(_clzsi2.o)
                0x00007148                __clzsi2
 .text          0x00007184       0x18 c:/program files (x86)/atmel/studio/7.0/toolchain/arm/arm-gnu-toolchain/bin/../lib/gcc/arm-none-eabi/6.3.1/thumb/v6-m\libgcc.a(_clzdi2.o)
                0x00007184                __clzdi2
 .text          0x0000719c       0x40 c:/program files (x86)/atmel/studio/7.0/toolchain/arm/arm-gnu-toolchain/bin/../lib/gcc/arm-none-eabi/6.3.1/thumb/v6-m\libgcc.a(_ctzsi2.o)
                0x0000719c                __ctzsi2
 .text          0x000071dc       0x74 c:/program files (x86)/atmel/studio/7.0/toolchain/arm/arm-gnu-toolchain/bin/../lib/gcc/arm-none-eabi/6.3.1/thumb/v6-m\libgcc.a(eqdf2.o)
                0x000071dc                __nedf2
                0x000071dc                __eqdf2
 .text          0x00007250       0xc8 c:/program files (x86)/atmel/studio/7.0/toolchain/arm/arm-gnu-toolchain/bin/../lib/gcc/arm-none-eabi/6.3.1/thumb/v6-m\libgcc.a(gedf2.o)
                0x00007250                __gedf2
                0x00007250                __gtdf2
 .text          0x00007318       0xc4 c:/program files (x86)/atmel/studio/7.0/toolchain/arm/arm-gnu-toolchain/bin/../lib/gcc/arm-none-eabi/6.3.1/thumb/v6-m\libgcc.a(ledf2.o)
                0x00007318                __ledf2
                0x00007318                __ltdf2
 .text.__libc_init_array
                0x000073dc       0x48 c:/program files (x86)/atmel/studio/7.0/toolchain/arm/arm-gnu-toolchain/bin/../lib/gcc/arm-none-eabi/6.3.1/../../../../arm-none-eabi/lib/thumb/v6-m\libc.a(lib_a-init.o)
                0x000073dc                __libc_init_array
 .text.memcmp   0x00007424       0x4c c:/program files (x86)/atmel/studio/7.0/toolchain/arm/arm-gnu-toolchain/bin/../lib/gcc/arm-none-eabi/6.3.1/../../../../arm-none-eabi/lib/thumb/v6-m\libc.a(lib_a-memcmp.o)
                0x00007424                memcmp
 .text.memcpy   0x00007470       0x84 c:/program files (x86)/atmel/studio/7.0/toolchain/arm/arm-gnu-toolchain/bin/../lib/gcc/arm-none-eabi/6.3.1/../../../../arm-none-eabi/lib/thumb/v6-m\libc.a(lib_a-memcpy-stub.o)
                0x00007470                memcpy
 .text.memset   0x000074f4       0x94 c:/program files (x86)/atmel/studio/7.0/toolchain/arm/arm-gnu-toolchain/bin/../lib/gcc/arm-none-eabi/6.3.1/../../../../arm-none-eabi/lib/thumb/v6-m\libc.a(lib_a-memset.o)
                0x000074f4                memset
 .text.snprintf
                0x00007588       0x84 c:/program files (x86)/atmel/studio/7.0/toolchain/arm/arm-gnu-toolchain/bin/../lib/gcc/arm-none-eabi/6.3.1/../../../../arm-none-eabi/lib/thumb/v6-m\libc.a(lib_a-snprintf.o)
                0x00007588                snprintf
 .text.sscanf   0x0000760c       0x50 c:/program files (x86)/atmel/studio/7.0/toolchain/arm/arm-gnu-toolchain/bin/../lib/gcc/arm-none-eabi/6.3.1/../../../../arm-none-eabi/lib/thumb/v6-m\libc.a(lib_a-sscanf.o)
                0x0000760c                sscanf
 .text.__seofread
                0x0000765c        0x4 c:/program files (x86)/atmel/studio/7.0/toolchain/arm/arm-gnu-toolchain/bin/../lib/gcc/arm-none-eabi/6.3.1/../../../../arm-none-eabi/lib/thumb/v6-m\libc.a(lib_a-stdio.o)
                0x0000765c                __seofread
 .text.strchr   0x00007660       0xdc c:/program files (x86)/atmel/studio/7.0/toolchain/arm/arm-gnu-toolchain/bin/../lib/gcc/arm-none-eabi/6.3.1/../../../../arm-none-eabi/lib/thumb/v6-m\libc.a(lib_a-strchr.o)
                0x00007660                strchr
 .text          0x0000773c       0x88 c:/program files (x86)/atmel/studio/7.0/toolchain/arm/arm-gnu-toolchain/bin/../lib/gcc/arm-none-eabi/6.3.1/../../../../arm-none-eabi/lib/thumb/v6-m\libc.a(lib_a-strcmp.o)
                0x0000773c                strcmp
 .text.strlen   0x000077c4       0x64 c:/program files (x86)/atmel/studio/7.0/toolchain/arm/arm-gnu-toolchain/bin/../lib/gcc/arm-none-eabi/6.3.1/../../../../arm-none-eabi/lib/thumb/v6-m\libc.a(lib_a-strlen-stub.o)
                0x000077c4                strlen
 .text.critical_factorization
                0x00007828       0xc0 c:/program files (x86)/atmel/studio/7.0/toolchain/arm/arm-gnu-toolchain/bin/../lib/gcc/arm-none-eabi/6.3.1/../../../../arm-none-eabi/lib/thumb/v6-m\libc.a(lib_a-strstr.o)
 .text.two_way_long_needle
                0x000078e8      0x204 c:/program files (x86)/atmel/studio/7.0/toolchain/arm/arm-gnu-toolchain/bin/../lib/gcc/arm-none-eabi/6.3.1/../../../../arm-none-eabi/lib/thumb/v6-m\libc.a(lib_a-strstr.o)
 .text.strstr   0x00007aec      0x208 c:/program files (x86)/atmel/studio/7.0/toolchain/arm/arm-gnu-toolchain/bin/../lib/gcc/arm-none-eabi/6.3.1/../../../../arm-none-eabi/lib/thumb/v6-m\libc.a(lib_a-strstr.o)
                0x00007aec                strstr
 .text._strtol_l.isra.0
                0x00007cf4      0x130 c:/program files (x86)/atmel/studio/7.0/toolchain/arm/arm-gnu-toolchain/bin/../lib/gcc/arm-none-eabi/6.3.1/../../../../arm-none-eabi/lib/thumb/v6-m\libc.a(lib_a-strtol.o)
 .text._strtol_r
                0x00007e24       0x24 c:/program files (x86)/atmel/studio/7.0/toolchain/arm/arm-gnu-toolchain/bin/../lib/gcc/arm-none-eabi/6.3.1/../../../../arm-none-eabi/lib/thumb/v6-m\libc.a(lib_a-strtol.o)
                0x00007e24                _strtol_r
 .text._svfprintf_r
                0x00007e48     0x1608 c:/program files (x86)/atmel/studio/7.0/toolchain/arm/arm-gnu-toolchain/bin/../lib/gcc/arm-none-eabi/6.3.1/../../../../arm-none-eabi/lib/thumb/v6-m\libc.a(lib_a-svfprintf.o)
                0x00007e48                _svfprintf_r
 .text.__ssvfscanf_r
                0x00009450      0xdd0 c:/program files (x86)/atmel/studio/7.0/toolchain/arm/arm-gnu-toolchain/bin/../lib/gcc/arm-none-eabi/6.3.1/../../../../arm-none-eabi/lib/thumb/v6-m\libc.a(lib_a-svfscanf.o)
                0x00009450                __ssvfscanf_r
 .text.startup.register_fini
                0x0000a220       0x18 c:/program files (x86)/atmel/studio/7.0/toolchain/arm/arm-gnu-toolchain/bin/../lib/gcc/arm-none-eabi/6.3.1/../../../../arm-none-eabi/lib/thumb/v6-m\libc.a(lib_a-__call_atexit.o)
 .text.atexit   0x0000a238       0x10 c:/program files (x86)/atmel/studio/7.0/toolchain/arm/arm-gnu-toolchain/bin/../lib/gcc/arm-none-eabi/6.3.1/../../../../arm-none-eabi/lib/thumb/v6-m\libc.a(lib_a-atexit.o)
                0x0000a238                atexit
 .text.quorem   0x0000a248      0x154 c:/program files (x86)/atmel/studio/7.0/toolchain/arm/arm-gnu-toolchain/bin/../lib/gcc/arm-none-eabi/6.3.1/../../../../arm-none-eabi/lib/thumb/v6-m\libc.a(lib_a-dtoa.o)
 .text._dtoa_r  0x0000a39c      0xf88 c:/program files (x86)/atmel/studio/7.0/toolchain/arm/arm-gnu-toolchain/bin/../lib/gcc/arm-none-eabi/6.3.1/../../../../arm-none-eabi/lib/thumb/v6-m\libc.a(lib_a-dtoa.o)
                0x0000a39c                _dtoa_r
 .text.__libc_fini_array
                0x0000b324       0x34 c:/program files (x86)/atmel/studio/7.0/toolchain/arm/arm-gnu-toolchain/bin/../lib/gcc/arm-none-eabi/6.3.1/../../../../arm-none-eabi/lib/thumb/v6-m\libc.a(lib_a-fini.o)
                0x0000b324                __libc_fini_array
 .text._malloc_trim_r
                0x0000b358       0xa0 c:/program files (x86)/atmel/studio/7.0/toolchain/arm/arm-gnu-toolchain/bin/../lib/gcc/arm-none-eabi/6.3.1/../../../../arm-none-eabi/lib/thumb/v6-m\libc.a(lib_a-freer.o)
                0x0000b358                _malloc_trim_r
 .text._free_r  0x0000b3f8      0x1bc c:/program files (x86)/atmel/studio/7.0/toolchain/arm/arm-gnu-toolchain/bin/../lib/gcc/arm-none-eabi/6.3.1/../../../../arm-none-eabi/lib/thumb/v6-m\libc.a(lib_a-freer.o)
                0x0000b3f8                _free_r
 .text.iswspace
                0x0000b5b4       0x18 c:/program files (x86)/atmel/studio/7.0/toolchain/arm/arm-gnu-toolchain/bin/../lib/gcc/arm-none-eabi/6.3.1/../../../../arm-none-eabi/lib/thumb/v6-m\libc.a(lib_a-iswspace.o)
                0x0000b5b4                iswspace
 .text.__locale_mb_cur_max
                0x0000b5cc       0x20 c:/program files (x86)/atmel/studio/7.0/toolchain/arm/arm-gnu-toolchain/bin/../lib/gcc/arm-none-eabi/6.3.1/../../../../arm-none-eabi/lib/thumb/v6-m\libc.a(lib_a-locale.o)
                0x0000b5cc                __locale_mb_cur_max
 .text.__locale_ctype_ptr_l
                0x0000b5ec        0x8 c:/program files (x86)/atmel/studio/7.0/toolchain/arm/arm-gnu-toolchain/bin/../lib/gcc/arm-none-eabi/6.3.1/../../../../arm-none-eabi/lib/thumb/v6-m\libc.a(lib_a-locale.o)
                0x0000b5ec                __locale_ctype_ptr_l
 .text.__locale_ctype_ptr
                0x0000b5f4       0x1c c:/program files (x86)/atmel/studio/7.0/toolchain/arm/arm-gnu-toolchain/bin/../lib/gcc/arm-none-eabi/6.3.1/../../../../arm-none-eabi/lib/thumb/v6-m\libc.a(lib_a-locale.o)
                0x0000b5f4                __locale_ctype_ptr
 .text.__localeconv_l
                0x0000b610        0x4 c:/program files (x86)/atmel/studio/7.0/toolchain/arm/arm-gnu-toolchain/bin/../lib/gcc/arm-none-eabi/6.3.1/../../../../arm-none-eabi/lib/thumb/v6-m\libc.a(lib_a-localeconv.o)
                0x0000b610                __localeconv_l
 .text._localeconv_r
                0x0000b614       0x1c c:/program files (x86)/atmel/studio/7.0/toolchain/arm/arm-gnu-toolchain/bin/../lib/gcc/arm-none-eabi/6.3.1/../../../../arm-none-eabi/lib/thumb/v6-m\libc.a(lib_a-localeconv.o)
                0x0000b614                _localeconv_r
 .text.__retarget_lock_acquire_recursive
                0x0000b630        0x4 c:/program files (x86)/atmel/studio/7.0/toolchain/arm/arm-gnu-toolchain/bin/../lib/gcc/arm-none-eabi/6.3.1/../../../../arm-none-eabi/lib/thumb/v6-m\libc.a(lib_a-lock.o)
                0x0000b630                __retarget_lock_acquire_recursive
 .text.__retarget_lock_release_recursive
                0x0000b634        0x4 c:/program files (x86)/atmel/studio/7.0/toolchain/arm/arm-gnu-toolchain/bin/../lib/gcc/arm-none-eabi/6.3.1/../../../../arm-none-eabi/lib/thumb/v6-m\libc.a(lib_a-lock.o)
                0x0000b634                __retarget_lock_release_recursive
 .text._malloc_r
                0x0000b638      0x568 c:/program files (x86)/atmel/studio/7.0/toolchain/arm/arm-gnu-toolchain/bin/../lib/gcc/arm-none-eabi/6.3.1/../../../../arm-none-eabi/lib/thumb/v6-m\libc.a(lib_a-mallocr.o)
                0x0000b638                _malloc_r
 .text._mbrtowc_r
                0x0000bba0       0x64 c:/program files (x86)/atmel/studio/7.0/toolchain/arm/arm-gnu-toolchain/bin/../lib/gcc/arm-none-eabi/6.3.1/../../../../arm-none-eabi/lib/thumb/v6-m\libc.a(lib_a-mbrtowc.o)
                0x0000bba0                _mbrtowc_r
 .text.__ascii_mbtowc
                0x0000bc04       0x2c c:/program files (x86)/atmel/studio/7.0/toolchain/arm/arm-gnu-toolchain/bin/../lib/gcc/arm-none-eabi/6.3.1/../../../../arm-none-eabi/lib/thumb/v6-m\libc.a(lib_a-mbtowc_r.o)
                0x0000bc04                __ascii_mbtowc
 .text.memchr   0x0000bc30       0x80 c:/program files (x86)/atmel/studio/7.0/toolchain/arm/arm-gnu-toolchain/bin/../lib/gcc/arm-none-eabi/6.3.1/../../../../arm-none-eabi/lib/thumb/v6-m\libc.a(lib_a-memchr-stub.o)
                0x0000bc30                memchr
 .text.__malloc_lock
                0x0000bcb0       0x10 c:/program files (x86)/atmel/studio/7.0/toolchain/arm/arm-gnu-toolchain/bin/../lib/gcc/arm-none-eabi/6.3.1/../../../../arm-none-eabi/lib/thumb/v6-m\libc.a(lib_a-mlock.o)
                0x0000bcb0                __malloc_lock
 .text.__malloc_unlock
                0x0000bcc0       0x10 c:/program files (x86)/atmel/studio/7.0/toolchain/arm/arm-gnu-toolchain/bin/../lib/gcc/arm-none-eabi/6.3.1/../../../../arm-none-eabi/lib/thumb/v6-m\libc.a(lib_a-mlock.o)
                0x0000bcc0                __malloc_unlock
 .text._Balloc  0x0000bcd0       0x50 c:/program files (x86)/atmel/studio/7.0/toolchain/arm/arm-gnu-toolchain/bin/../lib/gcc/arm-none-eabi/6.3.1/../../../../arm-none-eabi/lib/thumb/v6-m\libc.a(lib_a-mprec.o)
                0x0000bcd0                _Balloc
 .text._Bfree   0x0000bd20       0x14 c:/program files (x86)/atmel/studio/7.0/toolchain/arm/arm-gnu-toolchain/bin/../lib/gcc/arm-none-eabi/6.3.1/../../../../arm-none-eabi/lib/thumb/v6-m\libc.a(lib_a-mprec.o)
                0x0000bd20                _Bfree
 .text.__multadd
                0x0000bd34       0x8c c:/program files (x86)/atmel/studio/7.0/toolchain/arm/arm-gnu-toolchain/bin/../lib/gcc/arm-none-eabi/6.3.1/../../../../arm-none-eabi/lib/thumb/v6-m\libc.a(lib_a-mprec.o)
                0x0000bd34                __multadd
 .text.__s2b    0x0000bdc0       0x94 c:/program files (x86)/atmel/studio/7.0/toolchain/arm/arm-gnu-toolchain/bin/../lib/gcc/arm-none-eabi/6.3.1/../../../../arm-none-eabi/lib/thumb/v6-m\libc.a(lib_a-mprec.o)
                0x0000bdc0                __s2b
 .text.__hi0bits
                0x0000be54       0x34 c:/program files (x86)/atmel/studio/7.0/toolchain/arm/arm-gnu-toolchain/bin/../lib/gcc/arm-none-eabi/6.3.1/../../../../arm-none-eabi/lib/thumb/v6-m\libc.a(lib_a-mprec.o)
                0x0000be54                __hi0bits
 .text.__lo0bits
                0x0000be88       0x5c c:/program files (x86)/atmel/studio/7.0/toolchain/arm/arm-gnu-toolchain/bin/../lib/gcc/arm-none-eabi/6.3.1/../../../../arm-none-eabi/lib/thumb/v6-m\libc.a(lib_a-mprec.o)
                0x0000be88                __lo0bits
 .text.__i2b    0x0000bee4       0x14 c:/program files (x86)/atmel/studio/7.0/toolchain/arm/arm-gnu-toolchain/bin/../lib/gcc/arm-none-eabi/6.3.1/../../../../arm-none-eabi/lib/thumb/v6-m\libc.a(lib_a-mprec.o)
                0x0000bee4                __i2b
 .text.__multiply
                0x0000bef8      0x154 c:/program files (x86)/atmel/studio/7.0/toolchain/arm/arm-gnu-toolchain/bin/../lib/gcc/arm-none-eabi/6.3.1/../../../../arm-none-eabi/lib/thumb/v6-m\libc.a(lib_a-mprec.o)
                0x0000bef8                __multiply
 .text.__pow5mult
                0x0000c04c       0xc0 c:/program files (x86)/atmel/studio/7.0/toolchain/arm/arm-gnu-toolchain/bin/../lib/gcc/arm-none-eabi/6.3.1/../../../../arm-none-eabi/lib/thumb/v6-m\libc.a(lib_a-mprec.o)
                0x0000c04c                __pow5mult
 .text.__lshift
                0x0000c10c       0xc0 c:/program files (x86)/atmel/studio/7.0/toolchain/arm/arm-gnu-toolchain/bin/../lib/gcc/arm-none-eabi/6.3.1/../../../../arm-none-eabi/lib/thumb/v6-m\libc.a(lib_a-mprec.o)
                0x0000c10c                __lshift
 .text.__mcmp   0x0000c1cc       0x34 c:/program files (x86)/atmel/studio/7.0/toolchain/arm/arm-gnu-toolchain/bin/../lib/gcc/arm-none-eabi/6.3.1/../../../../arm-none-eabi/lib/thumb/v6-m\libc.a(lib_a-mprec.o)
                0x0000c1cc                __mcmp
 .text.__mdiff  0x0000c200      0x138 c:/program files (x86)/atmel/studio/7.0/toolchain/arm/arm-gnu-toolchain/bin/../lib/gcc/arm-none-eabi/6.3.1/../../../../arm-none-eabi/lib/thumb/v6-m\libc.a(lib_a-mprec.o)
                0x0000c200                __mdiff
 .text.__ulp    0x0000c338       0x4c c:/program files (x86)/atmel/studio/7.0/toolchain/arm/arm-gnu-toolchain/bin/../lib/gcc/arm-none-eabi/6.3.1/../../../../arm-none-eabi/lib/thumb/v6-m\libc.a(lib_a-mprec.o)
                0x0000c338                __ulp
 .text.__b2d    0x0000c384       0xd8 c:/program files (x86)/atmel/studio/7.0/toolchain/arm/arm-gnu-toolchain/bin/../lib/gcc/arm-none-eabi/6.3.1/../../../../arm-none-eabi/lib/thumb/v6-m\libc.a(lib_a-mprec.o)
                0x0000c384                __b2d
 .text.__d2b    0x0000c45c       0xbc c:/program files (x86)/atmel/studio/7.0/toolchain/arm/arm-gnu-toolchain/bin/../lib/gcc/arm-none-eabi/6.3.1/../../../../arm-none-eabi/lib/thumb/v6-m\libc.a(lib_a-mprec.o)
                0x0000c45c                __d2b
 .text.__ratio  0x0000c518       0x74 c:/program files (x86)/atmel/studio/7.0/toolchain/arm/arm-gnu-toolchain/bin/../lib/gcc/arm-none-eabi/6.3.1/../../../../arm-none-eabi/lib/thumb/v6-m\libc.a(lib_a-mprec.o)
                0x0000c518                __ratio
 .text.__copybits
                0x0000c58c       0x40 c:/program files (x86)/atmel/studio/7.0/toolchain/arm/arm-gnu-toolchain/bin/../lib/gcc/arm-none-eabi/6.3.1/../../../../arm-none-eabi/lib/thumb/v6-m\libc.a(lib_a-mprec.o)
                0x0000c58c                __copybits
 .text.__any_on
                0x0000c5cc       0x60 c:/program files (x86)/atmel/studio/7.0/toolchain/arm/arm-gnu-toolchain/bin/../lib/gcc/arm-none-eabi/6.3.1/../../../../arm-none-eabi/lib/thumb/v6-m\libc.a(lib_a-mprec.o)
                0x0000c5cc                __any_on
 .text._sbrk_r  0x0000c62c       0x24 c:/program files (x86)/atmel/studio/7.0/toolchain/arm/arm-gnu-toolchain/bin/../lib/gcc/arm-none-eabi/6.3.1/../../../../arm-none-eabi/lib/thumb/v6-m\libc.a(lib_a-sbrkr.o)
                0x0000c62c                _sbrk_r
 .text.__sccl   0x0000c650       0x6c c:/program files (x86)/atmel/studio/7.0/toolchain/arm/arm-gnu-toolchain/bin/../lib/gcc/arm-none-eabi/6.3.1/../../../../arm-none-eabi/lib/thumb/v6-m\libc.a(lib_a-sccl.o)
                0x0000c650                __sccl
 .text.nanf     0x0000c6bc        0x8 c:/program files (x86)/atmel/studio/7.0/toolchain/arm/arm-gnu-toolchain/bin/../lib/gcc/arm-none-eabi/6.3.1/../../../../arm-none-eabi/lib/thumb/v6-m\libc.a(lib_a-sf_nan.o)
                0x0000c6bc                nanf
 .text.sprintf  0x0000c6c4       0x44 c:/program files (x86)/atmel/studio/7.0/toolchain/arm/arm-gnu-toolchain/bin/../lib/gcc/arm-none-eabi/6.3.1/../../../../arm-none-eabi/lib/thumb/v6-m\libc.a(lib_a-sprintf.o)
                0x0000c6c4                sprintf
 .text.unlikely.sulp
                0x0000c708       0x30 c:/program files (x86)/atmel/studio/7.0/toolchain/arm/arm-gnu-toolchain/bin/../lib/gcc/arm-none-eabi/6.3.1/../../../../arm-none-eabi/lib/thumb/v6-m\libc.a(lib_a-strtod.o)
 .text._strtod_l
                0x0000c738      0xe98 c:/program files (x86)/atmel/studio/7.0/toolchain/arm/arm-gnu-toolchain/bin/../lib/gcc/arm-none-eabi/6.3.1/../../../../arm-none-eabi/lib/thumb/v6-m\libc.a(lib_a-strtod.o)
                0x0000c738                _strtod_l
 .text._strtod_r
                0x0000d5d0       0x20 c:/program files (x86)/atmel/studio/7.0/toolchain/arm/arm-gnu-toolchain/bin/../lib/gcc/arm-none-eabi/6.3.1/../../../../arm-none-eabi/lib/thumb/v6-m\libc.a(lib_a-strtod.o)
                0x0000d5d0                _strtod_r
 .text._strtoll_l.isra.0
                0x0000d5f0      0x1bc c:/program files (x86)/atmel/studio/7.0/toolchain/arm/arm-gnu-toolchain/bin/../lib/gcc/arm-none-eabi/6.3.1/../../../../arm-none-eabi/lib/thumb/v6-m\libc.a(lib_a-strtoll.o)
 .text._strtoll_r
                0x0000d7ac       0x24 c:/program files (x86)/atmel/studio/7.0/toolchain/arm/arm-gnu-toolchain/bin/../lib/gcc/arm-none-eabi/6.3.1/../../../../arm-none-eabi/lib/thumb/v6-m\libc.a(lib_a-strtoll.o)
                0x0000d7ac                _strtoll_r
 .text._strtoul_l.isra.0
                0x0000d7d0      0x14c c:/program files (x86)/atmel/studio/7.0/toolchain/arm/arm-gnu-toolchain/bin/../lib/gcc/arm-none-eabi/6.3.1/../../../../arm-none-eabi/lib/thumb/v6-m\libc.a(lib_a-strtoul.o)
 .text._strtoul_r
                0x0000d91c       0x24 c:/program files (x86)/atmel/studio/7.0/toolchain/arm/arm-gnu-toolchain/bin/../lib/gcc/arm-none-eabi/6.3.1/../../../../arm-none-eabi/lib/thumb/v6-m\libc.a(lib_a-strtoul.o)
                0x0000d91c                _strtoul_r
 .text._strtoull_l.isra.0
                0x0000d940      0x1c4 c:/program files (x86)/atmel/studio/7.0/toolchain/arm/arm-gnu-toolchain/bin/../lib/gcc/arm-none-eabi/6.3.1/../../../../arm-none-eabi/lib/thumb/v6-m\libc.a(lib_a-strtoull.o)
 .text._strtoull_r
                0x0000db04       0x24 c:/program files (x86)/atmel/studio/7.0/toolchain/arm/arm-gnu-toolchain/bin/../lib/gcc/arm-none-eabi/6.3.1/../../../../arm-none-eabi/lib/thumb/v6-m\libc.a(lib_a-strtoull.o)
                0x0000db04                _strtoull_r
 .text.__ssprint_r
                0x0000db28      0x120 c:/program files (x86)/atmel/studio/7.0/toolchain/arm/arm-gnu-toolchain/bin/../lib/gcc/arm-none-eabi/6.3.1/../../../../arm-none-eabi/lib/thumb/v6-m\libc.a(lib_a-svfiprintf.o)
                0x0000db28                __ssprint_r
 .text._sungetc_r
                0x0000dc48       0x84 c:/program files (x86)/atmel/studio/7.0/toolchain/arm/arm-gnu-toolchain/bin/../lib/gcc/arm-none-eabi/6.3.1/../../../../arm-none-eabi/lib/thumb/v6-m\libc.a(lib_a-svfiscanf.o)
                0x0000dc48                _sungetc_r
 .text.__ssrefill_r
                0x0000dccc       0x40 c:/program files (x86)/atmel/studio/7.0/toolchain/arm/arm-gnu-toolchain/bin/../lib/gcc/arm-none-eabi/6.3.1/../../../../arm-none-eabi/lib/thumb/v6-m\libc.a(lib_a-svfiscanf.o)
                0x0000dccc                __ssrefill_r
 .text._sfread_r
                0x0000dd0c       0x90 c:/program files (x86)/atmel/studio/7.0/toolchain/arm/arm-gnu-toolchain/bin/../lib/gcc/arm-none-eabi/6.3.1/../../../../arm-none-eabi/lib/thumb/v6-m\libc.a(lib_a-svfiscanf.o)
                0x0000dd0c                _sfread_r
 .text.__submore
                0x0000dd9c       0x84 c:/program files (x86)/atmel/studio/7.0/toolchain/arm/arm-gnu-toolchain/bin/../lib/gcc/arm-none-eabi/6.3.1/../../../../arm-none-eabi/lib/thumb/v6-m\libc.a(lib_a-ungetc.o)
                0x0000dd9c                __submore
 .text.__ascii_wctomb
                0x0000de20       0x1c c:/program files (x86)/atmel/studio/7.0/toolchain/arm/arm-gnu-toolchain/bin/../lib/gcc/arm-none-eabi/6.3.1/../../../../arm-none-eabi/lib/thumb/v6-m\libc.a(lib_a-wctomb_r.o)
                0x0000de20                __ascii_wctomb
 .text.__register_exitproc
                0x0000de3c       0xf4 c:/program files (x86)/atmel/studio/7.0/toolchain/arm/arm-gnu-toolchain/bin/../lib/gcc/arm-none-eabi/6.3.1/../../../../arm-none-eabi/lib/thumb/v6-m\libc.a(lib_a-__atexit.o)
                0x0000de3c                __register_exitproc
 .text._calloc_r
                0x0000df30       0x58 c:/program files (x86)/atmel/studio/7.0/toolchain/arm/arm-gnu-toolchain/bin/../lib/gcc/arm-none-eabi/6.3.1/../../../../arm-none-eabi/lib/thumb/v6-m\libc.a(lib_a-callocr.o)
                0x0000df30                _calloc_r
 .text.rshift   0x0000df88       0xac c:/program files (x86)/atmel/studio/7.0/toolchain/arm/arm-gnu-toolchain/bin/../lib/gcc/arm-none-eabi/6.3.1/../../../../arm-none-eabi/lib/thumb/v6-m\libc.a(lib_a-gdtoa-gethex.o)
 .text.__gethex
                0x0000e034      0x528 c:/program files (x86)/atmel/studio/7.0/toolchain/arm/arm-gnu-toolchain/bin/../lib/gcc/arm-none-eabi/6.3.1/../../../../arm-none-eabi/lib/thumb/v6-m\libc.a(lib_a-gdtoa-gethex.o)
                0x0000e034                __gethex
 .text.__match  0x0000e55c       0x2c c:/program files (x86)/atmel/studio/7.0/toolchain/arm/arm-gnu-toolchain/bin/../lib/gcc/arm-none-eabi/6.3.1/../../../../arm-none-eabi/lib/thumb/v6-m\libc.a(lib_a-gdtoa-hexnan.o)
                0x0000e55c                __match
 .text.__hexnan
                0x0000e588      0x1a8 c:/program files (x86)/atmel/studio/7.0/toolchain/arm/arm-gnu-toolchain/bin/../lib/gcc/arm-none-eabi/6.3.1/../../../../arm-none-eabi/lib/thumb/v6-m\libc.a(lib_a-gdtoa-hexnan.o)
                0x0000e588                __hexnan
 .text.memmove  0x0000e730       0xa0 c:/program files (x86)/atmel/studio/7.0/toolchain/arm/arm-gnu-toolchain/bin/../lib/gcc/arm-none-eabi/6.3.1/../../../../arm-none-eabi/lib/thumb/v6-m\libc.a(lib_a-memmove.o)
                0x0000e730                memmove
 .text._realloc_r
                0x0000e7d0      0x37c c:/program files (x86)/atmel/studio/7.0/toolchain/arm/arm-gnu-toolchain/bin/../lib/gcc/arm-none-eabi/6.3.1/../../../../arm-none-eabi/lib/thumb/v6-m\libc.a(lib_a-reallocr.o)
                0x0000e7d0                _realloc_r
 .text.strncmp  0x0000eb4c       0x94 c:/program files (x86)/atmel/studio/7.0/toolchain/arm/arm-gnu-toolchain/bin/../lib/gcc/arm-none-eabi/6.3.1/../../../../arm-none-eabi/lib/thumb/v6-m\libc.a(lib_a-strncmp.o)
                0x0000eb4c                strncmp
 .text          0x0000ebe0      0x620 c:/program files (x86)/atmel/studio/7.0/toolchain/arm/arm-gnu-toolchain/bin/../lib/gcc/arm-none-eabi/6.3.1/thumb/v6-m\libgcc.a(adddf3.o)
                0x0000ebe0                __aeabi_dadd
 .text          0x0000f200       0x40 c:/program files (x86)/atmel/studio/7.0/toolchain/arm/arm-gnu-toolchain/bin/../lib/gcc/arm-none-eabi/6.3.1/thumb/v6-m\libgcc.a(unorddf2.o)
                0x0000f200                __aeabi_dcmpun
 *(.glue_7t)
 .glue_7t       0x0000f240        0x0 linker stubs
 *(.glue_7)
 .glue_7        0x0000f240        0x0 linker stubs
 *(.rodata .rodata* .gnu.linkonce.r.*)
 .rodata.i2c_m_sync_init.str1.4
                0x0000f240       0x1c hal/src/hal_i2c_m_sync.o
 .rodata.io_write.str1.4
                0x0000f25c       0x14 hal/src/hal_io.o
 .rodata.pwm_init.str1.4
                0x0000f270       0x15 hal/src/hal_pwm.o
 *fill*         0x0000f285        0x3 
 .rodata.spi_m_sync_set_func_ptr.str1.4
                0x0000f288       0x1c hal/src/hal_spi_m_sync.o
 .rodata.timer_init.str1.4
                0x0000f2a4       0x17 hal/src/hal_timer.o
 *fill*         0x0000f2bb        0x1 
 .rodata.usart_sync_write.str1.4
                0x0000f2bc       0x1c hal/src/hal_usart_sync.o
 .rodata.list_insert_as_head.str1.4
                0x0000f2d8       0x1e hal/utils/src/utils_list.o
 *fill*         0x0000f2f6        0x2 
 .rodata.EIC_Handler.str1.4
                0x0000f2f8       0x15 hpl/eic/hpl_eic.o
 *fill*         0x0000f30d        0x3 
 .rodata._map   0x0000f310        0x8 hpl/eic/hpl_eic.o
 .rodata._timer_init.str1.4
                0x0000f318       0x15 hpl/rtc/hpl_rtc.o
 *fill*         0x0000f32d        0x3 
 .rodata._get_sercom_index.str1.4
                0x0000f330       0x1b hpl/sercom/hpl_sercom.o
 *fill*         0x0000f34b        0x1 
 .rodata._i2cms
                0x0000f34c       0x18 hpl/sercom/hpl_sercom.o
 .rodata._usarts
                0x0000f364       0x10 hpl/sercom/hpl_sercom.o
 .rodata.sercomspi_regs
                0x0000f374       0x20 hpl/sercom/hpl_sercom.o
 .rodata.get_tc_index.str1.4
                0x0000f394       0x13 hpl/tc/hpl_tc.o
 *fill*         0x0000f3a7        0x1 
 .rodata.getsockopt
                0x0000f3a8       0x34 libs/ethernet/socket.o
 .rodata.ctlnetwork
                0x0000f3dc       0x18 libs/ethernet/wizchip_conf.o
 .rodata.ExCvt  0x0000f3f4       0x80 libs/sdcard/ff.o
 .rodata.check_fs.str1.4
                0x0000f474        0x9 libs/sdcard/ff.o
 *fill*         0x0000f47d        0x3 
 .rodata.create_name.str1.4
                0x0000f480        0xf libs/sdcard/ff.o
 *fill*         0x0000f48f        0x1 
 .rodata.favicon_ico
                0x0000f490      0x582 main.o
                0x0000f490                favicon_ico
 *fill*         0x0000fa12        0x2 
 .rodata.main.str1.4
                0x0000fa14      0x1c4 main.o
                                0x1c8 (size before relaxing)
 .rodata.psu_page
                0x0000fbd8     0x1db0 main.o
                0x0000fbd8                psu_page
 .rodata        0x00011988       0x40 c:/program files (x86)/atmel/studio/7.0/toolchain/arm/arm-gnu-toolchain/bin/../lib/gcc/arm-none-eabi/6.3.1/thumb/v6-m\libgcc.a(mulsf3.o)
 .rodata        0x000119c8       0x40 c:/program files (x86)/atmel/studio/7.0/toolchain/arm/arm-gnu-toolchain/bin/../lib/gcc/arm-none-eabi/6.3.1/thumb/v6-m\libgcc.a(divdf3.o)
 .rodata        0x00011a08       0x40 c:/program files (x86)/atmel/studio/7.0/toolchain/arm/arm-gnu-toolchain/bin/../lib/gcc/arm-none-eabi/6.3.1/thumb/v6-m\libgcc.a(muldf3.o)
 .rodata._global_impure_ptr
                0x00011a48        0x4 c:/program files (x86)/atmel/studio/7.0/toolchain/arm/arm-gnu-toolchain/bin/../lib/gcc/arm-none-eabi/6.3.1/../../../../arm-none-eabi/lib/thumb/v6-m\libc.a(lib_a-impure.o)
                0x00011a48                _global_impure_ptr
 .rodata._svfprintf_r
                0x00011a4c      0x164 c:/program files (x86)/atmel/studio/7.0/toolchain/arm/arm-gnu-toolchain/bin/../lib/gcc/arm-none-eabi/6.3.1/../../../../arm-none-eabi/lib/thumb/v6-m\libc.a(lib_a-svfprintf.o)
 .rodata._svfprintf_r.str1.4
                0x00011bb0       0x42 c:/program files (x86)/atmel/studio/7.0/toolchain/arm/arm-gnu-toolchain/bin/../lib/gcc/arm-none-eabi/6.3.1/../../../../arm-none-eabi/lib/thumb/v6-m\libc.a(lib_a-svfprintf.o)
 *fill*         0x00011bf2        0x2 
 .rodata.blanks.7223
                0x00011bf4       0x10 c:/program files (x86)/atmel/studio/7.0/toolchain/arm/arm-gnu-toolchain/bin/../lib/gcc/arm-none-eabi/6.3.1/../../../../arm-none-eabi/lib/thumb/v6-m\libc.a(lib_a-svfprintf.o)
 .rodata.zeroes.7224
                0x00011c04       0x10 c:/program files (x86)/atmel/studio/7.0/toolchain/arm/arm-gnu-toolchain/bin/../lib/gcc/arm-none-eabi/6.3.1/../../../../arm-none-eabi/lib/thumb/v6-m\libc.a(lib_a-svfprintf.o)
 .rodata.__ssvfscanf_r
                0x00011c14      0x458 c:/program files (x86)/atmel/studio/7.0/toolchain/arm/arm-gnu-toolchain/bin/../lib/gcc/arm-none-eabi/6.3.1/../../../../arm-none-eabi/lib/thumb/v6-m\libc.a(lib_a-svfscanf.o)
 .rodata.__ssvfscanf_r.str1.4
                0x0001206c        0x5 c:/program files (x86)/atmel/studio/7.0/toolchain/arm/arm-gnu-toolchain/bin/../lib/gcc/arm-none-eabi/6.3.1/../../../../arm-none-eabi/lib/thumb/v6-m\libc.a(lib_a-svfscanf.o)
 *fill*         0x00012071        0x3 
 .rodata.basefix.7294
                0x00012074       0x22 c:/program files (x86)/atmel/studio/7.0/toolchain/arm/arm-gnu-toolchain/bin/../lib/gcc/arm-none-eabi/6.3.1/../../../../arm-none-eabi/lib/thumb/v6-m\libc.a(lib_a-svfscanf.o)
 *fill*         0x00012096        0x2 
 .rodata._dtoa_r.str1.4
                0x00012098       0x10 c:/program files (x86)/atmel/studio/7.0/toolchain/arm/arm-gnu-toolchain/bin/../lib/gcc/arm-none-eabi/6.3.1/../../../../arm-none-eabi/lib/thumb/v6-m\libc.a(lib_a-dtoa.o)
                                 0x12 (size before relaxing)
 .rodata._setlocale_r.str1.4
                0x000120a8        0xa c:/program files (x86)/atmel/studio/7.0/toolchain/arm/arm-gnu-toolchain/bin/../lib/gcc/arm-none-eabi/6.3.1/../../../../arm-none-eabi/lib/thumb/v6-m\libc.a(lib_a-locale.o)
                                  0xd (size before relaxing)
 *fill*         0x000120b2        0x2 
 .rodata.str1.4
                0x000120b4        0x2 c:/program files (x86)/atmel/studio/7.0/toolchain/arm/arm-gnu-toolchain/bin/../lib/gcc/arm-none-eabi/6.3.1/../../../../arm-none-eabi/lib/thumb/v6-m\libc.a(lib_a-locale.o)
 .rodata._mbrtowc_r.str1.4
                0x000120b6        0x1 c:/program files (x86)/atmel/studio/7.0/toolchain/arm/arm-gnu-toolchain/bin/../lib/gcc/arm-none-eabi/6.3.1/../../../../arm-none-eabi/lib/thumb/v6-m\libc.a(lib_a-mbrtowc.o)
 *fill*         0x000120b6        0x2 
 .rodata.__mprec_bigtens
                0x000120b8       0x28 c:/program files (x86)/atmel/studio/7.0/toolchain/arm/arm-gnu-toolchain/bin/../lib/gcc/arm-none-eabi/6.3.1/../../../../arm-none-eabi/lib/thumb/v6-m\libc.a(lib_a-mprec.o)
                0x000120b8                __mprec_bigtens
 .rodata.__mprec_tens
                0x000120e0       0xc8 c:/program files (x86)/atmel/studio/7.0/toolchain/arm/arm-gnu-toolchain/bin/../lib/gcc/arm-none-eabi/6.3.1/../../../../arm-none-eabi/lib/thumb/v6-m\libc.a(lib_a-mprec.o)
                0x000120e0                __mprec_tens
 .rodata.p05.6055
                0x000121a8        0xc c:/program files (x86)/atmel/studio/7.0/toolchain/arm/arm-gnu-toolchain/bin/../lib/gcc/arm-none-eabi/6.3.1/../../../../arm-none-eabi/lib/thumb/v6-m\libc.a(lib_a-mprec.o)
 .rodata._strtod_l
                0x000121b4       0xd0 c:/program files (x86)/atmel/studio/7.0/toolchain/arm/arm-gnu-toolchain/bin/../lib/gcc/arm-none-eabi/6.3.1/../../../../arm-none-eabi/lib/thumb/v6-m\libc.a(lib_a-strtod.o)
 .rodata._strtod_l.str1.4
                0x00012284       0x10 c:/program files (x86)/atmel/studio/7.0/toolchain/arm/arm-gnu-toolchain/bin/../lib/gcc/arm-none-eabi/6.3.1/../../../../arm-none-eabi/lib/thumb/v6-m\libc.a(lib_a-strtod.o)
                                  0xf (size before relaxing)
 .rodata.fpi.6141
                0x00012294       0x14 c:/program files (x86)/atmel/studio/7.0/toolchain/arm/arm-gnu-toolchain/bin/../lib/gcc/arm-none-eabi/6.3.1/../../../../arm-none-eabi/lib/thumb/v6-m\libc.a(lib_a-strtod.o)
 .rodata.fpinan.6177
                0x000122a8       0x14 c:/program files (x86)/atmel/studio/7.0/toolchain/arm/arm-gnu-toolchain/bin/../lib/gcc/arm-none-eabi/6.3.1/../../../../arm-none-eabi/lib/thumb/v6-m\libc.a(lib_a-strtod.o)
 *fill*         0x000122bc        0x4 
 .rodata.tinytens
                0x000122c0       0x28 c:/program files (x86)/atmel/studio/7.0/toolchain/arm/arm-gnu-toolchain/bin/../lib/gcc/arm-none-eabi/6.3.1/../../../../arm-none-eabi/lib/thumb/v6-m\libc.a(lib_a-strtod.o)
 .rodata._ctype_
                0x000122e8      0x101 c:/program files (x86)/atmel/studio/7.0/toolchain/arm/arm-gnu-toolchain/bin/../lib/gcc/arm-none-eabi/6.3.1/../../../../arm-none-eabi/lib/thumb/v6-m\libc.a(lib_a-ctype_.o)
                0x000122e8                _ctype_
 *fill*         0x000123e9        0x3 
 .rodata.__hexdig
                0x000123ec      0x100 c:/program files (x86)/atmel/studio/7.0/toolchain/arm/arm-gnu-toolchain/bin/../lib/gcc/arm-none-eabi/6.3.1/../../../../arm-none-eabi/lib/thumb/v6-m\libc.a(lib_a-gdtoa-gethex.o)
                0x000123ec                __hexdig
 *(.ARM.extab* .gnu.linkonce.armextab.*)
                0x000124ec                . = ALIGN (0x4)
 *(.init)
 .init          0x000124ec        0x4 c:/program files (x86)/atmel/studio/7.0/toolchain/arm/arm-gnu-toolchain/bin/../lib/gcc/arm-none-eabi/6.3.1/thumb/v6-m/crti.o
                0x000124ec                _init
 .init          0x000124f0        0x8 c:/program files (x86)/atmel/studio/7.0/toolchain/arm/arm-gnu-toolchain/bin/../lib/gcc/arm-none-eabi/6.3.1/thumb/v6-m/crtn.o
                0x000124f8                . = ALIGN (0x4)
                0x000124f8                __preinit_array_start = .
 *(.preinit_array)
                0x000124f8                __preinit_array_end = .
                0x000124f8                . = ALIGN (0x4)
                0x000124f8                __init_array_start = .
 *(SORT(.init_array.*))
 .init_array.00000
                0x000124f8        0x4 c:/program files (x86)/atmel/studio/7.0/toolchain/arm/arm-gnu-toolchain/bin/../lib/gcc/arm-none-eabi/6.3.1/../../../../arm-none-eabi/lib/thumb/v6-m\libc.a(lib_a-__call_atexit.o)
 *(.init_array)
 .init_array    0x000124fc        0x4 c:/program files (x86)/atmel/studio/7.0/toolchain/arm/arm-gnu-toolchain/bin/../lib/gcc/arm-none-eabi/6.3.1/thumb/v6-m/crtbegin.o
                0x00012500                __init_array_end = .
                0x00012500                . = ALIGN (0x4)
 *crtbegin.o(.ctors)
 *(EXCLUDE_FILE(*crtend.o) .ctors)
 *(SORT(.ctors.*))
 *crtend.o(.ctors)
                0x00012500                . = ALIGN (0x4)
 *(.fini)
 .fini          0x00012500        0x4 c:/program files (x86)/atmel/studio/7.0/toolchain/arm/arm-gnu-toolchain/bin/../lib/gcc/arm-none-eabi/6.3.1/thumb/v6-m/crti.o
                0x00012500                _fini
 .fini          0x00012504        0x8 c:/program files (x86)/atmel/studio/7.0/toolchain/arm/arm-gnu-toolchain/bin/../lib/gcc/arm-none-eabi/6.3.1/thumb/v6-m/crtn.o
                0x0001250c                . = ALIGN (0x4)
                0x0001250c                __fini_array_start = .
 *(.fini_array)
 .fini_array    0x0001250c        0x4 c:/program files (x86)/atmel/studio/7.0/toolchain/arm/arm-gnu-toolchain/bin/../lib/gcc/arm-none-eabi/6.3.1/thumb/v6-m/crtbegin.o
 *(SORT(.fini_array.*))
                0x00012510                __fini_array_end = .
 *crtbegin.o(.dtors)
 *(EXCLUDE_FILE(*crtend.o) .dtors)
 *(SORT(.dtors.*))
 *crtend.o(.dtors)
                0x00012510                . = ALIGN (0x4)
                0x00012510                _efixed = .
                [!provide]                PROVIDE (__exidx_start, .)

.vfp11_veneer   0x00012510        0x0
 .vfp11_veneer  0x00012510        0x0 linker stubs

.v4_bx          0x00012510        0x0
 .v4_bx         0x00012510        0x0 linker stubs

.iplt           0x00012510        0x0
 .iplt          0x00012510        0x0 c:/program files (x86)/atmel/studio/7.0/toolchain/arm/arm-gnu-toolchain/bin/../lib/gcc/arm-none-eabi/6.3.1/thumb/v6-m/crtbegin.o

.ARM.exidx      0x00012510        0x8
 *(.ARM.exidx* .gnu.linkonce.armexidx.*)
 .ARM.exidx     0x00012510        0x8 c:/program files (x86)/atmel/studio/7.0/toolchain/arm/arm-gnu-toolchain/bin/../lib/gcc/arm-none-eabi/6.3.1/thumb/v6-m\libgcc.a(_udivmoddi4.o)
                [!provide]                PROVIDE (__exidx_end, .)

.eh_frame       0x00012518        0x0
 .eh_frame      0x00012518        0x0 c:/program files (x86)/atmel/studio/7.0/toolchain/arm/arm-gnu-toolchain/bin/../lib/gcc/arm-none-eabi/6.3.1/thumb/v6-m/crtbegin.o

.rel.dyn        0x00012518        0x0
 .rel.iplt      0x00012518        0x0 c:/program files (x86)/atmel/studio/7.0/toolchain/arm/arm-gnu-toolchain/bin/../lib/gcc/arm-none-eabi/6.3.1/thumb/v6-m/crtbegin.o

.jcr            0x00012518        0x0
 .jcr           0x00012518        0x0 c:/program files (x86)/atmel/studio/7.0/toolchain/arm/arm-gnu-toolchain/bin/../lib/gcc/arm-none-eabi/6.3.1/thumb/v6-m/crtbegin.o

.igot.plt       0x00012518        0x0
 .igot.plt      0x00012518        0x0 c:/program files (x86)/atmel/studio/7.0/toolchain/arm/arm-gnu-toolchain/bin/../lib/gcc/arm-none-eabi/6.3.1/thumb/v6-m/crtbegin.o
                0x00012518                . = ALIGN (0x4)
                0x00012518                _etext = .

.relocate       0x20000000      0xa50 load address 0x00012518
                0x20000000                . = ALIGN (0x4)
                0x20000000                _srelocate = .
 *(.ramfunc .ramfunc.*)
 *(.data .data.*)
 .data._tcs     0x20000000       0x28 hpl/tc/hpl_tc.o
 .data.sock_any_port
                0x20000028        0x2 libs/ethernet/socket.o
 *fill*         0x2000002a        0x2 
 .data.WIZCHIP  0x2000002c       0x2c libs/ethernet/wizchip_conf.o
                0x2000002c                WIZCHIP
 .data.Stat     0x20000058        0x1 libs/sdcard/sdmm.o
 *fill*         0x20000059        0x1 
 .data.UdpRxPort
                0x2000005a        0x2 main.o
                0x2000005a                UdpRxPort
 .data.UdpRxSockNum
                0x2000005c        0x1 main.o
                0x2000005c                UdpRxSockNum
 *fill*         0x2000005d        0x1 
 .data.UdpTxPort
                0x2000005e        0x2 main.o
                0x2000005e                UdpTxPort
 .data.amp      0x20000060        0x4 main.o
                0x20000060                amp
 .data.ampDMM   0x20000064        0x4 main.o
                0x20000064                ampDMM
 .data.netInfo  0x20000068       0x17 main.o
                0x20000068                netInfo
 .data.outState
                0x2000007f        0x1 main.o
                0x2000007f                outState
 .data.rx_tx_buff_sizes
                0x20000080        0x8 main.o
                0x20000080                rx_tx_buff_sizes
 .data.socketPort
                0x20000088       0x10 main.o
                0x20000088                socketPort
 .data.volt     0x20000098        0x4 main.o
                0x20000098                volt
 .data.voltDMM  0x2000009c        0x4 main.o
                0x2000009c                voltDMM
 .data._impure_ptr
                0x200000a0        0x4 c:/program files (x86)/atmel/studio/7.0/toolchain/arm/arm-gnu-toolchain/bin/../lib/gcc/arm-none-eabi/6.3.1/../../../../arm-none-eabi/lib/thumb/v6-m\libc.a(lib_a-impure.o)
                0x200000a0                _impure_ptr
 *fill*         0x200000a4        0x4 
 .data.impure_data
                0x200000a8      0x428 c:/program files (x86)/atmel/studio/7.0/toolchain/arm/arm-gnu-toolchain/bin/../lib/gcc/arm-none-eabi/6.3.1/../../../../arm-none-eabi/lib/thumb/v6-m\libc.a(lib_a-impure.o)
 .data.__atexit_recursive_mutex
                0x200004d0        0x4 c:/program files (x86)/atmel/studio/7.0/toolchain/arm/arm-gnu-toolchain/bin/../lib/gcc/arm-none-eabi/6.3.1/../../../../arm-none-eabi/lib/thumb/v6-m\libc.a(lib_a-__call_atexit.o)
                0x200004d0                __atexit_recursive_mutex
 .data.__global_locale
                0x200004d4      0x16c c:/program files (x86)/atmel/studio/7.0/toolchain/arm/arm-gnu-toolchain/bin/../lib/gcc/arm-none-eabi/6.3.1/../../../../arm-none-eabi/lib/thumb/v6-m\libc.a(lib_a-locale.o)
                0x200004d4                __global_locale
 .data.__malloc_av_
                0x20000640      0x408 c:/program files (x86)/atmel/studio/7.0/toolchain/arm/arm-gnu-toolchain/bin/../lib/gcc/arm-none-eabi/6.3.1/../../../../arm-none-eabi/lib/thumb/v6-m\libc.a(lib_a-mallocr.o)
                0x20000640                __malloc_av_
 .data.__malloc_sbrk_base
                0x20000a48        0x4 c:/program files (x86)/atmel/studio/7.0/toolchain/arm/arm-gnu-toolchain/bin/../lib/gcc/arm-none-eabi/6.3.1/../../../../arm-none-eabi/lib/thumb/v6-m\libc.a(lib_a-mallocr.o)
                0x20000a48                __malloc_sbrk_base
 .data.__malloc_trim_threshold
                0x20000a4c        0x4 c:/program files (x86)/atmel/studio/7.0/toolchain/arm/arm-gnu-toolchain/bin/../lib/gcc/arm-none-eabi/6.3.1/../../../../arm-none-eabi/lib/thumb/v6-m\libc.a(lib_a-mallocr.o)
                0x20000a4c                __malloc_trim_threshold
                0x20000a50                . = ALIGN (0x4)
                0x20000a50                _erelocate = .

.bss            0x20000a50      0xc90 load address 0x00012f68
                0x20000a50                . = ALIGN (0x4)
                0x20000a50                _sbss = .
                0x20000a50                _szero = .
 *(.bss .bss.*)
 .bss           0x20000a50       0x1c c:/program files (x86)/atmel/studio/7.0/toolchain/arm/arm-gnu-toolchain/bin/../lib/gcc/arm-none-eabi/6.3.1/thumb/v6-m/crtbegin.o
 .bss.hardware  0x20000a6c        0x4 hal/src/hal_delay.o
 .bss.ext_irqs  0x20000a70        0x8 hal/src/hal_ext_irq.o
 .bss.heap.5296
                0x20000a78        0x4 hal/utils/src/utils_syscalls.o
 .bss.callback  0x20000a7c        0x4 hpl/eic/hpl_eic.o
 .bss._rtc_dev  0x20000a80        0x4 hpl/rtc/hpl_rtc.o
 .bss._tc6_dev  0x20000a84        0x4 hpl/tc/hpl_tc.o
 .bss._tc7_dev  0x20000a88        0x4 hpl/tc/hpl_tc.o
 .bss.TIMER_task1
                0x20000a8c       0x14 libs/driver/hw_driver.o
 .bss.TIMER_task2
                0x20000aa0       0x14 libs/driver/hw_driver.o
 .bss.adcConversionRequest
                0x20000ab4        0x1 libs/driver/hw_driver.o
                0x20000ab4                adcConversionRequest
 *fill*         0x20000ab5        0x1 
 .bss.sock_io_mode
                0x20000ab6        0x2 libs/ethernet/socket.o
 .bss.sock_is_sending
                0x20000ab8        0x2 libs/ethernet/socket.o
 *fill*         0x20000aba        0x2 
 .bss.sock_pack_info
                0x20000abc        0x8 libs/ethernet/socket.o
                0x20000abc                sock_pack_info
 .bss.sock_remained_size
                0x20000ac4       0x10 libs/ethernet/socket.o
 .bss._DHCP_    0x20000ad4        0x1 libs/ethernet/wizchip_conf.o
 *fill*         0x20000ad5        0x3 
 .bss._DNS_     0x20000ad8        0x4 libs/ethernet/wizchip_conf.o
 .bss.FatFs     0x20000adc        0x4 libs/sdcard/ff.o
 .bss.Fsid      0x20000ae0        0x2 libs/sdcard/ff.o
 .bss.CardType  0x20000ae2        0x1 libs/sdcard/sdmm.o
 .bss.UdpTxSockNum
                0x20000ae3        0x1 main.o
                0x20000ae3                UdpTxSockNum
 .bss.psuErr    0x20000ae4        0x1 main.o
                0x20000ae4                psuErr
 .bss.remoteCtrl
                0x20000ae5        0x1 main.o
                0x20000ae5                remoteCtrl
 *fill*         0x20000ae6        0x2 
 .bss.__malloc_current_mallinfo
                0x20000ae8       0x28 c:/program files (x86)/atmel/studio/7.0/toolchain/arm/arm-gnu-toolchain/bin/../lib/gcc/arm-none-eabi/6.3.1/../../../../arm-none-eabi/lib/thumb/v6-m\libc.a(lib_a-mallocr.o)
                0x20000ae8                __malloc_current_mallinfo
 .bss.__malloc_max_sbrked_mem
                0x20000b10        0x4 c:/program files (x86)/atmel/studio/7.0/toolchain/arm/arm-gnu-toolchain/bin/../lib/gcc/arm-none-eabi/6.3.1/../../../../arm-none-eabi/lib/thumb/v6-m\libc.a(lib_a-mallocr.o)
                0x20000b10                __malloc_max_sbrked_mem
 .bss.__malloc_max_total_mem
                0x20000b14        0x4 c:/program files (x86)/atmel/studio/7.0/toolchain/arm/arm-gnu-toolchain/bin/../lib/gcc/arm-none-eabi/6.3.1/../../../../arm-none-eabi/lib/thumb/v6-m\libc.a(lib_a-mallocr.o)
                0x20000b14                __malloc_max_total_mem
 .bss.__malloc_top_pad
                0x20000b18        0x4 c:/program files (x86)/atmel/studio/7.0/toolchain/arm/arm-gnu-toolchain/bin/../lib/gcc/arm-none-eabi/6.3.1/../../../../arm-none-eabi/lib/thumb/v6-m\libc.a(lib_a-mallocr.o)
                0x20000b18                __malloc_top_pad
 *(COMMON)
 COMMON         0x20000b1c       0xb4 driver_init.o
                0x20000b1c                PWM_0
                0x20000b38                SPI_1
                0x20000b50                ADC_0
                0x20000b54                SPI_0
                0x20000b6c                USART_0
                0x20000b78                PWM_1
                0x20000b94                I2C_0
                0x20000bb4                TIMER_0
 COMMON         0x20000bd0       0x88 libs/driver/hw_driver.o
                0x20000bd0                eth_spi
                0x20000bd4                ext_spi
                0x20000bd8                EXT_SPI
                0x20000bf0                ETH_SPI
                0x20000c08                debug_serial
                0x20000c0c                ext_i2c
                0x20000c10                DEBUG_SERIAL
                0x20000c1c                TIMER_IRQ
                0x20000c38                EXT_I2C
 COMMON         0x20000c58      0x800 libs/ethernet/socket.o
                0x20000c58                TCP_RX_BUF
 COMMON         0x20001458      0x260 main.o
                0x20001458                FatFs
                0x20001688                my_adc
                0x2000168c                adcVal
                0x20001690                Fil
 COMMON         0x200016b8       0x21 c:/program files (x86)/atmel/studio/7.0/toolchain/arm/arm-gnu-toolchain/bin/../lib/gcc/arm-none-eabi/6.3.1/../../../../arm-none-eabi/lib/thumb/v6-m\libc.a(lib_a-lock.o)
                0x200016b8                __lock___atexit_recursive_mutex
                0x200016bc                __lock___arc4random_mutex
                0x200016c0                __lock___env_recursive_mutex
                0x200016c4                __lock___sinit_recursive_mutex
                0x200016c8                __lock___malloc_recursive_mutex
                0x200016cc                __lock___at_quick_exit_mutex
                0x200016d0                __lock___dd_hash_mutex
                0x200016d4                __lock___tz_mutex
                0x200016d8                __lock___sfp_recursive_mutex
 *fill*         0x200016d9        0x3 
 COMMON         0x200016dc        0x4 c:/program files (x86)/atmel/studio/7.0/toolchain/arm/arm-gnu-toolchain/bin/../lib/gcc/arm-none-eabi/6.3.1/../../../../arm-none-eabi/lib/thumb/v6-m\libc.a(lib_a-reent.o)
                0x200016dc                errno
                0x200016e0                . = ALIGN (0x4)
                0x200016e0                _ebss = .
                0x200016e0                _ezero = .

.stack          0x200016e0     0x2000 load address 0x00013bf8
                0x200016e0                . = ALIGN (0x8)
                0x200016e0                _sstack = .
                0x200036e0                . = (. + STACK_SIZE)
 *fill*         0x200016e0     0x2000 
                0x200036e0                . = ALIGN (0x8)
                0x200036e0                _estack = .
                0x200036e0                . = ALIGN (0x4)
                0x200036e0                _end = .
OUTPUT(PSU_ETH_Controller_s21.elf elf32-littlearm)

.ARM.attributes
                0x00000000       0x2a
 .ARM.attributes
                0x00000000       0x1e c:/program files (x86)/atmel/studio/7.0/toolchain/arm/arm-gnu-toolchain/bin/../lib/gcc/arm-none-eabi/6.3.1/thumb/v6-m/crti.o
 .ARM.attributes
                0x0000001e       0x2c c:/program files (x86)/atmel/studio/7.0/toolchain/arm/arm-gnu-toolchain/bin/../lib/gcc/arm-none-eabi/6.3.1/thumb/v6-m/crtbegin.o
 .ARM.attributes
                0x0000004a       0x2e Device_Startup/startup_samd20.o
 .ARM.attributes
                0x00000078       0x2e driver_init.o
 .ARM.attributes
                0x000000a6       0x2e hal/src/hal_atomic.o
 .ARM.attributes
                0x000000d4       0x2e hal/src/hal_delay.o
 .ARM.attributes
                0x00000102       0x2e hal/src/hal_ext_irq.o
 .ARM.attributes
                0x00000130       0x2e hal/src/hal_i2c_m_sync.o
 .ARM.attributes
                0x0000015e       0x2e hal/src/hal_io.o
 .ARM.attributes
                0x0000018c       0x2e hal/src/hal_pwm.o
 .ARM.attributes
                0x000001ba       0x2e hal/src/hal_spi_m_sync.o
 .ARM.attributes
                0x000001e8       0x2e hal/src/hal_timer.o
 .ARM.attributes
                0x00000216       0x2e hal/src/hal_usart_sync.o
 .ARM.attributes
                0x00000244       0x2e hal/utils/src/utils_assert.o
 .ARM.attributes
                0x00000272       0x2e hal/utils/src/utils_list.o
 .ARM.attributes
                0x000002a0       0x2e hal/utils/src/utils_syscalls.o
 .ARM.attributes
                0x000002ce       0x2e hpl/core/hpl_core_m0plus_base.o
 .ARM.attributes
                0x000002fc       0x2e hpl/core/hpl_init.o
 .ARM.attributes
                0x0000032a       0x2e hpl/eic/hpl_eic.o
 .ARM.attributes
                0x00000358       0x2e hpl/gclk/hpl_gclk.o
 .ARM.attributes
                0x00000386       0x2e hpl/pm/hpl_pm.o
 .ARM.attributes
                0x000003b4       0x2e hpl/rtc/hpl_rtc.o
 .ARM.attributes
                0x000003e2       0x2e hpl/sercom/hpl_sercom.o
 .ARM.attributes
                0x00000410       0x2e hpl/sysctrl/hpl_sysctrl.o
 .ARM.attributes
                0x0000043e       0x2e hpl/tc/hpl_tc.o
 .ARM.attributes
                0x0000046c       0x2e libs/adc/ADS1x1x.o
 .ARM.attributes
                0x0000049a       0x2e libs/driver/hw_driver.o
 .ARM.attributes
                0x000004c8       0x2e libs/ethernet/socket.o
 .ARM.attributes
                0x000004f6       0x2e libs/ethernet/W5500/w5500.o
 .ARM.attributes
                0x00000524       0x2e libs/ethernet/wizchip_conf.o
 .ARM.attributes
                0x00000552       0x2e libs/sdcard/ff.o
 .ARM.attributes
                0x00000580       0x2e libs/sdcard/sdmm.o
 .ARM.attributes
                0x000005ae       0x2e main.o
 .ARM.attributes
                0x000005dc       0x1e c:/program files (x86)/atmel/studio/7.0/toolchain/arm/arm-gnu-toolchain/bin/../lib/gcc/arm-none-eabi/6.3.1/thumb/v6-m\libgcc.a(_udivsi3.o)
 .ARM.attributes
                0x000005fa       0x1e c:/program files (x86)/atmel/studio/7.0/toolchain/arm/arm-gnu-toolchain/bin/../lib/gcc/arm-none-eabi/6.3.1/thumb/v6-m\libgcc.a(_divsi3.o)
 .ARM.attributes
                0x00000618       0x1e c:/program files (x86)/atmel/studio/7.0/toolchain/arm/arm-gnu-toolchain/bin/../lib/gcc/arm-none-eabi/6.3.1/thumb/v6-m\libgcc.a(_dvmd_tls.o)
 .ARM.attributes
                0x00000636       0x1e c:/program files (x86)/atmel/studio/7.0/toolchain/arm/arm-gnu-toolchain/bin/../lib/gcc/arm-none-eabi/6.3.1/thumb/v6-m\libgcc.a(_aeabi_uldivmod.o)
 .ARM.attributes
                0x00000654       0x2c c:/program files (x86)/atmel/studio/7.0/toolchain/arm/arm-gnu-toolchain/bin/../lib/gcc/arm-none-eabi/6.3.1/thumb/v6-m\libgcc.a(_muldi3.o)
 .ARM.attributes
                0x00000680       0x2c c:/program files (x86)/atmel/studio/7.0/toolchain/arm/arm-gnu-toolchain/bin/../lib/gcc/arm-none-eabi/6.3.1/thumb/v6-m\libgcc.a(_ffssi2.o)
 .ARM.attributes
                0x000006ac       0x2c c:/program files (x86)/atmel/studio/7.0/toolchain/arm/arm-gnu-toolchain/bin/../lib/gcc/arm-none-eabi/6.3.1/thumb/v6-m\libgcc.a(_fixunsdfsi.o)
 .ARM.attributes
                0x000006d8       0x2c c:/program files (x86)/atmel/studio/7.0/toolchain/arm/arm-gnu-toolchain/bin/../lib/gcc/arm-none-eabi/6.3.1/thumb/v6-m\libgcc.a(_udivmoddi4.o)
 .ARM.attributes
                0x00000704       0x2c c:/program files (x86)/atmel/studio/7.0/toolchain/arm/arm-gnu-toolchain/bin/../lib/gcc/arm-none-eabi/6.3.1/thumb/v6-m\libgcc.a(mulsf3.o)
 .ARM.attributes
                0x00000730       0x2c c:/program files (x86)/atmel/studio/7.0/toolchain/arm/arm-gnu-toolchain/bin/../lib/gcc/arm-none-eabi/6.3.1/thumb/v6-m\libgcc.a(floatsisf.o)
 .ARM.attributes
                0x0000075c       0x2c c:/program files (x86)/atmel/studio/7.0/toolchain/arm/arm-gnu-toolchain/bin/../lib/gcc/arm-none-eabi/6.3.1/thumb/v6-m\libgcc.a(divdf3.o)
 .ARM.attributes
                0x00000788       0x2c c:/program files (x86)/atmel/studio/7.0/toolchain/arm/arm-gnu-toolchain/bin/../lib/gcc/arm-none-eabi/6.3.1/thumb/v6-m\libgcc.a(muldf3.o)
 .ARM.attributes
                0x000007b4       0x2c c:/program files (x86)/atmel/studio/7.0/toolchain/arm/arm-gnu-toolchain/bin/../lib/gcc/arm-none-eabi/6.3.1/thumb/v6-m\libgcc.a(subdf3.o)
 .ARM.attributes
                0x000007e0       0x2c c:/program files (x86)/atmel/studio/7.0/toolchain/arm/arm-gnu-toolchain/bin/../lib/gcc/arm-none-eabi/6.3.1/thumb/v6-m\libgcc.a(fixdfsi.o)
 .ARM.attributes
                0x0000080c       0x2c c:/program files (x86)/atmel/studio/7.0/toolchain/arm/arm-gnu-toolchain/bin/../lib/gcc/arm-none-eabi/6.3.1/thumb/v6-m\libgcc.a(floatsidf.o)
 .ARM.attributes
                0x00000838       0x2c c:/program files (x86)/atmel/studio/7.0/toolchain/arm/arm-gnu-toolchain/bin/../lib/gcc/arm-none-eabi/6.3.1/thumb/v6-m\libgcc.a(floatunsidf.o)
 .ARM.attributes
                0x00000864       0x2c c:/program files (x86)/atmel/studio/7.0/toolchain/arm/arm-gnu-toolchain/bin/../lib/gcc/arm-none-eabi/6.3.1/thumb/v6-m\libgcc.a(extendsfdf2.o)
 .ARM.attributes
                0x00000890       0x2c c:/program files (x86)/atmel/studio/7.0/toolchain/arm/arm-gnu-toolchain/bin/../lib/gcc/arm-none-eabi/6.3.1/thumb/v6-m\libgcc.a(truncdfsf2.o)
 .ARM.attributes
                0x000008bc       0x1e c:/program files (x86)/atmel/studio/7.0/toolchain/arm/arm-gnu-toolchain/bin/../lib/gcc/arm-none-eabi/6.3.1/thumb/v6-m\libgcc.a(_arm_cmpdf2.o)
 .ARM.attributes
                0x000008da       0x1e c:/program files (x86)/atmel/studio/7.0/toolchain/arm/arm-gnu-toolchain/bin/../lib/gcc/arm-none-eabi/6.3.1/thumb/v6-m\libgcc.a(_clzsi2.o)
 .ARM.attributes
                0x000008f8       0x1e c:/program files (x86)/atmel/studio/7.0/toolchain/arm/arm-gnu-toolchain/bin/../lib/gcc/arm-none-eabi/6.3.1/thumb/v6-m\libgcc.a(_clzdi2.o)
 .ARM.attributes
                0x00000916       0x1e c:/program files (x86)/atmel/studio/7.0/toolchain/arm/arm-gnu-toolchain/bin/../lib/gcc/arm-none-eabi/6.3.1/thumb/v6-m\libgcc.a(_ctzsi2.o)
 .ARM.attributes
                0x00000934       0x2c c:/program files (x86)/atmel/studio/7.0/toolchain/arm/arm-gnu-toolchain/bin/../lib/gcc/arm-none-eabi/6.3.1/thumb/v6-m\libgcc.a(eqdf2.o)
 .ARM.attributes
                0x00000960       0x2c c:/program files (x86)/atmel/studio/7.0/toolchain/arm/arm-gnu-toolchain/bin/../lib/gcc/arm-none-eabi/6.3.1/thumb/v6-m\libgcc.a(gedf2.o)
 .ARM.attributes
                0x0000098c       0x2c c:/program files (x86)/atmel/studio/7.0/toolchain/arm/arm-gnu-toolchain/bin/../lib/gcc/arm-none-eabi/6.3.1/thumb/v6-m\libgcc.a(ledf2.o)
 .ARM.attributes
                0x000009b8       0x2c c:/program files (x86)/atmel/studio/7.0/toolchain/arm/arm-gnu-toolchain/bin/../lib/gcc/arm-none-eabi/6.3.1/../../../../arm-none-eabi/lib/thumb/v6-m\libc.a(lib_a-impure.o)
 .ARM.attributes