Archive member included to satisfy reference by file (symbol)

c:/program files (x86)/atmel/studio/7.0/toolchain/arm/arm-gnu-toolchain/bin/../lib/gcc/arm-none-eabi/6.3.1/thumb/v6-m\libgcc.a(_udivsi3.o)
                              hpl/core/hpl_core_m0plus_base.o (__aeabi_uidiv)
c:/program files (x86)/atmel/studio/7.0/toolchain/arm/arm-gnu-toolchain/bin/../lib/gcc/arm-none-eabi/6.3.1/thumb/v6-m\libgcc.a(_divsi3.o)
                              hal/src/hal_adc_sync.o (__aeabi_idivmod)
c:/program files (x86)/atmel/studio/7.0/toolchain/arm/arm-gnu-toolchain/bin/../lib/gcc/arm-none-eabi/6.3.1/thumb/v6-m\libgcc.a(_dvmd_tls.o)
                              c:/program files (x86)/atmel/studio/7.0/toolchain/arm/arm-gnu-toolchain/bin/../lib/gcc/arm-none-eabi/6.3.1/thumb/v6-m\libgcc.a(_udivsi3.o) (__aeabi_idiv0)
c:/program files (x86)/atmel/studio/7.0/toolchain/arm/arm-gnu-toolchain/bin/../lib/gcc/arm-none-eabi/6.3.1/thumb/v6-m\libgcc.a(_aeabi_uldivmod.o)
                              hpl/sercom/hpl_sercom.o (__aeabi_uldivmod)
c:/program files (x86)/atmel/studio/7.0/toolchain/arm/arm-gnu-toolchain/bin/../lib/gcc/arm-none-eabi/6.3.1/thumb/v6-m\libgcc.a(_muldi3.o)
                              hpl/sercom/hpl_sercom.o (__aeabi_lmul)
c:/program files (x86)/atmel/studio/7.0/toolchain/arm/arm-gnu-toolchain/bin/../lib/gcc/arm-none-eabi/6.3.1/thumb/v6-m\libgcc.a(_ffssi2.o)
                              hpl/eic/hpl_eic.o (__ffssi2)
c:/program files (x86)/atmel/studio/7.0/toolchain/arm/arm-gnu-toolchain/bin/../lib/gcc/arm-none-eabi/6.3.1/thumb/v6-m\libgcc.a(_fixunsdfsi.o)
                              hpl/sercom/hpl_sercom.o (__aeabi_d2uiz)
c:/program files (x86)/atmel/studio/7.0/toolchain/arm/arm-gnu-toolchain/bin/../lib/gcc/arm-none-eabi/6.3.1/thumb/v6-m\libgcc.a(_udivmoddi4.o)
                              c:/program files (x86)/atmel/studio/7.0/toolchain/arm/arm-gnu-toolchain/bin/../lib/gcc/arm-none-eabi/6.3.1/thumb/v6-m\libgcc.a(_aeabi_uldivmod.o) (__udivmoddi4)
c:/program files (x86)/atmel/studio/7.0/toolchain/arm/arm-gnu-toolchain/bin/../lib/gcc/arm-none-eabi/6.3.1/thumb/v6-m\libgcc.a(divdf3.o)
                              hpl/sercom/hpl_sercom.o (__aeabi_ddiv)
c:/program files (x86)/atmel/studio/7.0/toolchain/arm/arm-gnu-toolchain/bin/../lib/gcc/arm-none-eabi/6.3.1/thumb/v6-m\libgcc.a(muldf3.o)
                              hpl/sercom/hpl_sercom.o (__aeabi_dmul)
c:/program files (x86)/atmel/studio/7.0/toolchain/arm/arm-gnu-toolchain/bin/../lib/gcc/arm-none-eabi/6.3.1/thumb/v6-m\libgcc.a(subdf3.o)
                              hpl/sercom/hpl_sercom.o (__aeabi_dsub)
c:/program files (x86)/atmel/studio/7.0/toolchain/arm/arm-gnu-toolchain/bin/../lib/gcc/arm-none-eabi/6.3.1/thumb/v6-m\libgcc.a(fixdfsi.o)
                              c:/program files (x86)/atmel/studio/7.0/toolchain/arm/arm-gnu-toolchain/bin/../lib/gcc/arm-none-eabi/6.3.1/thumb/v6-m\libgcc.a(_fixunsdfsi.o) (__aeabi_d2iz)
c:/program files (x86)/atmel/studio/7.0/toolchain/arm/arm-gnu-toolchain/bin/../lib/gcc/arm-none-eabi/6.3.1/thumb/v6-m\libgcc.a(floatsidf.o)
                              hpl/sercom/hpl_sercom.o (__aeabi_i2d)
c:/program files (x86)/atmel/studio/7.0/toolchain/arm/arm-gnu-toolchain/bin/../lib/gcc/arm-none-eabi/6.3.1/thumb/v6-m\libgcc.a(floatunsidf.o)
                              hpl/sercom/hpl_sercom.o (__aeabi_ui2d)
c:/program files (x86)/atmel/studio/7.0/toolchain/arm/arm-gnu-toolchain/bin/../lib/gcc/arm-none-eabi/6.3.1/thumb/v6-m\libgcc.a(_arm_cmpdf2.o)
                              c:/program files (x86)/atmel/studio/7.0/toolchain/arm/arm-gnu-toolchain/bin/../lib/gcc/arm-none-eabi/6.3.1/thumb/v6-m\libgcc.a(_fixunsdfsi.o) (__aeabi_dcmpge)
c:/program files (x86)/atmel/studio/7.0/toolchain/arm/arm-gnu-toolchain/bin/../lib/gcc/arm-none-eabi/6.3.1/thumb/v6-m\libgcc.a(_clzsi2.o)
                              c:/program files (x86)/atmel/studio/7.0/toolchain/arm/arm-gnu-toolchain/bin/../lib/gcc/arm-none-eabi/6.3.1/thumb/v6-m\libgcc.a(divdf3.o) (__clzsi2)
c:/program files (x86)/atmel/studio/7.0/toolchain/arm/arm-gnu-toolchain/bin/../lib/gcc/arm-none-eabi/6.3.1/thumb/v6-m\libgcc.a(_clzdi2.o)
                              c:/program files (x86)/atmel/studio/7.0/toolchain/arm/arm-gnu-toolchain/bin/../lib/gcc/arm-none-eabi/6.3.1/thumb/v6-m\libgcc.a(_udivmoddi4.o) (__clzdi2)
c:/program files (x86)/atmel/studio/7.0/toolchain/arm/arm-gnu-toolchain/bin/../lib/gcc/arm-none-eabi/6.3.1/thumb/v6-m\libgcc.a(_ctzsi2.o)
                              c:/program files (x86)/atmel/studio/7.0/toolchain/arm/arm-gnu-toolchain/bin/../lib/gcc/arm-none-eabi/6.3.1/thumb/v6-m\libgcc.a(_ffssi2.o) (__ctzsi2)
c:/program files (x86)/atmel/studio/7.0/toolchain/arm/arm-gnu-toolchain/bin/../lib/gcc/arm-none-eabi/6.3.1/thumb/v6-m\libgcc.a(eqdf2.o)
                              c:/program files (x86)/atmel/studio/7.0/toolchain/arm/arm-gnu-toolchain/bin/../lib/gcc/arm-none-eabi/6.3.1/thumb/v6-m\libgcc.a(_arm_cmpdf2.o) (__eqdf2)
[...]
Memory Configuration

Name             Origin             Length             Attributes
rom              0x00000000         0x00040000         xr
ram              0x20000000         0x00008000         xrw
*default*        0x00000000         0xffffffff

Linker script and memory map

LOAD c:/program files (x86)/atmel/studio/7.0/toolchain/arm/arm-gnu-toolchain/bin/../lib/gcc/arm-none-eabi/6.3.1/thumb/v6-m/crti.o
LOAD c:/program files (x86)/atmel/studio/7.0/toolchain/arm/arm-gnu-toolchain/bin/../lib/gcc/arm-none-eabi/6.3.1/thumb/v6-m/crtbegin.o
LOAD c:/program files (x86)/atmel/studio/7.0/toolchain/arm/arm-gnu-toolchain/bin/../lib/gcc/arm-none-eabi/6.3.1/../../../../arm-none-eabi/lib/thumb/v6-m/crt0.o
LOAD atmel_start.o
LOAD Device_Startup/startup_samd20.o
LOAD Device_Startup/system_samd20.o
LOAD driver_init.o
LOAD examples/driver_examples.o
LOAD hal/src/hal_adc_sync.o
LOAD hal/src/hal_atomic.o
LOAD hal/src/hal_delay.o
LOAD hal/src/hal_ext_irq.o
LOAD hal/src/hal_gpio.o
LOAD hal/src/hal_i2c_m_sync.o
LOAD hal/src/hal_init.o
LOAD hal/src/hal_io.o
LOAD hal/src/hal_pwm.o
LOAD hal/src/hal_sleep.o
LOAD hal/src/hal_spi_m_sync.o
LOAD hal/src/hal_usart_sync.o
LOAD hal/utils/src/utils_assert.o
LOAD hal/utils/src/utils_event.o
LOAD hal/utils/src/utils_list.o
LOAD hal/utils/src/utils_syscalls.o
LOAD hpl/adc/hpl_adc.o
LOAD hpl/core/hpl_core_m0plus_base.o
LOAD hpl/core/hpl_init.o
LOAD hpl/eic/hpl_eic.o
LOAD hpl/gclk/hpl_gclk.o
LOAD hpl/pm/hpl_pm.o
LOAD hpl/sercom/hpl_sercom.o
LOAD hpl/sysctrl/hpl_sysctrl.o
LOAD hpl/tc/hpl_tc.o
LOAD libs/driver/hw_driver.o
LOAD libs/ethernet/socket.o
LOAD libs/ethernet/W5500/http_parser.o
LOAD libs/ethernet/W5500/w5500.o
LOAD libs/ethernet/wizchip_conf.o
LOAD main.o
START GROUP
LOAD c:/program files (x86)/atmel/studio/7.0/toolchain/arm/arm-gnu-toolchain/bin/../lib/gcc/arm-none-eabi/6.3.1/../../../../arm-none-eabi/lib/thumb/v6-m\libm.a
END GROUP
START GROUP
LOAD c:/program files (x86)/atmel/studio/7.0/toolchain/arm/arm-gnu-toolchain/bin/../lib/gcc/arm-none-eabi/6.3.1/thumb/v6-m\libgcc.a
LOAD c:/program files (x86)/atmel/studio/7.0/toolchain/arm/arm-gnu-toolchain/bin/../lib/gcc/arm-none-eabi/6.3.1/../../../../arm-none-eabi/lib/thumb/v6-m\libc_nano.a
END GROUP
START GROUP
LOAD c:/program files (x86)/atmel/studio/7.0/toolchain/arm/arm-gnu-toolchain/bin/../lib/gcc/arm-none-eabi/6.3.1/thumb/v6-m\libgcc.a
LOAD c:/program files (x86)/atmel/studio/7.0/toolchain/arm/arm-gnu-toolchain/bin/../lib/gcc/arm-none-eabi/6.3.1/../../../../arm-none-eabi/lib/thumb/v6-m\libc_nano.a
END GROUP
LOAD c:/program files (x86)/atmel/studio/7.0/toolchain/arm/arm-gnu-toolchain/bin/../lib/gcc/arm-none-eabi/6.3.1/thumb/v6-m/crtend.o
LOAD c:/program files (x86)/atmel/studio/7.0/toolchain/arm/arm-gnu-toolchain/bin/../lib/gcc/arm-none-eabi/6.3.1/thumb/v6-m/crtn.o
                0x00002000                STACK_SIZE = DEFINED (STACK_SIZE)?STACK_SIZE:DEFINED (__stack_size__)?__stack_size__:0x2000

.text           0x00000000     0x3880
                0x00000000                . = ALIGN (0x4)
                0x00000000                _sfixed = .
 *(.vectors .vectors.*)
 .vectors       0x00000000       0xa4 Device_Startup/startup_samd20.o
                0x00000000                exception_table
 *(.text .text.* .gnu.linkonce.t.*)
 .text          0x000000a4       0x60 c:/program files (x86)/atmel/studio/7.0/toolchain/arm/arm-gnu-toolchain/bin/../lib/gcc/arm-none-eabi/6.3.1/thumb/v6-m/crtbegin.o
 .text.Dummy_Handler
                0x00000104        0x2 Device_Startup/startup_samd20.o
                0x00000104                SVCall_Handler
                0x00000104                HardFault_Handler
                0x00000104                TC2_Handler
                0x00000104                AC_Handler
                0x00000104                SysTick_Handler
                0x00000104                PendSV_Handler
                0x00000104                SERCOM1_Handler
                0x00000104                ADC_Handler
                0x00000104                NonMaskableInt_Handler
                0x00000104                SERCOM2_Handler
                0x00000104                RTC_Handler
                0x00000104                WDT_Handler
                0x00000104                TC4_Handler
                0x00000104                TC1_Handler
                0x00000104                TC3_Handler
                0x00000104                Dummy_Handler
                0x00000104                PM_Handler
                0x00000104                SERCOM5_Handler
                0x00000104                EVSYS_Handler
                0x00000104                SERCOM3_Handler
                0x00000104                SERCOM4_Handler
                0x00000104                NVMCTRL_Handler
                0x00000104                SERCOM0_Handler
                0x00000104                DAC_Handler
                0x00000104                PTC_Handler
                0x00000104                TC0_Handler
                0x00000104                TC5_Handler
                0x00000104                SYSCTRL_Handler
 *fill*         0x00000106        0x2 
 .text.Reset_Handler
                0x00000108       0x74 Device_Startup/startup_samd20.o
                0x00000108                Reset_Handler
 .text.ADC_0_PORT_init
                0x0000017c       0x68 driver_init.o
                0x0000017c                ADC_0_PORT_init
 .text.ADC_0_CLOCK_init
                0x000001e4       0x20 driver_init.o
                0x000001e4                ADC_0_CLOCK_init
 .text.ADC_0_init
                0x00000204       0x2c driver_init.o
                0x00000204                ADC_0_init
 .text.adc_sync_init
                0x00000230       0x38 hal/src/hal_adc_sync.o
                0x00000230                adc_sync_init
 .text.atomic_enter_critical
                0x00000268        0xe hal/src/hal_atomic.o
                0x00000268                atomic_enter_critical
 .text.atomic_leave_critical
                0x00000276        0xc hal/src/hal_atomic.o
                0x00000276                atomic_leave_critical
 *fill*         0x00000282        0x2 
 .text.delay_ms
                0x00000284       0x20 hal/src/hal_delay.o
                0x00000284                delay_ms
 .text.ext_irq_register
                0x000002a4       0xd8 hal/src/hal_ext_irq.o
                0x000002a4                ext_irq_register
 .text.i2c_m_sync_write
                0x0000037c       0x34 hal/src/hal_i2c_m_sync.o
 .text.i2c_m_sync_read
                0x000003b0       0x34 hal/src/hal_i2c_m_sync.o
 .text.i2c_m_sync_init
                0x000003e4       0x40 hal/src/hal_i2c_m_sync.o
                0x000003e4                i2c_m_sync_init
 .text.i2c_m_sync_enable
                0x00000424        0xc hal/src/hal_i2c_m_sync.o
                0x00000424                i2c_m_sync_enable
 .text.i2c_m_sync_get_io_descriptor
                0x00000430        0x8 hal/src/hal_i2c_m_sync.o
                0x00000430                i2c_m_sync_get_io_descriptor
 .text.io_write
                0x00000438       0x38 hal/src/hal_io.o
                0x00000438                io_write
 .text.io_read  0x00000470       0x38 hal/src/hal_io.o
                0x00000470                io_read
 .text.pwm_period_expired
                0x000004a8        0xc hal/src/hal_pwm.o
 .text.pwm_detect_fault
                0x000004b4        0xc hal/src/hal_pwm.o
 .text.pwm_init
                0x000004c0       0x48 hal/src/hal_pwm.o
                0x000004c0                pwm_init
 .text.pwm_enable
                0x00000508       0x3c hal/src/hal_pwm.o
                0x00000508                pwm_enable
 .text.pwm_set_parameters
                0x00000544       0x30 hal/src/hal_pwm.o
                0x00000544                pwm_set_parameters
 .text.spi_m_sync_init
                0x00000574       0x58 hal/src/hal_spi_m_sync.o
                0x00000574                spi_m_sync_init
 .text.spi_m_sync_enable
                0x000005cc       0x28 hal/src/hal_spi_m_sync.o
                0x000005cc                spi_m_sync_enable
 .text.spi_m_sync_transfer
                0x000005f4       0x48 hal/src/hal_spi_m_sync.o
                0x000005f4                spi_m_sync_transfer
 .text._spi_m_sync_io_write
                0x0000063c       0x3c hal/src/hal_spi_m_sync.o
 .text._spi_m_sync_io_read
                0x00000678       0x3c hal/src/hal_spi_m_sync.o
 .text.spi_m_sync_get_io_descriptor
                0x000006b4       0x30 hal/src/hal_spi_m_sync.o
                0x000006b4                spi_m_sync_get_io_descriptor
 .text.usart_sync_write
                0x000006e4       0x74 hal/src/hal_usart_sync.o
 .text.usart_sync_read
                0x00000758       0x6c hal/src/hal_usart_sync.o
 .text.usart_sync_init
                0x000007c4       0x4c hal/src/hal_usart_sync.o
                0x000007c4                usart_sync_init
 .text.usart_sync_enable
                0x00000810       0x2c hal/src/hal_usart_sync.o
                0x00000810                usart_sync_enable
 .text.usart_sync_get_io_descriptor
                0x0000083c       0x30 hal/src/hal_usart_sync.o
                0x0000083c                usart_sync_get_io_descriptor
 .text.assert   0x0000086c        0x8 hal/utils/src/utils_assert.o
                0x0000086c                assert
 .text._sbrk    0x00000874       0x24 hal/utils/src/utils_syscalls.o
                0x00000874                _sbrk
 .text._adc_get_hardware_index
                0x00000898        0x4 hpl/adc/hpl_adc.o
 .text._adc_get_regs
                0x0000089c       0x40 hpl/adc/hpl_adc.o
 .text._adc_init
                0x000008dc      0x108 hpl/adc/hpl_adc.o
 .text._adc_sync_init
                0x000009e4       0x38 hpl/adc/hpl_adc.o
                0x000009e4                _adc_sync_init
 .text._get_cycles_for_ms
                0x00000a1c       0x1c hpl/core/hpl_core_m0plus_base.o
                0x00000a1c                _get_cycles_for_ms
 .text._delay_cycles
                0x00000a38        0x6 hpl/core/hpl_core_m0plus_base.o
                0x00000a38                _delay_cycles
 *fill*         0x00000a3e        0x2 
 .text._init_chip
                0x00000a40       0x38 hpl/core/hpl_init.o
                0x00000a40                _init_chip
 .text._ext_irq_enable
                0x00000a78       0x4c hpl/eic/hpl_eic.o
                0x00000a78                _ext_irq_enable
 .text.EIC_Handler
                0x00000ac4       0xb8 hpl/eic/hpl_eic.o
                0x00000ac4                EIC_Handler
 .text._gclk_init_generators_by_fref
                0x00000b7c       0x5c hpl/gclk/hpl_gclk.o
                0x00000b7c                _gclk_init_generators_by_fref
 .text._pm_init
                0x00000bd8       0x20 hpl/pm/hpl_pm.o
                0x00000bd8                _pm_init
 .text._sercom_get_hardware_index
                0x00000bf8       0x10 hpl/sercom/hpl_sercom.o
 .text._spi_sync_enable
                0x00000c08       0x1e hpl/sercom/hpl_sercom.o
 *fill*         0x00000c26        0x2 
 .text._get_sercom_index
                0x00000c28       0x40 hpl/sercom/hpl_sercom.o
 .text._usart_init
                0x00000c68       0x74 hpl/sercom/hpl_sercom.o
 .text._get_i2cm_index
                0x00000cdc       0x48 hpl/sercom/hpl_sercom.o
 .text._sercom_i2c_sync_send_address
                0x00000d24      0x198 hpl/sercom/hpl_sercom.o
 .text._usart_sync_init
                0x00000ebc       0x2c hpl/sercom/hpl_sercom.o
                0x00000ebc                _usart_sync_init
 .text._usart_sync_enable
                0x00000ee8       0x12 hpl/sercom/hpl_sercom.o
                0x00000ee8                _usart_sync_enable
 .text._usart_sync_write_byte
                0x00000efa        0x8 hpl/sercom/hpl_sercom.o
                0x00000efa                _usart_sync_write_byte
 .text._usart_sync_read_byte
                0x00000f02        0x8 hpl/sercom/hpl_sercom.o
                0x00000f02                _usart_sync_read_byte
 .text._usart_sync_is_ready_to_send
                0x00000f0a        0xa hpl/sercom/hpl_sercom.o
                0x00000f0a                _usart_sync_is_ready_to_send
 .text._usart_sync_is_transmit_done
                0x00000f14        0xc hpl/sercom/hpl_sercom.o
                0x00000f14                _usart_sync_is_transmit_done
 .text._usart_sync_is_byte_received
                0x00000f20        0xc hpl/sercom/hpl_sercom.o
                0x00000f20                _usart_sync_is_byte_received
 .text._i2c_m_sync_init
                0x00000f2c       0xac hpl/sercom/hpl_sercom.o
                0x00000f2c                _i2c_m_sync_init
 .text._i2c_m_sync_enable
                0x00000fd8       0x78 hpl/sercom/hpl_sercom.o
                0x00000fd8                _i2c_m_sync_enable
 .text._i2c_m_sync_transfer
                0x00001050      0x21c hpl/sercom/hpl_sercom.o
                0x00001050                _i2c_m_sync_transfer
 .text._spi_m_sync_init
                0x0000126c      0x1c0 hpl/sercom/hpl_sercom.o
                0x0000126c                _spi_m_sync_init
 .text._spi_m_sync_enable
                0x0000142c       0x38 hpl/sercom/hpl_sercom.o
                0x0000142c                _spi_m_sync_enable
 .text._spi_m_sync_trans
                0x00001464       0xe8 hpl/sercom/hpl_sercom.o
                0x00001464                _spi_m_sync_trans
 .text._sysctrl_init_sources
                0x0000154c       0x4c hpl/sysctrl/hpl_sysctrl.o
                0x0000154c                _sysctrl_init_sources
 .text._sysctrl_init_referenced_generators
                0x00001598       0x80 hpl/sysctrl/hpl_sysctrl.o
                0x00001598                _sysctrl_init_referenced_generators
 .text.tc_pwm_interrupt_handler
                0x00001618       0x2e hpl/tc/hpl_tc.o
 *fill*         0x00001646        0x2 
 .text.tc_get_hardware_index
                0x00001648       0x10 hpl/tc/hpl_tc.o
 .text._tc_init_irq_param
                0x00001658       0x28 hpl/tc/hpl_tc.o
 .text.get_tc_index
                0x00001680       0x48 hpl/tc/hpl_tc.o
 .text._pwm_init
                0x000016c8       0xf4 hpl/tc/hpl_tc.o
                0x000016c8                _pwm_init
 .text._pwm_enable
                0x000017bc        0xe hpl/tc/hpl_tc.o
                0x000017bc                _pwm_enable
 *fill*         0x000017ca        0x2 
 .text._pwm_set_param
                0x000017cc       0x58 hpl/tc/hpl_tc.o
                0x000017cc                _pwm_set_param
 .text._pwm_is_enabled
                0x00001824        0xc hpl/tc/hpl_tc.o
                0x00001824                _pwm_is_enabled
 .text._tc_get_pwm
                0x00001830        0x4 hpl/tc/hpl_tc.o
                0x00001830                _tc_get_pwm
 .text.TC6_Handler
                0x00001834       0x14 hpl/tc/hpl_tc.o
                0x00001834                TC6_Handler
 .text.TC7_Handler
                0x00001848       0x14 hpl/tc/hpl_tc.o
                0x00001848                TC7_Handler
 .text.ETH_Handler
                0x0000185c        0x2 libs/driver/hw_driver.o
 *fill*         0x0000185e        0x2 
 .text.gpio_init
                0x00001860      0x254 libs/driver/hw_driver.o
                0x00001860                gpio_init
 .text.ETH_SPI_init
                0x00001ab4      0x110 libs/driver/hw_driver.o
                0x00001ab4                ETH_SPI_init
 .text.ETH_SPI_Select
                0x00001bc4       0x18 libs/driver/hw_driver.o
                0x00001bc4                ETH_SPI_Select
 .text.W5500_Select
                0x00001bdc       0x10 libs/driver/hw_driver.o
                0x00001bdc                W5500_Select
 .text.W5500_Unselect
                0x00001bec       0x10 libs/driver/hw_driver.o
                0x00001bec                W5500_Unselect
 .text.W5500_ReadBuff
                0x00001bfc       0x1c libs/driver/hw_driver.o
                0x00001bfc                W5500_ReadBuff
 .text.W5500_WriteBuff
                0x00001c18       0x1c libs/driver/hw_driver.o
                0x00001c18                W5500_WriteBuff
 .text.W5500_ReadByte
                0x00001c34       0x28 libs/driver/hw_driver.o
                0x00001c34                W5500_ReadByte
 .text.W5500_Write_byte
                0x00001c5c       0x20 libs/driver/hw_driver.o
                0x00001c5c                W5500_Write_byte
 .text.EXT_SPI_init
                0x00001c7c      0x110 libs/driver/hw_driver.o
                0x00001c7c                EXT_SPI_init
 .text.EXT_SPI_WriteBuff
                0x00001d8c       0x1c libs/driver/hw_driver.o
                0x00001d8c                EXT_SPI_WriteBuff
 .text.EXT_I2C_init
                0x00001da8       0xa8 libs/driver/hw_driver.o
                0x00001da8                EXT_I2C_init
 .text.PWM_init
                0x00001e50       0xf4 libs/driver/hw_driver.o
                0x00001e50                PWM_init
 .text.PWM_write
                0x00001f44       0x2c libs/driver/hw_driver.o
                0x00001f44                PWM_write
 .text.DEBUG_Serial_init
                0x00001f70       0x90 libs/driver/hw_driver.o
                0x00001f70                DEBUG_Serial_init
 .text.mcu_init
                0x00002000       0x54 libs/driver/hw_driver.o
                0x00002000                mcu_init
 .text.SerialWrite
                0x00002054       0x24 libs/driver/hw_driver.o
                0x00002054                SerialWrite
 .text.GetIpSwitch
                0x00002078       0xe0 libs/driver/hw_driver.o
                0x00002078                GetIpSwitch
 .text.WIZCHIP_READ
                0x00002158       0x64 libs/ethernet/W5500/w5500.o
                0x00002158                WIZCHIP_READ
 .text.WIZCHIP_WRITE
                0x000021bc       0x60 libs/ethernet/W5500/w5500.o
                0x000021bc                WIZCHIP_WRITE
 .text.WIZCHIP_READ_BUF
                0x0000221c       0x80 libs/ethernet/W5500/w5500.o
                0x0000221c                WIZCHIP_READ_BUF
 .text.WIZCHIP_WRITE_BUF
                0x0000229c       0x78 libs/ethernet/W5500/w5500.o
                0x0000229c                WIZCHIP_WRITE_BUF
 .text.wizchip_cris_enter
                0x00002314        0x2 libs/ethernet/wizchip_conf.o
                0x00002314                wizchip_cris_enter
 .text.wizchip_cris_exit
                0x00002316        0x2 libs/ethernet/wizchip_conf.o
                0x00002316                wizchip_cris_exit
 .text.wizchip_cs_select
                0x00002318        0x2 libs/ethernet/wizchip_conf.o
                0x00002318                wizchip_cs_select
 .text.wizchip_cs_deselect
                0x0000231a        0x2 libs/ethernet/wizchip_conf.o
                0x0000231a                wizchip_cs_deselect
 .text.wizchip_bus_readdata
                0x0000231c        0x6 libs/ethernet/wizchip_conf.o
                0x0000231c                wizchip_bus_readdata
 .text.wizchip_bus_writedata
                0x00002322        0x4 libs/ethernet/wizchip_conf.o
                0x00002322                wizchip_bus_writedata
 .text.wizchip_spi_readbyte
                0x00002326        0x4 libs/ethernet/wizchip_conf.o
                0x00002326                wizchip_spi_readbyte
 .text.wizchip_spi_writebyte
                0x0000232a        0x2 libs/ethernet/wizchip_conf.o
                0x0000232a                wizchip_spi_writebyte
 .text.wizchip_spi_readburst
                0x0000232c        0x2 libs/ethernet/wizchip_conf.o
                0x0000232c                wizchip_spi_readburst
 .text.wizchip_spi_writeburst
                0x0000232e        0x2 libs/ethernet/wizchip_conf.o
                0x0000232e                wizchip_spi_writeburst
 .text.reg_wizchip_cs_cbfunc
                0x00002330       0x28 libs/ethernet/wizchip_conf.o
                0x00002330                reg_wizchip_cs_cbfunc
 .text.reg_wizchip_spi_cbfunc
                0x00002358       0x30 libs/ethernet/wizchip_conf.o
                0x00002358                reg_wizchip_spi_cbfunc
 .text.reg_wizchip_spiburst_cbfunc
                0x00002388       0x30 libs/ethernet/wizchip_conf.o
                0x00002388                reg_wizchip_spiburst_cbfunc
 .text.wizchip_sw_reset
                0x000023b8       0x7c libs/ethernet/wizchip_conf.o
                0x000023b8                wizchip_sw_reset
 .text.wizchip_init
                0x00002434       0xa0 libs/ethernet/wizchip_conf.o
                0x00002434                wizchip_init
 .text.wizchip_clrinterrupt
                0x000024d4       0x44 libs/ethernet/wizchip_conf.o
                0x000024d4                wizchip_clrinterrupt
 .text.wizchip_getinterrupt
                0x00002518       0x28 libs/ethernet/wizchip_conf.o
                0x00002518                wizchip_getinterrupt
 .text.wizchip_setinterruptmask
                0x00002540       0x1c libs/ethernet/wizchip_conf.o
                0x00002540                wizchip_setinterruptmask
 .text.wizchip_getinterruptmask
                0x0000255c       0x24 libs/ethernet/wizchip_conf.o
                0x0000255c                wizchip_getinterruptmask
 .text.wizphy_getphylink
                0x00002580       0x1c libs/ethernet/wizchip_conf.o
                0x00002580                wizphy_getphylink
 .text.wizphy_getphypmode
                0x0000259c       0x20 libs/ethernet/wizchip_conf.o
                0x0000259c                wizphy_getphypmode
 .text.wizphy_reset
                0x000025bc       0x30 libs/ethernet/wizchip_conf.o
                0x000025bc                wizphy_reset
 .text.wizphy_setphyconf
                0x000025ec       0x5c libs/ethernet/wizchip_conf.o
                0x000025ec                wizphy_setphyconf
 .text.wizphy_getphyconf
                0x00002648       0x5c libs/ethernet/wizchip_conf.o
                0x00002648                wizphy_getphyconf
 .text.wizphy_setphypmode
                0x000026a4       0x74 libs/ethernet/wizchip_conf.o
                0x000026a4                wizphy_setphypmode
 .text.ctlwizchip
                0x00002718      0x150 libs/ethernet/wizchip_conf.o
                0x00002718                ctlwizchip
 .text.wizchip_setnetinfo
                0x00002868       0x54 libs/ethernet/wizchip_conf.o
                0x00002868                wizchip_setnetinfo
 .text.wizchip_getnetinfo
                0x000028bc       0x54 libs/ethernet/wizchip_conf.o
                0x000028bc                wizchip_getnetinfo
 .text.wizchip_setnetmode
                0x00002910       0x30 libs/ethernet/wizchip_conf.o
                0x00002910                wizchip_setnetmode
 .text.wizchip_getnetmode
                0x00002940       0x10 libs/ethernet/wizchip_conf.o
                0x00002940                wizchip_getnetmode
 .text.wizchip_settimeout
                0x00002950       0x28 libs/ethernet/wizchip_conf.o
                0x00002950                wizchip_settimeout
 .text.wizchip_gettimeout
                0x00002978       0x2c libs/ethernet/wizchip_conf.o
                0x00002978                wizchip_gettimeout
 .text.ctlnetwork
                0x000029a4       0x6c libs/ethernet/wizchip_conf.o
                0x000029a4                ctlnetwork
 .text.main     0x00002a10      0x1c0 main.o
                0x00002a10                main
 .text          0x00002bd0      0x114 c:/program files (x86)/atmel/studio/7.0/toolchain/arm/arm-gnu-toolchain/bin/../lib/gcc/arm-none-eabi/6.3.1/thumb/v6-m\libgcc.a(_udivsi3.o)
                0x00002bd0                __aeabi_uidiv
                0x00002bd0                __udivsi3
                0x00002cdc                __aeabi_uidivmod
 .text          0x00002ce4        0x4 c:/program files (x86)/atmel/studio/7.0/toolchain/arm/arm-gnu-toolchain/bin/../lib/gcc/arm-none-eabi/6.3.1/thumb/v6-m\libgcc.a(_dvmd_tls.o)
                0x00002ce4                __aeabi_idiv0
                0x00002ce4                __aeabi_ldiv0
 .text          0x00002ce8       0x14 c:/program files (x86)/atmel/studio/7.0/toolchain/arm/arm-gnu-toolchain/bin/../lib/gcc/arm-none-eabi/6.3.1/thumb/v6-m\libgcc.a(_ffssi2.o)
                0x00002ce8                __ffssi2
 .text          0x00002cfc       0x40 c:/program files (x86)/atmel/studio/7.0/toolchain/arm/arm-gnu-toolchain/bin/../lib/gcc/arm-none-eabi/6.3.1/thumb/v6-m\libgcc.a(_ctzsi2.o)
                0x00002cfc                __ctzsi2
 .text.__libc_init_array
                0x00002d3c       0x48 c:/program files (x86)/atmel/studio/7.0/toolchain/arm/arm-gnu-toolchain/bin/../lib/gcc/arm-none-eabi/6.3.1/../../../../arm-none-eabi/lib/thumb/v6-m\libc_nano.a(lib_a-init.o)
                0x00002d3c                __libc_init_array
 .text.sprintf  0x00002d84       0x44 c:/program files (x86)/atmel/studio/7.0/toolchain/arm/arm-gnu-toolchain/bin/../lib/gcc/arm-none-eabi/6.3.1/../../../../arm-none-eabi/lib/thumb/v6-m\libc_nano.a(lib_a-sprintf.o)
                0x00002d84                siprintf
                0x00002d84                sprintf
 .text          0x00002dc8        0xe c:/program files (x86)/atmel/studio/7.0/toolchain/arm/arm-gnu-toolchain/bin/../lib/gcc/arm-none-eabi/6.3.1/../../../../arm-none-eabi/lib/thumb/v6-m\libc_nano.a(lib_a-strlen.o)
                0x00002dc8                strlen
 *fill*         0x00002dd6        0x2 
 .text._malloc_r
                0x00002dd8       0xbc c:/program files (x86)/atmel/studio/7.0/toolchain/arm/arm-gnu-toolchain/bin/../lib/gcc/arm-none-eabi/6.3.1/../../../../arm-none-eabi/lib/thumb/v6-m\libc_nano.a(lib_a-nano-mallocr.o)
                0x00002dd8                _malloc_r
 .text.__ssputs_r
                0x00002e94       0xc4 c:/program files (x86)/atmel/studio/7.0/toolchain/arm/arm-gnu-toolchain/bin/../lib/gcc/arm-none-eabi/6.3.1/../../../../arm-none-eabi/lib/thumb/v6-m\libc_nano.a(lib_a-nano-svfprintf.o)
                0x00002e94                __ssputs_r
 .text._svfprintf_r
                0x00002f58      0x208 c:/program files (x86)/atmel/studio/7.0/toolchain/arm/arm-gnu-toolchain/bin/../lib/gcc/arm-none-eabi/6.3.1/../../../../arm-none-eabi/lib/thumb/v6-m\libc_nano.a(lib_a-nano-svfprintf.o)
                0x00002f58                _svfiprintf_r
                0x00002f58                _svfprintf_r
 .text._printf_common
                0x00003160       0xda c:/program files (x86)/atmel/studio/7.0/toolchain/arm/arm-gnu-toolchain/bin/../lib/gcc/arm-none-eabi/6.3.1/../../../../arm-none-eabi/lib/thumb/v6-m\libc_nano.a(lib_a-nano-vfprintf_i.o)
                0x00003160                _printf_common
 *fill*         0x0000323a        0x2 
 .text._printf_i
                0x0000323c      0x234 c:/program files (x86)/atmel/studio/7.0/toolchain/arm/arm-gnu-toolchain/bin/../lib/gcc/arm-none-eabi/6.3.1/../../../../arm-none-eabi/lib/thumb/v6-m\libc_nano.a(lib_a-nano-vfprintf_i.o)
                0x0000323c                _printf_i
 .text._sbrk_r  0x00003470       0x24 c:/program files (x86)/atmel/studio/7.0/toolchain/arm/arm-gnu-toolchain/bin/../lib/gcc/arm-none-eabi/6.3.1/../../../../arm-none-eabi/lib/thumb/v6-m\libc_nano.a(lib_a-sbrkr.o)
                0x00003470                _sbrk_r
 .text.memchr   0x00003494       0x16 c:/program files (x86)/atmel/studio/7.0/toolchain/arm/arm-gnu-toolchain/bin/../lib/gcc/arm-none-eabi/6.3.1/../../../../arm-none-eabi/lib/thumb/v6-m\libc_nano.a(lib_a-memchr-stub.o)
                0x00003494                memchr
 .text.memcpy   0x000034aa       0x12 c:/program files (x86)/atmel/studio/7.0/toolchain/arm/arm-gnu-toolchain/bin/../lib/gcc/arm-none-eabi/6.3.1/../../../../arm-none-eabi/lib/thumb/v6-m\libc_nano.a(lib_a-memcpy-stub.o)
                0x000034aa                memcpy
 .text.memmove  0x000034bc       0x24 c:/program files (x86)/atmel/studio/7.0/toolchain/arm/arm-gnu-toolchain/bin/../lib/gcc/arm-none-eabi/6.3.1/../../../../arm-none-eabi/lib/thumb/v6-m\libc_nano.a(lib_a-memmove.o)
                0x000034bc                memmove
 .text.__malloc_lock
                0x000034e0        0x2 c:/program files (x86)/atmel/studio/7.0/toolchain/arm/arm-gnu-toolchain/bin/../lib/gcc/arm-none-eabi/6.3.1/../../../../arm-none-eabi/lib/thumb/v6-m\libc_nano.a(lib_a-mlock.o)
                0x000034e0                __malloc_lock
 .text.__malloc_unlock
                0x000034e2        0x2 c:/program files (x86)/atmel/studio/7.0/toolchain/arm/arm-gnu-toolchain/bin/../lib/gcc/arm-none-eabi/6.3.1/../../../../arm-none-eabi/lib/thumb/v6-m\libc_nano.a(lib_a-mlock.o)
                0x000034e2                __malloc_unlock
 .text._free_r  0x000034e4       0x94 c:/program files (x86)/atmel/studio/7.0/toolchain/arm/arm-gnu-toolchain/bin/../lib/gcc/arm-none-eabi/6.3.1/../../../../arm-none-eabi/lib/thumb/v6-m\libc_nano.a(lib_a-nano-freer.o)
                0x000034e4                _free_r
 .text._realloc_r
                0x00003578       0x4c c:/program files (x86)/atmel/studio/7.0/toolchain/arm/arm-gnu-toolchain/bin/../lib/gcc/arm-none-eabi/6.3.1/../../../../arm-none-eabi/lib/thumb/v6-m\libc_nano.a(lib_a-nano-reallocr.o)
                0x00003578                _realloc_r
 .text._malloc_usable_size_r
                0x000035c4       0x10 c:/program files (x86)/atmel/studio/7.0/toolchain/arm/arm-gnu-toolchain/bin/../lib/gcc/arm-none-eabi/6.3.1/../../../../arm-none-eabi/lib/thumb/v6-m\libc_nano.a(lib_a-nano-msizer.o)
                0x000035c4                _malloc_usable_size_r
 *(.glue_7t)
 .glue_7t       0x000035d4        0x0 linker stubs
 *(.glue_7)
 .glue_7        0x000035d4        0x0 linker stubs
 *(.rodata .rodata* .gnu.linkonce.r.*)
 .rodata.str1.4
                0x000035d4       0x1a hal/src/hal_adc_sync.o
 *fill*         0x000035ee        0x2 
 .rodata.str1.4
                0x000035f0       0x1c hal/src/hal_i2c_m_sync.o
 .rodata.str1.4
                0x0000360c       0x14 hal/src/hal_io.o
 .rodata.str1.4
                0x00003620       0x15 hal/src/hal_pwm.o
 *fill*         0x00003635        0x3 
 .rodata.str1.4
                0x00003638       0x1c hal/src/hal_spi_m_sync.o
 .rodata.str1.4
                0x00003654       0x1c hal/src/hal_usart_sync.o
 .rodata        0x00003670       0x1c hpl/adc/hpl_adc.o
 .rodata.str1.4
                0x0000368c       0x15 hpl/adc/hpl_adc.o
 *fill*         0x000036a1        0x3 
 .rodata        0x000036a4        0x8 hpl/eic/hpl_eic.o
 .rodata.str1.4
                0x000036ac       0x15 hpl/eic/hpl_eic.o
 *fill*         0x000036c1        0x3 
 .rodata        0x000036c4       0x58 hpl/sercom/hpl_sercom.o
 .rodata.str1.4
                0x0000371c       0x1b hpl/sercom/hpl_sercom.o
 *fill*         0x00003737        0x1 
 .rodata.str1.4
                0x00003738       0x13 hpl/tc/hpl_tc.o
 *fill*         0x0000374b        0x1 
 .rodata        0x0000374c       0x58 libs/ethernet/wizchip_conf.o
 .rodata.str1.4
                0x000037a4       0x28 main.o
                                 0x26 (size before relaxing)
 .rodata.__sf_fake_stderr
                0x000037cc       0x20 c:/program files (x86)/atmel/studio/7.0/toolchain/arm/arm-gnu-toolchain/bin/../lib/gcc/arm-none-eabi/6.3.1/../../../../arm-none-eabi/lib/thumb/v6-m\libc_nano.a(lib_a-findfp.o)
                0x000037cc                __sf_fake_stderr
 .rodata.__sf_fake_stdin
                0x000037ec       0x20 c:/program files (x86)/atmel/studio/7.0/toolchain/arm/arm-gnu-toolchain/bin/../lib/gcc/arm-none-eabi/6.3.1/../../../../arm-none-eabi/lib/thumb/v6-m\libc_nano.a(lib_a-findfp.o)
                0x000037ec                __sf_fake_stdin
 .rodata.__sf_fake_stdout
                0x0000380c       0x20 c:/program files (x86)/atmel/studio/7.0/toolchain/arm/arm-gnu-toolchain/bin/../lib/gcc/arm-none-eabi/6.3.1/../../../../arm-none-eabi/lib/thumb/v6-m\libc_nano.a(lib_a-findfp.o)
                0x0000380c                __sf_fake_stdout
 .rodata._svfprintf_r.str1.1
                0x0000382c       0x11 c:/program files (x86)/atmel/studio/7.0/toolchain/arm/arm-gnu-toolchain/bin/../lib/gcc/arm-none-eabi/6.3.1/../../../../arm-none-eabi/lib/thumb/v6-m\libc_nano.a(lib_a-nano-svfprintf.o)
 .rodata._printf_i.str1.1
                0x0000383d       0x22 c:/program files (x86)/atmel/studio/7.0/toolchain/arm/arm-gnu-toolchain/bin/../lib/gcc/arm-none-eabi/6.3.1/../../../../arm-none-eabi/lib/thumb/v6-m\libc_nano.a(lib_a-nano-vfprintf_i.o)
 *(.ARM.extab* .gnu.linkonce.armextab.*)
                0x00003860                . = ALIGN (0x4)
 *fill*         0x0000385f        0x1 
 *(.init)
 .init          0x00003860        0x4 c:/program files (x86)/atmel/studio/7.0/toolchain/arm/arm-gnu-toolchain/bin/../lib/gcc/arm-none-eabi/6.3.1/thumb/v6-m/crti.o
                0x00003860                _init
 .init          0x00003864        0x8 c:/program files (x86)/atmel/studio/7.0/toolchain/arm/arm-gnu-toolchain/bin/../lib/gcc/arm-none-eabi/6.3.1/thumb/v6-m/crtn.o
                0x0000386c                . = ALIGN (0x4)
                0x0000386c                __preinit_array_start = .
 *(.preinit_array)
                0x0000386c                __preinit_array_end = .
                0x0000386c                . = ALIGN (0x4)
                0x0000386c                __init_array_start = .
 *(SORT(.init_array.*))
 *(.init_array)
 .init_array    0x0000386c        0x4 c:/program files (x86)/atmel/studio/7.0/toolchain/arm/arm-gnu-toolchain/bin/../lib/gcc/arm-none-eabi/6.3.1/thumb/v6-m/crtbegin.o
                0x00003870                __init_array_end = .
                0x00003870                . = ALIGN (0x4)
 *crtbegin.o(.ctors)
 *(EXCLUDE_FILE(*crtend.o) .ctors)
 *(SORT(.ctors.*))
 *crtend.o(.ctors)
                0x00003870                . = ALIGN (0x4)
 *(.fini)
 .fini          0x00003870        0x4 c:/program files (x86)/atmel/studio/7.0/toolchain/arm/arm-gnu-toolchain/bin/../lib/gcc/arm-none-eabi/6.3.1/thumb/v6-m/crti.o
                0x00003870                _fini
 .fini          0x00003874        0x8 c:/program files (x86)/atmel/studio/7.0/toolchain/arm/arm-gnu-toolchain/bin/../lib/gcc/arm-none-eabi/6.3.1/thumb/v6-m/crtn.o
                0x0000387c                . = ALIGN (0x4)
                0x0000387c                __fini_array_start = .
 *(.fini_array)
 .fini_array    0x0000387c        0x4 c:/program files (x86)/atmel/studio/7.0/toolchain/arm/arm-gnu-toolchain/bin/../lib/gcc/arm-none-eabi/6.3.1/thumb/v6-m/crtbegin.o
 *(SORT(.fini_array.*))
                0x00003880                __fini_array_end = .
 *crtbegin.o(.dtors)
 *(EXCLUDE_FILE(*crtend.o) .dtors)
 *(SORT(.dtors.*))
 *crtend.o(.dtors)
                0x00003880                . = ALIGN (0x4)
                0x00003880                _efixed = .
                [!provide]                PROVIDE (__exidx_start, .)

.vfp11_veneer   0x00003880        0x0
 .vfp11_veneer  0x00003880        0x0 linker stubs

.v4_bx          0x00003880        0x0
 .v4_bx         0x00003880        0x0 linker stubs

.iplt           0x00003880        0x0
 .iplt          0x00003880        0x0 c:/program files (x86)/atmel/studio/7.0/toolchain/arm/arm-gnu-toolchain/bin/../lib/gcc/arm-none-eabi/6.3.1/thumb/v6-m/crtbegin.o

.eh_frame       0x00003880        0x0
 .eh_frame      0x00003880        0x0 c:/program files (x86)/atmel/studio/7.0/toolchain/arm/arm-gnu-toolchain/bin/../lib/gcc/arm-none-eabi/6.3.1/thumb/v6-m/crtbegin.o

.rel.dyn        0x00003880        0x0
 .rel.iplt      0x00003880        0x0 c:/program files (x86)/atmel/studio/7.0/toolchain/arm/arm-gnu-toolchain/bin/../lib/gcc/arm-none-eabi/6.3.1/thumb/v6-m/crtbegin.o

.jcr            0x00003880        0x0
 .jcr           0x00003880        0x0 c:/program files (x86)/atmel/studio/7.0/toolchain/arm/arm-gnu-toolchain/bin/../lib/gcc/arm-none-eabi/6.3.1/thumb/v6-m/crtbegin.o

.igot.plt       0x00003880        0x0
 .igot.plt      0x00003880        0x0 c:/program files (x86)/atmel/studio/7.0/toolchain/arm/arm-gnu-toolchain/bin/../lib/gcc/arm-none-eabi/6.3.1/thumb/v6-m/crtbegin.o

.ARM.exidx
 *(.ARM.exidx* .gnu.linkonce.armexidx.*)
                [!provide]                PROVIDE (__exidx_end, .)
                0x00003880                . = ALIGN (0x4)
                0x00003880                _etext = .

.relocate       0x20000000       0xec load address 0x00003880
                0x20000000                . = ALIGN (0x4)
                0x20000000                _srelocate = .
 *(.ramfunc .ramfunc.*)
 *(.data .data.*)
 .data          0x20000000       0x28 hpl/tc/hpl_tc.o
 .data          0x20000028       0x2c libs/ethernet/wizchip_conf.o
                0x20000028                WIZCHIP
 .data          0x20000054       0x34 main.o
                0x20000054                rx_tx_buff_sizes
                0x2000005c                netInfo
                0x20000074                testBuffer
                0x20000078                socketPort
 .data._impure_ptr
                0x20000088        0x4 c:/program files (x86)/atmel/studio/7.0/toolchain/arm/arm-gnu-toolchain/bin/../lib/gcc/arm-none-eabi/6.3.1/../../../../arm-none-eabi/lib/thumb/v6-m\libc_nano.a(lib_a-impure.o)
                0x20000088                _impure_ptr
 .data.impure_data
                0x2000008c       0x60 c:/program files (x86)/atmel/studio/7.0/toolchain/arm/arm-gnu-toolchain/bin/../lib/gcc/arm-none-eabi/6.3.1/../../../../arm-none-eabi/lib/thumb/v6-m\libc_nano.a(lib_a-impure.o)
                0x200000ec                . = ALIGN (0x4)
                0x200000ec                _erelocate = .

.bss            0x200000ec      0x250 load address 0x0000396c
                0x200000ec                . = ALIGN (0x4)
                0x200000ec                _sbss = .
                0x200000ec                _szero = .
 *(.bss .bss.*)
 .bss           0x200000ec       0x1c c:/program files (x86)/atmel/studio/7.0/toolchain/arm/arm-gnu-toolchain/bin/../lib/gcc/arm-none-eabi/6.3.1/thumb/v6-m/crtbegin.o
 .bss           0x20000108        0x4 hal/src/hal_delay.o
 .bss           0x2000010c        0x8 hal/src/hal_ext_irq.o
 .bss           0x20000114        0x4 hal/utils/src/utils_syscalls.o
 .bss           0x20000118        0x4 hpl/eic/hpl_eic.o
 .bss           0x2000011c        0x8 hpl/tc/hpl_tc.o
 .bss           0x20000124        0x5 libs/ethernet/wizchip_conf.o
 *fill*         0x20000129        0x3 
 .bss.__malloc_free_list
                0x2000012c        0x4 c:/program files (x86)/atmel/studio/7.0/toolchain/arm/arm-gnu-toolchain/bin/../lib/gcc/arm-none-eabi/6.3.1/../../../../arm-none-eabi/lib/thumb/v6-m\libc_nano.a(lib_a-nano-mallocr.o)
                0x2000012c                __malloc_free_list
 .bss.__malloc_sbrk_start
                0x20000130        0x4 c:/program files (x86)/atmel/studio/7.0/toolchain/arm/arm-gnu-toolchain/bin/../lib/gcc/arm-none-eabi/6.3.1/../../../../arm-none-eabi/lib/thumb/v6-m\libc_nano.a(lib_a-nano-mallocr.o)
                0x20000130                __malloc_sbrk_start
 *(COMMON)
 COMMON         0x20000134       0x98 driver_init.o
                0x20000134                PWM_0
                0x20000150                SPI_1
                0x20000168                ADC_0
                0x2000016c                SPI_0
                0x20000184                USART_0
                0x20000190                PWM_1
                0x200001ac                I2C_0
 COMMON         0x200001cc       0x6c libs/driver/hw_driver.o
                0x200001cc                eth_spi
                0x200001d0                ext_spi
                0x200001d4                EXT_SPI
                0x200001ec                ETH_SPI
                0x20000204                debug_serial
                0x20000208                ext_i2c
                0x2000020c                DEBUG_SERIAL
                0x20000218                EXT_I2C
 COMMON         0x20000238      0x100 main.o
                0x20000238                debugSerialBuffer
 COMMON         0x20000338        0x4 c:/program files (x86)/atmel/studio/7.0/toolchain/arm/arm-gnu-toolchain/bin/../lib/gcc/arm-none-eabi/6.3.1/../../../../arm-none-eabi/lib/thumb/v6-m\libc_nano.a(lib_a-reent.o)
                0x20000338                errno
                0x2000033c                . = ALIGN (0x4)
                0x2000033c                _ebss = .
                0x2000033c                _ezero = .

.stack          0x2000033c     0x2004 load address 0x00003bbc
                0x20000340                . = ALIGN (0x8)
 *fill*         0x2000033c        0x4 
                0x20000340                _sstack = .
                0x20002340                . = (. + STACK_SIZE)
 *fill*         0x20000340     0x2000 
                0x20002340                . = ALIGN (0x8)
                0x20002340                _estack = .
                0x20002340                . = ALIGN (0x4)
                0x20002340                _end = .
OUTPUT(PSU_ETH_Controller_s21.elf elf32-littlearm)

.ARM.attributes
                0x00000000       0x28
 .ARM.attributes
                0x00000000       0x1e c:/program files (x86)/atmel/studio/7.0/toolchain/arm/arm-gnu-toolchain/bin/../lib/gcc/arm-none-eabi/6.3.1/thumb/v6-m/crti.o
 .ARM.attributes
                0x0000001e       0x2c c:/program files (x86)/atmel/studio/7.0/toolchain/arm/arm-gnu-toolchain/bin/../lib/gcc/arm-none-eabi/6.3.1/thumb/v6-m/crtbegin.o
 .ARM.attributes
                0x0000004a       0x32 Device_Startup/startup_samd20.o
 .ARM.attributes
                0x0000007c       0x32 driver_init.o
 .ARM.attributes
                0x000000ae       0x32 hal/src/hal_adc_sync.o
 .ARM.attributes
                0x000000e0       0x32 hal/src/hal_atomic.o
 .ARM.attributes
                0x00000112       0x32 hal/src/hal_delay.o
 .ARM.attributes
                0x00000144       0x32 hal/src/hal_ext_irq.o
 .ARM.attributes
                0x00000176       0x32 hal/src/hal_i2c_m_sync.o
 .ARM.attributes
                0x000001a8       0x32 hal/src/hal_io.o
 .ARM.attributes
                0x000001da       0x32 hal/src/hal_pwm.o
 .ARM.attributes
                0x0000020c       0x32 hal/src/hal_spi_m_sync.o
 .ARM.attributes
                0x0000023e       0x32 hal/src/hal_usart_sync.o
 .ARM.attributes
                0x00000270       0x32 hal/utils/src/utils_assert.o
 .ARM.attributes
                0x000002a2       0x32 hal/utils/src/utils_syscalls.o
 .ARM.attributes
                0x000002d4       0x32 hpl/adc/hpl_adc.o
 .ARM.attributes
                0x00000306       0x32 hpl/core/hpl_core_m0plus_base.o
 .ARM.attributes
                0x00000338       0x32 hpl/core/hpl_init.o
 .ARM.attributes
                0x0000036a       0x32 hpl/eic/hpl_eic.o
 .ARM.attributes
                0x0000039c       0x32 hpl/gclk/hpl_gclk.o
 .ARM.attributes
                0x000003ce       0x32 hpl/pm/hpl_pm.o
 .ARM.attributes
                0x00000400       0x32 hpl/sercom/hpl_sercom.o
 .ARM.attributes
                0x00000432       0x32 hpl/sysctrl/hpl_sysctrl.o
 .ARM.attributes
                0x00000464       0x32 hpl/tc/hpl_tc.o
 .ARM.attributes
                0x00000496       0x32 libs/driver/hw_driver.o
 .ARM.attributes
                0x000004c8       0x32 libs/ethernet/W5500/w5500.o
 .ARM.attributes
                0x000004fa       0x32 libs/ethernet/wizchip_conf.o
 .ARM.attributes
                0x0000052c       0x32 main.o
 .ARM.attributes
                0x0000055e       0x1e c:/program files (x86)/atmel/studio/7.0/toolchain/arm/arm-gnu-toolchain/bin/../lib/gcc/arm-none-eabi/6.3.1/thumb/v6-m\libgcc.a(_udivsi3.o)
 .ARM.attributes
                0x0000057c       0x1e c:/program files (x86)/atmel/studio/7.0/toolchain/arm/arm-gnu-toolchain/bin/../lib/gcc/arm-none-eabi/6.3.1/thumb/v6-m\libgcc.a(_dvmd_tls.o)
 .ARM.attributes
                0x0000059a       0x2c c:/program files (x86)/atmel/studio/7.0/toolchain/arm/arm-gnu-toolchain/bin/../lib/gcc/arm-none-eabi/6.3.1/thumb/v6-m\libgcc.a(_ffssi2.o)
 .ARM.attributes
                0x000005c6       0x1e c:/program files (x86)/atmel/studio/7.0/toolchain/arm/arm-gnu-toolchain/bin/../lib/gcc/arm-none-eabi/6.3.1/thumb/v6-m\libgcc.a(_ctzsi2.o)
 .ARM.attributes
                0x000005e4       0x2c c:/program files (x86)/atmel/studio/7.0/toolchain/arm/arm-gnu-toolchain/bin/../lib/gcc/arm-none-eabi/6.3.1/../../../../arm-none-eabi/lib/thumb/v6-m\libc_nano.a(lib_a-impure.o)
 .ARM.attributes
                0x00000610       0x2c c:/program files (x86)/atmel/studio/7.0/toolchain/arm/arm-gnu-toolchain/bin/../lib/gcc/arm-none-eabi/6.3.1/../../../../arm-none-eabi/lib/thumb/v6-m\libc_nano.a(lib_a-init.o)
 .ARM.attributes
                0x0000063c       0x2c c:/program files (x86)/atmel/studio/7.0/toolchain/arm/arm-gnu-toolchain/bin/../lib/gcc/arm-none-eabi/6.3.1/../../../../arm-none-eabi/lib/thumb/v6-m\libc_nano.a(lib_a-sprintf.o)
 .ARM.attributes
                0x00000668       0x1c c:/program files (x86)/atmel/studio/7.0/toolchain/arm/arm-gnu-toolchain/bin/../lib/gcc/arm-none-eabi/6.3.1/../../../../arm-none-eabi/lib/thumb/v6-m\libc_nano.a(lib_a-strlen.o)
 .ARM.attributes
                0x00000684       0x2c c:/program files (x86)/atmel/studio/7.0/toolchain/arm/arm-gnu-toolchain/bin/../lib/gcc/arm-none-eabi/6.3.1/../../../../arm-none-eabi/lib/thumb/v6-m\libc_nano.a(lib_a-findfp.o)
 .ARM.attributes
                0x000006b0       0x2c c:/program files (x86)/atmel/studio/7.0/toolchain/arm/arm-gnu-toolchain/bin/../lib/gcc/arm-none-eabi/6.3.1/../../../../arm-none-eabi/lib/thumb/v6-m\libc_nano.a(lib_a-nano-mallocr.o)
 .ARM.attributes
                0x000006dc       0x2c c:/program files (x86)/atmel/studio/7.0/toolchain/arm/arm-gnu-toolchain/bin/../lib/gcc/arm-none-eabi/6.3.1/../../../../arm-none-eabi/lib/thumb/v6-m\libc_nano.a(lib_a-nano-svfprintf.o)
 .ARM.attributes
                0x00000708       0x2c c:/program files (x86)/atmel/studio/7.0/toolchain/arm/arm-gnu-toolchain/bin/../lib/gcc/arm-none-eabi/6.3.1/../../../../arm-none-eabi/lib/thumb/v6-m\libc_nano.a(lib_a-nano-vfprintf_i.o)
 .ARM.attributes
                0x00000734       0x2c c:/program files (x86)/atmel/studio/7.0/toolchain/arm/arm-gnu-toolchain/bin/../lib/gcc/arm-none-eabi/6.3.1/../../../../arm-none-eabi/lib/thumb/v6-m\libc_nano.a(lib_a-sbrkr.o)
 .ARM.attributes
                0x00000760       0x2c c:/program files (x86)/atmel/studio/7.0/toolchain/arm/arm-gnu-toolchain/bin/../lib/gcc/arm-none-eabi/6.3.1/../../../../arm-none-eabi/lib/thumb/v6-m\libc_nano.a(lib_a-memchr-stub.o)
 .ARM.attributes
                0x0000078c       0x2c c:/program files (x86)/atmel/studio/7.0/toolchain/arm/arm-gnu-toolchain/bin/../lib/gcc/arm-none-eabi/6.3.1/../../../../arm-none-eabi/lib/thumb/v6-m\libc_nano.a(lib_a-memcpy-stub.o)
 .ARM.attributes
                0x000007b8       0x2c c:/program files (x86)/atmel/studio/7.0/toolchain/arm/arm-gnu-toolchain/bin/../lib/gcc/arm-none-eabi/6.3.1/../../../../arm-none-eabi/lib/thumb/v6-m\libc_nano.a(lib_a-memmove.o)
 .ARM.attributes
                0x000007e4       0x2c c:/program files (x86)/atmel/studio/7.0/toolchain/arm/arm-gnu-toolchain/bin/../lib/gcc/arm-none-eabi/6.3.1/../../../../arm-none-eabi/lib/thumb/v6-m\libc_nano.a(lib_a-mlock.o)
 .ARM.attributes
                0x00000810       0x2c c:/program files (x86)/atmel/studio/7.0/toolchain/arm/arm-gnu-toolchain/bin/../lib/gcc/arm-none-eabi/6.3.1/../../../../arm-none-eabi/lib/thumb/v6-m\libc_nano.a(lib_a-nano-freer.o)
 .ARM.attributes
                0x0000083c       0x2c c:/program files (x86)/atmel/studio/7.0/toolchain/arm/arm-gnu-toolchain/bin/../lib/gcc/arm-none-eabi/6.3.1/../../../../arm-none-eabi/lib/thumb/v6-m\libc_nano.a(lib_a-nano-reallocr.o)
 .ARM.attributes
                0x00000868       0x2c c:/program files (x86)/atmel/studio/7.0/toolchain/arm/arm-gnu-toolchain/bin/../lib/gcc/arm-none-eabi/6.3.1/../../../../arm-none-eabi/lib/thumb/v6-m\libc_nano.a(lib_a-reent.o)
 .ARM.attributes
                0x00000894       0x2c c:/program files (x86)/atmel/studio/7.0/toolchain/arm/arm-gnu-toolchain/bin/../lib/gcc/arm-none-eabi/6.3.1/../../../../arm-none-eabi/lib/thumb/v6-m\libc_nano.a(lib_a-nano-msizer.o)
 .ARM.attributes
                0x000008c0       0x1e c:/program files (x86)/atmel/studio/7.0/toolchain/arm/arm-gnu-toolchain/bin/../lib/gcc/arm-none-eabi/6.3.1/thumb/v6-m/crtn.o

.comment        0x00000000       0x59
 .comment       0x00000000       0x59 Device_Startup/startup_samd20.o
                                 0x5a (size before relaxing)
 .comment       0x00000059       0x5a driver_init.o
 .comment       0x00000059       0x5a hal/src/hal_adc_sync.o
 .comment       0x00000059       0x5a hal/src/hal_atomic.o
 .comment       0x00000059       0x5a hal/src/hal_delay.o
 .comment       0x00000059       0x5a hal/src/hal_ext_irq.o
 .comment       0x00000059       0x5a hal/src/hal_i2c_m_sync.o
 .comment       0x00000059       0x5a hal/src/hal_io.o
 .comment       0x00000059       0x5a hal/src/hal_pwm.o
 .comment       0x00000059       0x5a hal/src/hal_spi_m_sync.o
 .comment       0x00000059       0x5a hal/src/hal_usart_sync.o
 .comment       0x00000059       0x5a hal/utils/src/utils_assert.o
 .comment       0x00000059       0x5a hal/utils/src/utils_syscalls.o
 .comment       0x00000059       0x5a hpl/adc/hpl_adc.o
 .comment       0x00000059       0x5a hpl/core/hpl_core_m0plus_base.o
 .comment       0x00000059       0x5a hpl/core/hpl_init.o
 .comment       0x00000059       0x5a hpl/eic/hpl_eic.o
 .comment       0x00000059       0x5a hpl/gclk/hpl_gclk.o
 .comment       0x00000059       0x5a hpl/pm/hpl_pm.o
 .comment       0x00000059       0x5a hpl/sercom/hpl_sercom.o
 .comment       0x00000059       0x5a hpl/sysctrl/hpl_sysctrl.o
 .comment       0x00000059       0x5a hpl/tc/hpl_tc.o
 .comment       0x00000059       0x5a libs/driver/hw_driver.o
 .comment       0x00000059       0x5a libs/ethernet/W5500/w5500.o
 .comment       0x00000059       0x5a libs/ethernet/wizchip_conf.o
 .comment       0x00000059       0x5a main.o

.debug_info     0x00000000    0x306e6
 .debug_info    0x00000000      0x9c8 Device_Startup/startup_samd20.o
 .debug_info    0x000009c8     0x8dcc driver_init.o
 .debug_info    0x00009794      0xb29 hal/src/hal_adc_sync.o
 .debug_info    0x0000a2bd      0x1d1 hal/src/hal_atomic.o
 .debug_info    0x0000a48e      0x1dc hal/src/hal_delay.o
 .debug_info    0x0000a66a      0x379 hal/src/hal_ext_irq.o
 .debug_info    0x0000a9e3      0x878 hal/src/hal_i2c_m_sync.o
 .debug_info    0x0000b25b      0x2b2 hal/src/hal_io.o
 .debug_info    0x0000b50d      0x7ad hal/src/hal_pwm.o
 .debug_info    0x0000bcba      0x9c9 hal/src/hal_spi_m_sync.o
 .debug_info    0x0000c683      0xc56 hal/src/hal_usart_sync.o
 .debug_info    0x0000d2d9      0x107 hal/utils/src/utils_assert.o
 .debug_info    0x0000d3e0      0xdca hal/utils/src/utils_syscalls.o
 .debug_info    0x0000e1aa     0x3826 hpl/adc/hpl_adc.o
 .debug_info    0x000119d0      0x85f hpl/core/hpl_core_m0plus_base.o
 .debug_info    0x0001222f      0x68a hpl/core/hpl_init.o
 .debug_info    0x000128b9     0x1fac hpl/eic/hpl_eic.o
 .debug_info    0x00014865      0x679 hpl/gclk/hpl_gclk.o
 .debug_info    0x00014ede      0xbfe hpl/pm/hpl_pm.o
 .debug_info    0x00015adc     0x9c66 hpl/sercom/hpl_sercom.o
 .debug_info    0x0001f742     0x1654 hpl/sysctrl/hpl_sysctrl.o
 .debug_info    0x00020d96     0x21d1 hpl/tc/hpl_tc.o
 .debug_info    0x00022f67     0x9a01 libs/driver/hw_driver.o
 .debug_info    0x0002c968      0x92e libs/ethernet/W5500/w5500.o
 .debug_info    0x0002d296     0x1386 libs/ethernet/wizchip_conf.o
 .debug_info    0x0002e61c     0x20ca main.o

.debug_abbrev   0x00000000     0x4231
 .debug_abbrev  0x00000000      0x1d7 Device_Startup/startup_samd20.o
 .debug_abbrev  0x000001d7      0x3d4 driver_init.o
 .debug_abbrev  0x000005ab      0x168 hal/src/hal_adc_sync.o
 .debug_abbrev  0x00000713      0x144 hal/src/hal_atomic.o
 .debug_abbrev  0x00000857       0xe1 hal/src/hal_delay.o
 .debug_abbrev  0x00000938      0x179 hal/src/hal_ext_irq.o
 .debug_abbrev  0x00000ab1      0x1a6 hal/src/hal_i2c_m_sync.o
 .debug_abbrev  0x00000c57      0x115 hal/src/hal_io.o
 .debug_abbrev  0x00000d6c      0x180 hal/src/hal_pwm.o
 .debug_abbrev  0x00000eec      0x1b1 hal/src/hal_spi_m_sync.o
 .debug_abbrev  0x0000109d      0x217 hal/src/hal_usart_sync.o
 .debug_abbrev  0x000012b4       0x86 hal/utils/src/utils_assert.o
 .debug_abbrev  0x0000133a      0x269 hal/utils/src/utils_syscalls.o
 .debug_abbrev  0x000015a3      0x4af hpl/adc/hpl_adc.o
 .debug_abbrev  0x00001a52      0x2c6 hpl/core/hpl_core_m0plus_base.o
 .debug_abbrev  0x00001d18      0x1d9 hpl/core/hpl_init.o
 .debug_abbrev  0x00001ef1      0x3da hpl/eic/hpl_eic.o
 .debug_abbrev  0x000022cb      0x1c3 hpl/gclk/hpl_gclk.o
 .debug_abbrev  0x0000248e      0x226 hpl/pm/hpl_pm.o
 .debug_abbrev  0x000026b4      0x5a2 hpl/sercom/hpl_sercom.o
 .debug_abbrev  0x00002c56      0x265 hpl/sysctrl/hpl_sysctrl.o
 .debug_abbrev  0x00002ebb      0x51d hpl/tc/hpl_tc.o
 .debug_abbrev  0x000033d8      0x4fb libs/driver/hw_driver.o
 .debug_abbrev  0x000038d3      0x262 libs/ethernet/W5500/w5500.o
 .debug_abbrev  0x00003b35      0x31f libs/ethernet/wizchip_conf.o
 .debug_abbrev  0x00003e54      0x3dd main.o

.debug_loc      0x00000000    0x14958
 .debug_loc     0x00000000       0x78 Device_Startup/startup_samd20.o
 .debug_loc     0x00000078     0x2924 driver_init.o
 .debug_loc     0x0000299c      0x90c hal/src/hal_adc_sync.o
 .debug_loc     0x000032a8       0x13 hal/src/hal_atomic.o
 .debug_loc     0x000032bb       0xc3 hal/src/hal_delay.o
 .debug_loc     0x0000337e      0x37b hal/src/hal_ext_irq.o
 .debug_loc     0x000036f9      0x6f5 hal/src/hal_i2c_m_sync.o
 .debug_loc     0x00003dee      0x1b6 hal/src/hal_io.o
 .debug_loc     0x00003fa4      0x40d hal/src/hal_pwm.o
 .debug_loc     0x000043b1      0x728 hal/src/hal_spi_m_sync.o
 .debug_loc     0x00004ad9      0xa26 hal/src/hal_usart_sync.o
 .debug_loc     0x000054ff      0x13b hal/utils/src/utils_syscalls.o
 .debug_loc     0x0000563a     0x1e71 hpl/adc/hpl_adc.o
 .debug_loc     0x000074ab      0x2bd hpl/core/hpl_core_m0plus_base.o
 .debug_loc     0x00007768       0x4c hpl/core/hpl_init.o
 .debug_loc     0x000077b4      0x50b hpl/eic/hpl_eic.o
 .debug_loc     0x00007cbf      0x27c hpl/gclk/hpl_gclk.o
 .debug_loc     0x00007f3b      0x11b hpl/pm/hpl_pm.o
 .debug_loc     0x00008056     0x6867 hpl/sercom/hpl_sercom.o
 .debug_loc     0x0000e8bd      0x2b2 hpl/sysctrl/hpl_sysctrl.o
 .debug_loc     0x0000eb6f      0xa91 hpl/tc/hpl_tc.o
 .debug_loc     0x0000f600     0x3ba7 libs/driver/hw_driver.o
 .debug_loc     0x000131a7      0x7c8 libs/ethernet/W5500/w5500.o
 .debug_loc     0x0001396f      0xc37 libs/ethernet/wizchip_conf.o
 .debug_loc     0x000145a6      0x3b2 main.o

.debug_aranges  0x00000000     0x10a0
 .debug_aranges
                0x00000000       0x28 Device_Startup/startup_samd20.o
 .debug_aranges
                0x00000028       0xd0 driver_init.o
 .debug_aranges
                0x000000f8       0x98 hal/src/hal_adc_sync.o
 .debug_aranges
                0x00000190       0x30 hal/src/hal_atomic.o
 .debug_aranges
                0x000001c0       0x38 hal/src/hal_delay.o
 .debug_aranges
                0x000001f8       0x50 hal/src/hal_ext_irq.o
 .debug_aranges
                0x00000248       0x88 hal/src/hal_i2c_m_sync.o
 .debug_aranges
                0x000002d0       0x30 hal/src/hal_io.o
 .debug_aranges
                0x00000300       0x60 hal/src/hal_pwm.o
 .debug_aranges
                0x00000360       0x88 hal/src/hal_spi_m_sync.o
 .debug_aranges
                0x000003e8       0xa8 hal/src/hal_usart_sync.o
 .debug_aranges
                0x00000490       0x20 hal/utils/src/utils_assert.o
 .debug_aranges
                0x000004b0       0x60 hal/utils/src/utils_syscalls.o
 .debug_aranges
                0x00000510      0x1f0 hpl/adc/hpl_adc.o
 .debug_aranges
                0x00000700       0x80 hpl/core/hpl_core_m0plus_base.o
 .debug_aranges
                0x00000780       0x20 hpl/core/hpl_init.o
 .debug_aranges
                0x000007a0       0x38 hpl/eic/hpl_eic.o
 .debug_aranges
                0x000007d8       0x28 hpl/gclk/hpl_gclk.o
 .debug_aranges
                0x00000800       0x30 hpl/pm/hpl_pm.o
 .debug_aranges
                0x00000830      0x500 hpl/sercom/hpl_sercom.o
 .debug_aranges
                0x00000d30       0x28 hpl/sysctrl/hpl_sysctrl.o
 .debug_aranges
                0x00000d58       0xa0 hpl/tc/hpl_tc.o
 .debug_aranges
                0x00000df8       0xf0 libs/driver/hw_driver.o
 .debug_aranges
                0x00000ee8       0x60 libs/ethernet/W5500/w5500.o
 .debug_aranges
                0x00000f48      0x138 libs/ethernet/wizchip_conf.o
 .debug_aranges
                0x00001080       0x20 main.o

.debug_ranges   0x00000000     0x1098
 .debug_ranges  0x00000000       0x18 Device_Startup/startup_samd20.o
 .debug_ranges  0x00000018       0xc0 driver_init.o
 .debug_ranges  0x000000d8       0xa0 hal/src/hal_adc_sync.o
 .debug_ranges  0x00000178       0x20 hal/src/hal_atomic.o
 .debug_ranges  0x00000198       0x28 hal/src/hal_delay.o
 .debug_ranges  0x000001c0       0x40 hal/src/hal_ext_irq.o
 .debug_ranges  0x00000200       0x78 hal/src/hal_i2c_m_sync.o
 .debug_ranges  0x00000278       0x20 hal/src/hal_io.o
 .debug_ranges  0x00000298       0x50 hal/src/hal_pwm.o
 .debug_ranges  0x000002e8       0x78 hal/src/hal_spi_m_sync.o
 .debug_ranges  0x00000360       0x98 hal/src/hal_usart_sync.o
 .debug_ranges  0x000003f8       0x10 hal/utils/src/utils_assert.o
 .debug_ranges  0x00000408       0x50 hal/utils/src/utils_syscalls.o
 .debug_ranges  0x00000458      0x1f8 hpl/adc/hpl_adc.o
 .debug_ranges  0x00000650       0x70 hpl/core/hpl_core_m0plus_base.o
 .debug_ranges  0x000006c0       0x10 hpl/core/hpl_init.o
 .debug_ranges  0x000006d0       0x28 hpl/eic/hpl_eic.o
 .debug_ranges  0x000006f8       0x18 hpl/gclk/hpl_gclk.o
 .debug_ranges  0x00000710       0x20 hpl/pm/hpl_pm.o
 .debug_ranges  0x00000730      0x610 hpl/sercom/hpl_sercom.o
 .debug_ranges  0x00000d40       0x18 hpl/sysctrl/hpl_sysctrl.o
 .debug_ranges  0x00000d58       0xa8 hpl/tc/hpl_tc.o
 .debug_ranges  0x00000e00      0x110 libs/driver/hw_driver.o
 .debug_ranges  0x00000f10       0x50 libs/ethernet/W5500/w5500.o
 .debug_ranges  0x00000f60      0x128 libs/ethernet/wizchip_conf.o
 .debug_ranges  0x00001088       0x10 main.o

.debug_macro    0x00000000     0x89ac
 .debug_macro   0x00000000      0x2a2 Device_Startup/startup_samd20.o
 .debug_macro   0x000002a2       0x39 Device_Startup/startup_samd20.o
 .debug_macro   0x000002db      0x535 driver_init.o
 .debug_macro   0x00000810       0xb2 driver_init.o
 .debug_macro   0x000008c2      0x3ce hal/src/hal_adc_sync.o
 .debug_macro   0x00000c90      0x39a hal/src/hal_atomic.o
 .debug_macro   0x0000102a      0x3cc hal/src/hal_delay.o
 .debug_macro   0x000013f6      0x3b4 hal/src/hal_ext_irq.o
 .debug_macro   0x000017aa      0x3d5 hal/src/hal_i2c_m_sync.o
 .debug_macro   0x00001b7f       0x6a hal/src/hal_i2c_m_sync.o
 .debug_macro   0x00001be9      0x3ad hal/src/hal_io.o
 .debug_macro   0x00001f96      0x3ca hal/src/hal_pwm.o
 .debug_macro   0x00002360      0x3f0 hal/src/hal_spi_m_sync.o
 .debug_macro   0x00002750      0x3d4 hal/src/hal_usart_sync.o
 .debug_macro   0x00002b24      0x3a3 hal/utils/src/utils_assert.o
 .debug_macro   0x00002ec7       0x10 hal/utils/src/utils_assert.o
 .debug_macro   0x00002ed7      0x1d6 hal/utils/src/utils_syscalls.o
 .debug_macro   0x000030ad       0x52 hal/utils/src/utils_syscalls.o
 .debug_macro   0x000030ff       0x8d hal/utils/src/utils_syscalls.o
 .debug_macro   0x0000318c       0x16 hal/utils/src/utils_syscalls.o
 .debug_macro   0x000031a2       0x57 hal/utils/src/utils_syscalls.o
 .debug_macro   0x000031f9       0x97 hal/utils/src/utils_syscalls.o
 .debug_macro   0x00003290      0x353 hal/utils/src/utils_syscalls.o
 .debug_macro   0x000035e3       0xf6 hal/utils/src/utils_syscalls.o
 .debug_macro   0x000036d9       0x10 hal/utils/src/utils_syscalls.o
 .debug_macro   0x000036e9       0x10 hal/utils/src/utils_syscalls.o
 .debug_macro   0x000036f9       0x1c hal/utils/src/utils_syscalls.o
 .debug_macro   0x00003715       0x52 hal/utils/src/utils_syscalls.o
 .debug_macro   0x00003767       0x40 hal/utils/src/utils_syscalls.o
 .debug_macro   0x000037a7       0x10 hal/utils/src/utils_syscalls.o
 .debug_macro   0x000037b7       0x40 hal/utils/src/utils_syscalls.o
 .debug_macro   0x000037f7       0xd7 hal/utils/src/utils_syscalls.o
 .debug_macro   0x000038ce       0x16 hal/utils/src/utils_syscalls.o
 .debug_macro   0x000038e4      0x18b hal/utils/src/utils_syscalls.o
 .debug_macro   0x00003a6f       0x4c hal/utils/src/utils_syscalls.o
 .debug_macro   0x00003abb       0x16 hal/utils/src/utils_syscalls.o
 .debug_macro   0x00003ad1       0x10 hal/utils/src/utils_syscalls.o
 .debug_macro   0x00003ae1       0x10 hal/utils/src/utils_syscalls.o
 .debug_macro   0x00003af1       0x35 hal/utils/src/utils_syscalls.o
 .debug_macro   0x00003b26      0x122 hal/utils/src/utils_syscalls.o
 .debug_macro   0x00003c48      0x3f5 hpl/adc/hpl_adc.o
 .debug_macro   0x0000403d      0x6cc hpl/adc/hpl_adc.o
 .debug_macro   0x00004709      0x6ba hpl/adc/hpl_adc.o
 .debug_macro   0x00004dc3       0xd2 hpl/adc/hpl_adc.o
 .debug_macro   0x00004e95      0x3f1 hpl/core/hpl_core_m0plus_base.o
 .debug_macro   0x00005286      0x3ed hpl/core/hpl_init.o
 .debug_macro   0x00005673       0x2e hpl/core/hpl_init.o
 .debug_macro   0x000056a1      0x47e hpl/eic/hpl_eic.o
 .debug_macro   0x00005b1f      0x241 hpl/eic/hpl_eic.o
 .debug_macro   0x00005d60      0x3b0 hpl/gclk/hpl_gclk.o
 .debug_macro   0x00006110      0x1f3 hpl/gclk/hpl_gclk.o
 .debug_macro   0x00006303      0x3d9 hpl/pm/hpl_pm.o
 .debug_macro   0x000066dc      0x594 hpl/sercom/hpl_sercom.o
 .debug_macro   0x00006c70       0x10 hpl/sercom/hpl_sercom.o
 .debug_macro   0x00006c80       0x1c hpl/sercom/hpl_sercom.o
 .debug_macro   0x00006c9c       0x22 hpl/sercom/hpl_sercom.o
 .debug_macro   0x00006cbe       0x10 hpl/sercom/hpl_sercom.o
 .debug_macro   0x00006cce      0x1f9 hpl/sercom/hpl_sercom.o
 .debug_macro   0x00006ec7      0x3b0 hpl/sysctrl/hpl_sysctrl.o
 .debug_macro   0x00007277      0x29a hpl/sysctrl/hpl_sysctrl.o
 .debug_macro   0x00007511      0x426 hpl/tc/hpl_tc.o
 .debug_macro   0x00007937       0xf4 hpl/tc/hpl_tc.o
 .debug_macro   0x00007a2b      0x536 libs/driver/hw_driver.o
 .debug_macro   0x00007f61       0xf4 libs/driver/hw_driver.o
 .debug_macro   0x00008055       0x9d libs/ethernet/W5500/w5500.o
 .debug_macro   0x000080f2       0x72 libs/ethernet/W5500/w5500.o
 .debug_macro   0x00008164       0x94 libs/ethernet/wizchip_conf.o
 .debug_macro   0x000081f8      0x6e9 main.o
 .debug_macro   0x000088e1       0xaf main.o
 .debug_macro   0x00008990       0x1c main.o

.debug_line     0x00000000    0x11ca1
 .debug_line    0x00000000      0x68e Device_Startup/startup_samd20.o
 .debug_line    0x0000068e      0xf56 driver_init.o
 .debug_line    0x000015e4      0xa1c hal/src/hal_adc_sync.o
 .debug_line    0x00002000      0x8a2 hal/src/hal_atomic.o
 .debug_line    0x000028a2      0x8cd hal/src/hal_delay.o
 .debug_line    0x0000316f      0x940 hal/src/hal_ext_irq.o
 .debug_line    0x00003aaf      0x9bd hal/src/hal_i2c_m_sync.o
 .debug_line    0x0000446c      0x8ba hal/src/hal_io.o
 .debug_line    0x00004d26      0x95c hal/src/hal_pwm.o
 .debug_line    0x00005682      0xa20 hal/src/hal_spi_m_sync.o
 .debug_line    0x000060a2      0xa85 hal/src/hal_usart_sync.o
 .debug_line    0x00006b27      0x86c hal/utils/src/utils_assert.o
 .debug_line    0x00007393      0x40b hal/utils/src/utils_syscalls.o
 .debug_line    0x0000779e     0x1187 hpl/adc/hpl_adc.o
 .debug_line    0x00008925      0xa40 hpl/core/hpl_core_m0plus_base.o
 .debug_line    0x00009365      0x903 hpl/core/hpl_init.o
 .debug_line    0x00009c68      0xa62 hpl/eic/hpl_eic.o
 .debug_line    0x0000a6ca      0x906 hpl/gclk/hpl_gclk.o
 .debug_line    0x0000afd0      0x912 hpl/pm/hpl_pm.o
 .debug_line    0x0000b8e2     0x25fb hpl/sercom/hpl_sercom.o
 .debug_line    0x0000dedd      0x98e hpl/sysctrl/hpl_sysctrl.o
 .debug_line    0x0000e86b      0xba3 hpl/tc/hpl_tc.o
 .debug_line    0x0000f40e     0x10c5 libs/driver/hw_driver.o
 .debug_line    0x000104d3      0x3a6 libs/ethernet/W5500/w5500.o
 .debug_line    0x00010879      0x6c5 libs/ethernet/wizchip_conf.o
 .debug_line    0x00010f3e      0xd63 main.o

.debug_str      0x00000000    0x63d59
 .debug_str     0x00000000    0x45e16 Device_Startup/startup_samd20.o
                              0x46174 (size before relaxing)
 .debug_str     0x00045e16     0x66a8 driver_init.o
                              0x4c724 (size before relaxing)
 .debug_str     0x0004c4be      0x3e1 hal/src/hal_adc_sync.o
                              0x4a173 (size before relaxing)
 .debug_str     0x0004c89f       0x9c hal/src/hal_atomic.o
                              0x49b75 (size before relaxing)
 .debug_str     0x0004c93b       0x9b hal/src/hal_delay.o
                              0x49bdf (size before relaxing)
 .debug_str     0x0004c9d6       0xcc hal/src/hal_ext_irq.o
                              0x49c3a (size before relaxing)
 .debug_str     0x0004caa2      0x169 hal/src/hal_i2c_m_sync.o
                              0x4a478 (size before relaxing)
 .debug_str     0x0004cc0b       0x2c hal/src/hal_io.o
                              0x49c22 (size before relaxing)
 .debug_str     0x0004cc37      0x185 hal/src/hal_pwm.o
                              0x4a312 (size before relaxing)
 .debug_str     0x0004cdbc      0x2ef hal/src/hal_spi_m_sync.o
                              0x4a50f (size before relaxing)
 .debug_str     0x0004d0ab      0x49e hal/src/hal_usart_sync.o
                              0x4a6c2 (size before relaxing)
 .debug_str     0x0004d549       0x2a hal/utils/src/utils_assert.o
                              0x49b85 (size before relaxing)
 .debug_str     0x0004d573     0x4501 hal/utils/src/utils_syscalls.o
                               0x731b (size before relaxing)
 .debug_str     0x00051a74     0x6c33 hpl/adc/hpl_adc.o
                              0x50f60 (size before relaxing)
 .debug_str     0x000586a7      0x10b hpl/core/hpl_core_m0plus_base.o
                              0x4a8d0 (size before relaxing)
 .debug_str     0x000587b2      0x1df hpl/core/hpl_init.o
                              0x4a406 (size before relaxing)
 .debug_str     0x00058991      0xee8 hpl/eic/hpl_eic.o
                              0x4de85 (size before relaxing)
 .debug_str     0x00059879      0x822 hpl/gclk/hpl_gclk.o
                              0x4a475 (size before relaxing)
 .debug_str     0x0005a09b      0x194 hpl/pm/hpl_pm.o
                              0x4a56f (size before relaxing)
 .debug_str     0x0005a22f     0x41ad hpl/sercom/hpl_sercom.o
                              0x4f816 (size before relaxing)
 .debug_str     0x0005e3dc     0x11ad hpl/sysctrl/hpl_sysctrl.o
                              0x4aecf (size before relaxing)
 .debug_str     0x0005f589      0xbeb hpl/tc/hpl_tc.o
                              0x4b7a7 (size before relaxing)
 .debug_str     0x00060174      0x374 libs/driver/hw_driver.o
                              0x4c76c (size before relaxing)
 .debug_str     0x000604e8     0x2d02 libs/ethernet/W5500/w5500.o
                               0x6138 (size before relaxing)
 .debug_str     0x000631ea      0x65b libs/ethernet/wizchip_conf.o
                               0x69d0 (size before relaxing)
 .debug_str     0x00063845      0x514 main.o
                              0x51ec3 (size before relaxing)

.debug_frame    0x00000000     0x2f74
 .debug_frame   0x00000000       0x38 Device_Startup/startup_samd20.o
 .debug_frame   0x00000038      0x230 driver_init.o
 .debug_frame   0x00000268      0x1d0 hal/src/hal_adc_sync.o
 .debug_frame   0x00000438       0x40 hal/src/hal_atomic.o
 .debug_frame   0x00000478       0x68 hal/src/hal_delay.o
 .debug_frame   0x000004e0       0xc4 hal/src/hal_ext_irq.o
 .debug_frame   0x000005a4      0x164 hal/src/hal_i2c_m_sync.o
 .debug_frame   0x00000708       0x58 hal/src/hal_io.o
 .debug_frame   0x00000760       0xec hal/src/hal_pwm.o
 .debug_frame   0x0000084c      0x188 hal/src/hal_spi_m_sync.o
 .debug_frame   0x000009d4      0x1f8 hal/src/hal_usart_sync.o
 .debug_frame   0x00000bcc       0x20 hal/utils/src/utils_assert.o
 .debug_frame   0x00000bec       0xa8 hal/utils/src/utils_syscalls.o
 .debug_frame   0x00000c94      0x498 hpl/adc/hpl_adc.o
 .debug_frame   0x0000112c       0xfc hpl/core/hpl_core_m0plus_base.o
 .debug_frame   0x00001228       0x28 hpl/core/hpl_init.o
 .debug_frame   0x00001250       0x60 hpl/eic/hpl_eic.o
 .debug_frame   0x000012b0       0x30 hpl/gclk/hpl_gclk.o
 .debug_frame   0x000012e0       0x40 hpl/pm/hpl_pm.o
 .debug_frame   0x00001320      0xe64 hpl/sercom/hpl_sercom.o
 .debug_frame   0x00002184       0x30 hpl/sysctrl/hpl_sysctrl.o
 .debug_frame   0x000021b4      0x180 hpl/tc/hpl_tc.o
 .debug_frame   0x00002334      0x2fc libs/driver/hw_driver.o
 .debug_frame   0x00002630      0x14c libs/ethernet/W5500/w5500.o
 .debug_frame   0x0000277c      0x334 libs/ethernet/wizchip_conf.o
 .debug_frame   0x00002ab0       0x3c main.o
 .debug_frame   0x00002aec       0x20 c:/program files (x86)/atmel/studio/7.0/toolchain/arm/arm-gnu-toolchain/bin/../lib/gcc/arm-none-eabi/6.3.1/thumb/v6-m\libgcc.a(_udivsi3.o)
 .debug_frame   0x00002b0c       0x28 c:/program files (x86)/atmel/studio/7.0/toolchain/arm/arm-gnu-toolchain/bin/../lib/gcc/arm-none-eabi/6.3.1/thumb/v6-m\libgcc.a(_ffssi2.o)
 .debug_frame   0x00002b34       0x2c c:/program files (x86)/atmel/studio/7.0/toolchain/arm/arm-gnu-toolchain/bin/../lib/gcc/arm-none-eabi/6.3.1/../../../../arm-none-eabi/lib/thumb/v6-m\libc_nano.a(lib_a-init.o)
 .debug_frame   0x00002b60       0x50 c:/program files (x86)/atmel/studio/7.0/toolchain/arm/arm-gnu-toolchain/bin/../lib/gcc/arm-none-eabi/6.3.1/../../../../arm-none-eabi/lib/thumb/v6-m\libc_nano.a(lib_a-sprintf.o)
 .debug_frame   0x00002bb0      0x140 c:/program files (x86)/atmel/studio/7.0/toolchain/arm/arm-gnu-toolchain/bin/../lib/gcc/arm-none-eabi/6.3.1/../../../../arm-none-eabi/lib/thumb/v6-m\libc_nano.a(lib_a-findfp.o)
 .debug_frame   0x00002cf0       0x2c c:/program files (x86)/atmel/studio/7.0/toolchain/arm/arm-gnu-toolchain/bin/../lib/gcc/arm-none-eabi/6.3.1/../../../../arm-none-eabi/lib/thumb/v6-m\libc_nano.a(lib_a-nano-mallocr.o)
 .debug_frame   0x00002d1c       0x74 c:/program files (x86)/atmel/studio/7.0/toolchain/arm/arm-gnu-toolchain/bin/../lib/gcc/arm-none-eabi/6.3.1/../../../../arm-none-eabi/lib/thumb/v6-m\libc_nano.a(lib_a-nano-svfprintf.o)
 .debug_frame   0x00002d90       0x54 c:/program files (x86)/atmel/studio/7.0/toolchain/arm/arm-gnu-toolchain/bin/../lib/gcc/arm-none-eabi/6.3.1/../../../../arm-none-eabi/lib/thumb/v6-m\libc_nano.a(lib_a-nano-vfprintf_i.o)
 .debug_frame   0x00002de4       0x2c c:/program files (x86)/atmel/studio/7.0/toolchain/arm/arm-gnu-toolchain/bin/../lib/gcc/arm-none-eabi/6.3.1/../../../../arm-none-eabi/lib/thumb/v6-m\libc_nano.a(lib_a-sbrkr.o)
 .debug_frame   0x00002e10       0x20 c:/program files (x86)/atmel/studio/7.0/toolchain/arm/arm-gnu-toolchain/bin/../lib/gcc/arm-none-eabi/6.3.1/../../../../arm-none-eabi/lib/thumb/v6-m\libc_nano.a(lib_a-memchr-stub.o)
 .debug_frame   0x00002e30       0x28 c:/program files (x86)/atmel/studio/7.0/toolchain/arm/arm-gnu-toolchain/bin/../lib/gcc/arm-none-eabi/6.3.1/../../../../arm-none-eabi/lib/thumb/v6-m\libc_nano.a(lib_a-memcpy-stub.o)
 .debug_frame   0x00002e58       0x28 c:/program files (x86)/atmel/studio/7.0/toolchain/arm/arm-gnu-toolchain/bin/../lib/gcc/arm-none-eabi/6.3.1/../../../../arm-none-eabi/lib/thumb/v6-m\libc_nano.a(lib_a-memmove.o)
 .debug_frame   0x00002e80       0x30 c:/program files (x86)/atmel/studio/7.0/toolchain/arm/arm-gnu-toolchain/bin/../lib/gcc/arm-none-eabi/6.3.1/../../../../arm-none-eabi/lib/thumb/v6-m\libc_nano.a(lib_a-mlock.o)
 .debug_frame   0x00002eb0       0x2c c:/program files (x86)/atmel/studio/7.0/toolchain/arm/arm-gnu-toolchain/bin/../lib/gcc/arm-none-eabi/6.3.1/../../../../arm-none-eabi/lib/thumb/v6-m\libc_nano.a(lib_a-nano-freer.o)
 .debug_frame   0x00002edc       0x30 c:/program files (x86)/atmel/studio/7.0/toolchain/arm/arm-gnu-toolchain/bin/../lib/gcc/arm-none-eabi/6.3.1/../../../../arm-none-eabi/lib/thumb/v6-m\libc_nano.a(lib_a-nano-reallocr.o)
 .debug_frame   0x00002f0c       0x48 c:/program files (x86)/atmel/studio/7.0/toolchain/arm/arm-gnu-toolchain/bin/../lib/gcc/arm-none-eabi/6.3.1/../../../../arm-none-eabi/lib/thumb/v6-m\libc_nano.a(lib_a-reent.o)
 .debug_frame   0x00002f54       0x20 c:/program files (x86)/atmel/studio/7.0/toolchain/arm/arm-gnu-toolchain/bin/../lib/gcc/arm-none-eabi/6.3.1/../../../../arm-none-eabi/lib/thumb/v6-m\libc_nano.a(lib_a-nano-msizer.o)
