Archive member included to satisfy reference by file (symbol)

c:/program files (x86)/atmel/studio/7.0/toolchain/arm/arm-gnu-toolchain/bin/../lib/gcc/arm-none-eabi/6.3.1/thumb/v6-m\libgcc.a(_udivsi3.o)
                              hpl/core/hpl_core_m0plus_base.o (__aeabi_uidiv)
c:/program files (x86)/atmel/studio/7.0/toolchain/arm/arm-gnu-toolchain/bin/../lib/gcc/arm-none-eabi/6.3.1/thumb/v6-m\libgcc.a(_divsi3.o)
                              hal/src/hal_adc_sync.o (__aeabi_idivmod)
c:/program files (x86)/atmel/studio/7.0/toolchain/arm/arm-gnu-toolchain/bin/../lib/gcc/arm-none-eabi/6.3.1/thumb/v6-m\libgcc.a(_dvmd_tls.o)
                              c:/program files (x86)/atmel/studio/7.0/toolchain/arm/arm-gnu-toolchain/bin/../lib/gcc/arm-none-eabi/6.3.1/thumb/v6-m\libgcc.a(_udivsi3.o) (__aeabi_idiv0)
c:/program files (x86)/atmel/studio/7.0/toolchain/arm/arm-gnu-toolchain/bin/../lib/gcc/arm-none-eabi/6.3.1/thumb/v6-m\libgcc.a(_aeabi_uldivmod.o)
                              hpl/sercom/hpl_sercom.o (__aeabi_uldivmod)
c:/program files (x86)/atmel/studio/7.0/toolchain/arm/arm-gnu-toolchain/bin/../lib/gcc/arm-none-eabi/6.3.1/thumb/v6-m\libgcc.a(_muldi3.o)
                              hpl/sercom/hpl_sercom.o (__aeabi_lmul)
c:/program files (x86)/atmel/studio/7.0/toolchain/arm/arm-gnu-toolchain/bin/../lib/gcc/arm-none-eabi/6.3.1/thumb/v6-m\libgcc.a(_ffssi2.o)
                              hpl/eic/hpl_eic.o (__ffssi2)
c:/program files (x86)/atmel/studio/7.0/toolchain/arm/arm-gnu-toolchain/bin/../lib/gcc/arm-none-eabi/6.3.1/thumb/v6-m\libgcc.a(_fixunsdfsi.o)
                              hpl/sercom/hpl_sercom.o (__aeabi_d2uiz)
c:/program files (x86)/atmel/studio/7.0/toolchain/arm/arm-gnu-toolchain/bin/../lib/gcc/arm-none-eabi/6.3.1/thumb/v6-m\libgcc.a(_udivmoddi4.o)
                              c:/program files (x86)/atmel/studio/7.0/toolchain/arm/arm-gnu-toolchain/bin/../lib/gcc/arm-none-eabi/6.3.1/thumb/v6-m\libgcc.a(_aeabi_uldivmod.o) (__udivmoddi4)
c:/program files (x86)/atmel/studio/7.0/toolchain/arm/arm-gnu-toolchain/bin/../lib/gcc/arm-none-eabi/6.3.1/thumb/v6-m\libgcc.a(mulsf3.o)
                              main.o (__aeabi_fmul)
c:/program files (x86)/atmel/studio/7.0/toolchain/arm/arm-gnu-toolchain/bin/../lib/gcc/arm-none-eabi/6.3.1/thumb/v6-m\libgcc.a(adddf3.o)
                              main.o (__aeabi_dadd)
c:/program files (x86)/atmel/studio/7.0/toolchain/arm/arm-gnu-toolchain/bin/../lib/gcc/arm-none-eabi/6.3.1/thumb/v6-m\libgcc.a(divdf3.o)
                              hpl/sercom/hpl_sercom.o (__aeabi_ddiv)
c:/program files (x86)/atmel/studio/7.0/toolchain/arm/arm-gnu-toolchain/bin/../lib/gcc/arm-none-eabi/6.3.1/thumb/v6-m\libgcc.a(muldf3.o)
                              hpl/sercom/hpl_sercom.o (__aeabi_dmul)
c:/program files (x86)/atmel/studio/7.0/toolchain/arm/arm-gnu-toolchain/bin/../lib/gcc/arm-none-eabi/6.3.1/thumb/v6-m\libgcc.a(subdf3.o)
                              hpl/sercom/hpl_sercom.o (__aeabi_dsub)
c:/program files (x86)/atmel/studio/7.0/toolchain/arm/arm-gnu-toolchain/bin/../lib/gcc/arm-none-eabi/6.3.1/thumb/v6-m\libgcc.a(fixdfsi.o)
                              c:/program files (x86)/atmel/studio/7.0/toolchain/arm/arm-gnu-toolchain/bin/../lib/gcc/arm-none-eabi/6.3.1/thumb/v6-m\libgcc.a(_fixunsdfsi.o) (__aeabi_d2iz)
c:/program files (x86)/atmel/studio/7.0/toolchain/arm/arm-gnu-toolchain/bin/../lib/gcc/arm-none-eabi/6.3.1/thumb/v6-m\libgcc.a(floatsidf.o)
                              hpl/sercom/hpl_sercom.o (__aeabi_i2d)
c:/program files (x86)/atmel/studio/7.0/toolchain/arm/arm-gnu-toolchain/bin/../lib/gcc/arm-none-eabi/6.3.1/thumb/v6-m\libgcc.a(floatunsidf.o)
                              hpl/sercom/hpl_sercom.o (__aeabi_ui2d)
c:/program files (x86)/atmel/studio/7.0/toolchain/arm/arm-gnu-toolchain/bin/../lib/gcc/arm-none-eabi/6.3.1/thumb/v6-m\libgcc.a(extendsfdf2.o)
                              main.o (__aeabi_f2d)
c:/program files (x86)/atmel/studio/7.0/toolchain/arm/arm-gnu-toolchain/bin/../lib/gcc/arm-none-eabi/6.3.1/thumb/v6-m\libgcc.a(_arm_cmpdf2.o)
                              c:/program files (x86)/atmel/studio/7.0/toolchain/arm/arm-gnu-toolchain/bin/../lib/gcc/arm-none-eabi/6.3.1/thumb/v6-m\libgcc.a(_fixunsdfsi.o) (__aeabi_dcmpge)
c:/program files (x86)/atmel/studio/7.0/toolchain/arm/arm-gnu-toolchain/bin/../lib/gcc/arm-none-eabi/6.3.1/thumb/v6-m\libgcc.a(_clzsi2.o)
                              c:/program files (x86)/atmel/studio/7.0/toolchain/arm/arm-gnu-toolchain/bin/../lib/gcc/arm-none-eabi/6.3.1/thumb/v6-m\libgcc.a(mulsf3.o) (__clzsi2)
c:/program files (x86)/atmel/studio/7.0/toolchain/arm/arm-gnu-toolchain/bin/../lib/gcc/arm-none-eabi/6.3.1/thumb/v6-m\libgcc.a(_clzdi2.o)
                              c:/program files (x86)/atmel/studio/7.0/toolchain/arm/arm-gnu-toolchain/bin/../lib/gcc/arm-none-eabi/6.3.1/thumb/v6-m\libgcc.a(_udivmoddi4.o) (__clzdi2)
[...]
Memory Configuration

Name             Origin             Length             Attributes
rom              0x00000000         0x00040000         xr
ram              0x20000000         0x00008000         xrw
*default*        0x00000000         0xffffffff

Linker script and memory map

LOAD c:/program files (x86)/atmel/studio/7.0/toolchain/arm/arm-gnu-toolchain/bin/../lib/gcc/arm-none-eabi/6.3.1/thumb/v6-m/crtfastmath.o
LOAD c:/program files (x86)/atmel/studio/7.0/toolchain/arm/arm-gnu-toolchain/bin/../lib/gcc/arm-none-eabi/6.3.1/thumb/v6-m/crti.o
LOAD c:/program files (x86)/atmel/studio/7.0/toolchain/arm/arm-gnu-toolchain/bin/../lib/gcc/arm-none-eabi/6.3.1/thumb/v6-m/crtbegin.o
LOAD c:/program files (x86)/atmel/studio/7.0/toolchain/arm/arm-gnu-toolchain/bin/../lib/gcc/arm-none-eabi/6.3.1/../../../../arm-none-eabi/lib/thumb/v6-m/crt0.o
LOAD atmel_start.o
LOAD Device_Startup/startup_samd20.o
LOAD Device_Startup/system_samd20.o
LOAD driver_init.o
LOAD examples/driver_examples.o
LOAD hal/src/hal_adc_sync.o
LOAD hal/src/hal_atomic.o
LOAD hal/src/hal_delay.o
LOAD hal/src/hal_ext_irq.o
LOAD hal/src/hal_gpio.o
LOAD hal/src/hal_i2c_m_sync.o
LOAD hal/src/hal_init.o
LOAD hal/src/hal_io.o
LOAD hal/src/hal_pwm.o
LOAD hal/src/hal_sleep.o
LOAD hal/src/hal_spi_m_sync.o
LOAD hal/src/hal_timer.o
LOAD hal/src/hal_usart_async.o
LOAD hal/utils/src/utils_assert.o
LOAD hal/utils/src/utils_event.o
LOAD hal/utils/src/utils_list.o
LOAD hal/utils/src/utils_ringbuffer.o
LOAD hal/utils/src/utils_syscalls.o
LOAD hpl/adc/hpl_adc.o
LOAD hpl/core/hpl_core_m0plus_base.o
LOAD hpl/core/hpl_init.o
LOAD hpl/eic/hpl_eic.o
LOAD hpl/gclk/hpl_gclk.o
LOAD hpl/pm/hpl_pm.o
LOAD hpl/rtc/hpl_rtc.o
LOAD hpl/sercom/hpl_sercom.o
LOAD hpl/sysctrl/hpl_sysctrl.o
LOAD hpl/tc/hpl_tc.o
LOAD libs/adc/ADS1x1x.o
LOAD libs/driver/hw_driver.o
LOAD libs/ethernet/socket.o
LOAD libs/ethernet/W5500/http_parser.o
LOAD libs/ethernet/W5500/w5500.o
LOAD libs/ethernet/wizchip_conf.o
LOAD libs/sdcard/ff.o
LOAD libs/sdcard/sdApp.o
LOAD libs/sdcard/sdmm.o
LOAD main.o
START GROUP
LOAD c:/program files (x86)/atmel/studio/7.0/toolchain/arm/arm-gnu-toolchain/bin/../lib/gcc/arm-none-eabi/6.3.1/../../../../arm-none-eabi/lib/thumb/v6-m\libm.a
END GROUP
START GROUP
LOAD c:/program files (x86)/atmel/studio/7.0/toolchain/arm/arm-gnu-toolchain/bin/../lib/gcc/arm-none-eabi/6.3.1/thumb/v6-m\libgcc.a
LOAD c:/program files (x86)/atmel/studio/7.0/toolchain/arm/arm-gnu-toolchain/bin/../lib/gcc/arm-none-eabi/6.3.1/../../../../arm-none-eabi/lib/thumb/v6-m\libc.a
END GROUP
LOAD c:/program files (x86)/atmel/studio/7.0/toolchain/arm/arm-gnu-toolchain/bin/../lib/gcc/arm-none-eabi/6.3.1/thumb/v6-m/crtend.o
LOAD c:/program files (x86)/atmel/studio/7.0/toolchain/arm/arm-gnu-toolchain/bin/../lib/gcc/arm-none-eabi/6.3.1/thumb/v6-m/crtn.o
                0x00002000                STACK_SIZE = DEFINED (STACK_SIZE)?STACK_SIZE:DEFINED (__stack_size__)?__stack_size__:0x2000

.text           0x00000000    0x15d40
                0x00000000                . = ALIGN (0x4)
                0x00000000                _sfixed = .
 *(.vectors .vectors.*)
 .vectors       0x00000000       0xa4 Device_Startup/startup_samd20.o
                0x00000000                exception_table
 *(.text .text.* .gnu.linkonce.t.*)
 .text          0x000000a4       0x60 c:/program files (x86)/atmel/studio/7.0/toolchain/arm/arm-gnu-toolchain/bin/../lib/gcc/arm-none-eabi/6.3.1/thumb/v6-m/crtbegin.o
 .text.Dummy_Handler
                0x00000104        0x2 Device_Startup/startup_samd20.o
                0x00000104                SVCall_Handler
                0x00000104                HardFault_Handler
                0x00000104                TC2_Handler
                0x00000104                AC_Handler
                0x00000104                SysTick_Handler
                0x00000104                PendSV_Handler
                0x00000104                SERCOM1_Handler
                0x00000104                ADC_Handler
                0x00000104                NonMaskableInt_Handler
                0x00000104                SERCOM2_Handler
                0x00000104                WDT_Handler
                0x00000104                TC4_Handler
                0x00000104                TC1_Handler
                0x00000104                TC3_Handler
                0x00000104                Dummy_Handler
                0x00000104                PM_Handler
                0x00000104                SERCOM5_Handler
                0x00000104                EVSYS_Handler
                0x00000104                SERCOM3_Handler
                0x00000104                NVMCTRL_Handler
                0x00000104                SERCOM0_Handler
                0x00000104                DAC_Handler
                0x00000104                PTC_Handler
                0x00000104                TC0_Handler
                0x00000104                TC5_Handler
                0x00000104                SYSCTRL_Handler
 *fill*         0x00000106        0x2 
 .text.Reset_Handler
                0x00000108       0x74 Device_Startup/startup_samd20.o
                0x00000108                Reset_Handler
 .text.atomic_enter_critical
                0x0000017c        0xe hal/src/hal_atomic.o
                0x0000017c                atomic_enter_critical
 .text.atomic_leave_critical
                0x0000018a        0xc hal/src/hal_atomic.o
                0x0000018a                atomic_leave_critical
 *fill*         0x00000196        0x2 
 .text.delay_us
                0x00000198       0x20 hal/src/hal_delay.o
                0x00000198                delay_us
 .text.delay_ms
                0x000001b8       0x20 hal/src/hal_delay.o
                0x000001b8                delay_ms
 .text.process_ext_irq
                0x000001d8       0x44 hal/src/hal_ext_irq.o
 .text.ext_irq_init
                0x0000021c       0x34 hal/src/hal_ext_irq.o
                0x0000021c                ext_irq_init
 .text.ext_irq_register
                0x00000250       0xd8 hal/src/hal_ext_irq.o
                0x00000250                ext_irq_register
 .text.i2c_m_sync_write
                0x00000328       0x34 hal/src/hal_i2c_m_sync.o
 .text.i2c_m_sync_read
                0x0000035c       0x34 hal/src/hal_i2c_m_sync.o
 .text.i2c_m_sync_init
                0x00000390       0x40 hal/src/hal_i2c_m_sync.o
                0x00000390                i2c_m_sync_init
 .text.i2c_m_sync_enable
                0x000003d0        0xc hal/src/hal_i2c_m_sync.o
                0x000003d0                i2c_m_sync_enable
 .text.i2c_m_sync_set_slaveaddr
                0x000003dc       0x12 hal/src/hal_i2c_m_sync.o
                0x000003dc                i2c_m_sync_set_slaveaddr
 .text.i2c_m_sync_get_io_descriptor
                0x000003ee        0x8 hal/src/hal_i2c_m_sync.o
                0x000003ee                i2c_m_sync_get_io_descriptor
 *fill*         0x000003f6        0x2 
 .text.io_write
                0x000003f8       0x38 hal/src/hal_io.o
                0x000003f8                io_write
 .text.io_read  0x00000430       0x38 hal/src/hal_io.o
                0x00000430                io_read
 .text.spi_m_sync_init
                0x00000468       0x58 hal/src/hal_spi_m_sync.o
                0x00000468                spi_m_sync_init
 .text.spi_m_sync_enable
                0x000004c0       0x28 hal/src/hal_spi_m_sync.o
                0x000004c0                spi_m_sync_enable
 .text.spi_m_sync_transfer
                0x000004e8       0x48 hal/src/hal_spi_m_sync.o
                0x000004e8                spi_m_sync_transfer
 .text._spi_m_sync_io_write
                0x00000530       0x3c hal/src/hal_spi_m_sync.o
 .text._spi_m_sync_io_read
                0x0000056c       0x3c hal/src/hal_spi_m_sync.o
 .text.spi_m_sync_get_io_descriptor
                0x000005a8       0x30 hal/src/hal_spi_m_sync.o
                0x000005a8                spi_m_sync_get_io_descriptor
 .text.timer_add_timer_task
                0x000005d8       0x58 hal/src/hal_timer.o
 .text.timer_process_counted
                0x00000630       0x64 hal/src/hal_timer.o
 .text.timer_init
                0x00000694       0x44 hal/src/hal_timer.o
                0x00000694                timer_init
 .text.timer_start
                0x000006d8       0x3c hal/src/hal_timer.o
                0x000006d8                timer_start
 .text.timer_add_task
                0x00000714       0xb0 hal/src/hal_timer.o
                0x00000714                timer_add_task
 .text.usart_transmission_complete
                0x000007c4       0x12 hal/src/hal_usart_async.o
 .text.usart_error
                0x000007d6       0x12 hal/src/hal_usart_async.o
 .text.usart_fill_rx_buffer
                0x000007e8       0x1c hal/src/hal_usart_async.o
 .text.usart_async_write
                0x00000804       0x68 hal/src/hal_usart_async.o
 .text.usart_process_byte_sent
                0x0000086c       0x44 hal/src/hal_usart_async.o
 .text.usart_async_read
                0x000008b0       0x80 hal/src/hal_usart_async.o
 .text.usart_async_init
                0x00000930       0x9c hal/src/hal_usart_async.o
                0x00000930                usart_async_init
 .text.usart_async_enable
                0x000009cc       0x2c hal/src/hal_usart_async.o
                0x000009cc                usart_async_enable
 .text.usart_async_get_io_descriptor
                0x000009f8       0x30 hal/src/hal_usart_async.o
                0x000009f8                usart_async_get_io_descriptor
 .text.usart_async_register_callback
                0x00000a28       0x78 hal/src/hal_usart_async.o
                0x00000a28                usart_async_register_callback
 .text.assert   0x00000aa0        0x8 hal/utils/src/utils_assert.o
                0x00000aa0                assert
 .text.is_list_element
                0x00000aa8       0x16 hal/utils/src/utils_list.o
                0x00000aa8                is_list_element
 *fill*         0x00000abe        0x2 
 .text.list_insert_as_head
                0x00000ac0       0x2c hal/utils/src/utils_list.o
                0x00000ac0                list_insert_as_head
 .text.list_insert_after
                0x00000aec        0x8 hal/utils/src/utils_list.o
                0x00000aec                list_insert_after
 .text.list_remove_head
                0x00000af4       0x12 hal/utils/src/utils_list.o
                0x00000af4                list_remove_head
 *fill*         0x00000b06        0x2 
 .text.ringbuffer_init
                0x00000b08       0x4c hal/utils/src/utils_ringbuffer.o
                0x00000b08                ringbuffer_init
 .text.ringbuffer_get
                0x00000b54       0x4c hal/utils/src/utils_ringbuffer.o
                0x00000b54                ringbuffer_get
 .text.ringbuffer_put
                0x00000ba0       0x40 hal/utils/src/utils_ringbuffer.o
                0x00000ba0                ringbuffer_put
 .text.ringbuffer_num
                0x00000be0       0x24 hal/utils/src/utils_ringbuffer.o
                0x00000be0                ringbuffer_num
 .text._sbrk    0x00000c04       0x24 hal/utils/src/utils_syscalls.o
                0x00000c04                _sbrk
 .text._close   0x00000c28        0x6 hal/utils/src/utils_syscalls.o
                0x00000c28                _close
 .text._fstat   0x00000c2e        0xa hal/utils/src/utils_syscalls.o
                0x00000c2e                _fstat
 .text._isatty  0x00000c38        0x4 hal/utils/src/utils_syscalls.o
                0x00000c38                _isatty
 .text._lseek   0x00000c3c        0x4 hal/utils/src/utils_syscalls.o
                0x00000c3c                _lseek
 .text._get_cycles_for_us
                0x00000c40       0x18 hpl/core/hpl_core_m0plus_base.o
                0x00000c40                _get_cycles_for_us
 .text._get_cycles_for_ms
                0x00000c58       0x1c hpl/core/hpl_core_m0plus_base.o
                0x00000c58                _get_cycles_for_ms
 .text._delay_cycles
                0x00000c74        0x6 hpl/core/hpl_core_m0plus_base.o
                0x00000c74                _delay_cycles
 *fill*         0x00000c7a        0x2 
 .text._init_chip
                0x00000c7c       0x38 hpl/core/hpl_init.o
                0x00000c7c                _init_chip
 .text._ext_irq_init
                0x00000cb4       0x90 hpl/eic/hpl_eic.o
                0x00000cb4                _ext_irq_init
 .text._ext_irq_enable
                0x00000d44       0x4c hpl/eic/hpl_eic.o
                0x00000d44                _ext_irq_enable
 .text.EIC_Handler
                0x00000d90       0xb8 hpl/eic/hpl_eic.o
                0x00000d90                EIC_Handler
 .text._gclk_init_generators_by_fref
                0x00000e48       0x5c hpl/gclk/hpl_gclk.o
                0x00000e48                _gclk_init_generators_by_fref
 .text._pm_init
                0x00000ea4       0x20 hpl/pm/hpl_pm.o
                0x00000ea4                _pm_init
 .text._rtc_timer_interrupt_handler
                0x00000ec4       0x1c hpl/rtc/hpl_rtc.o
 .text._timer_init
                0x00000ee0       0x5c hpl/rtc/hpl_rtc.o
                0x00000ee0                _timer_init
 .text._timer_start
                0x00000f3c       0x58 hpl/rtc/hpl_rtc.o
                0x00000f3c                _timer_start
 .text._timer_is_started
                0x00000f94       0x12 hpl/rtc/hpl_rtc.o
                0x00000f94                _timer_is_started
 .text._timer_set_irq
                0x00000fa6        0x2 hpl/rtc/hpl_rtc.o
                0x00000fa6                _timer_set_irq
 .text._rtc_get_timer
                0x00000fa8        0x4 hpl/rtc/hpl_rtc.o
                0x00000fa8                _rtc_get_timer
 .text.RTC_Handler
                0x00000fac       0x14 hpl/rtc/hpl_rtc.o
                0x00000fac                RTC_Handler
 .text._sercom_get_hardware_index
                0x00000fc0       0x10 hpl/sercom/hpl_sercom.o
 .text._sercom_usart_interrupt_handler
                0x00000fd0       0x50 hpl/sercom/hpl_sercom.o
 .text._sercom_get_irq_num
                0x00001020       0x10 hpl/sercom/hpl_sercom.o
 .text._sercom_init_irq_param
                0x00001030       0x18 hpl/sercom/hpl_sercom.o
 .text._spi_sync_enable
                0x00001048       0x1e hpl/sercom/hpl_sercom.o
 *fill*         0x00001066        0x2 
 .text._get_sercom_index
                0x00001068       0x40 hpl/sercom/hpl_sercom.o
 .text._usart_init
                0x000010a8       0x74 hpl/sercom/hpl_sercom.o
 .text._get_i2cm_index
                0x0000111c       0x44 hpl/sercom/hpl_sercom.o
 .text._sercom_i2c_sync_send_address
                0x00001160      0x198 hpl/sercom/hpl_sercom.o
 .text._usart_async_init
                0x000012f8       0x8c hpl/sercom/hpl_sercom.o
                0x000012f8                _usart_async_init
 .text._usart_async_enable
                0x00001384       0x12 hpl/sercom/hpl_sercom.o
                0x00001384                _usart_async_enable
 .text._usart_async_write_byte
                0x00001396        0x8 hpl/sercom/hpl_sercom.o
                0x00001396                _usart_async_write_byte
 .text._usart_async_enable_byte_sent_irq
                0x0000139e        0x8 hpl/sercom/hpl_sercom.o
                0x0000139e                _usart_async_enable_byte_sent_irq
 .text._usart_async_enable_tx_done_irq
                0x000013a6        0x8 hpl/sercom/hpl_sercom.o
                0x000013a6                _usart_async_enable_tx_done_irq
 *fill*         0x000013ae        0x2 
 .text._usart_async_set_irq_state
                0x000013b0       0x60 hpl/sercom/hpl_sercom.o
                0x000013b0                _usart_async_set_irq_state
 .text.SERCOM4_Handler
                0x00001410       0x14 hpl/sercom/hpl_sercom.o
                0x00001410                SERCOM4_Handler
 .text._i2c_m_sync_init
                0x00001424       0xac hpl/sercom/hpl_sercom.o
                0x00001424                _i2c_m_sync_init
 .text._i2c_m_sync_enable
                0x000014d0       0x78 hpl/sercom/hpl_sercom.o
                0x000014d0                _i2c_m_sync_enable
 .text._i2c_m_sync_transfer
                0x00001548      0x21c hpl/sercom/hpl_sercom.o
                0x00001548                _i2c_m_sync_transfer
 .text._spi_m_sync_init
                0x00001764      0x1bc hpl/sercom/hpl_sercom.o
                0x00001764                _spi_m_sync_init
 .text._spi_m_sync_enable
                0x00001920       0x38 hpl/sercom/hpl_sercom.o
                0x00001920                _spi_m_sync_enable
 .text._spi_m_sync_trans
                0x00001958       0xe8 hpl/sercom/hpl_sercom.o
                0x00001958                _spi_m_sync_trans
 .text._sysctrl_init_sources
                0x00001a40       0x4c hpl/sysctrl/hpl_sysctrl.o
                0x00001a40                _sysctrl_init_sources
 .text._sysctrl_init_referenced_generators
                0x00001a8c       0x80 hpl/sysctrl/hpl_sysctrl.o
                0x00001a8c                _sysctrl_init_referenced_generators
 .text.tc_pwm_interrupt_handler
                0x00001b0c       0x2e hpl/tc/hpl_tc.o
 *fill*         0x00001b3a        0x2 
 .text.TC6_Handler
                0x00001b3c       0x14 hpl/tc/hpl_tc.o
                0x00001b3c                TC6_Handler
 .text.TC7_Handler
                0x00001b50       0x14 hpl/tc/hpl_tc.o
                0x00001b50                TC7_Handler
 .text.ETH_Handler
                0x00001b64        0x2 libs/driver/hw_driver.o
 *fill*         0x00001b66        0x2 
 .text.tx_cb_USART
                0x00001b68        0xc libs/driver/hw_driver.o
 .text.TIMER_0_task1_cb
                0x00001b74        0xc libs/driver/hw_driver.o
 .text.TIMER_0_task2_cb
                0x00001b80        0xc libs/driver/hw_driver.o
 .text.TIMER_IRQ_init
                0x00001b8c       0x84 libs/driver/hw_driver.o
 .text.rx_cb_USART
                0x00001c10       0xac libs/driver/hw_driver.o
 .text.buzer    0x00001cbc       0x18 libs/driver/hw_driver.o
                0x00001cbc                buzer
 .text.err_cb_USART
                0x00001cd4       0x1c libs/driver/hw_driver.o
 .text.gpio_init
                0x00001cf0      0x2a8 libs/driver/hw_driver.o
                0x00001cf0                gpio_init
 .text.EXT_IRG_init
                0x00001f98       0x60 libs/driver/hw_driver.o
                0x00001f98                EXT_IRG_init
 .text.ETH_SPI_init
                0x00001ff8      0x134 libs/driver/hw_driver.o
                0x00001ff8                ETH_SPI_init
 .text.ETH_SPI_Select
                0x0000212c       0x18 libs/driver/hw_driver.o
                0x0000212c                ETH_SPI_Select
 .text.W5500_Select
                0x00002144       0x10 libs/driver/hw_driver.o
                0x00002144                W5500_Select
 .text.W5500_Unselect
                0x00002154       0x10 libs/driver/hw_driver.o
                0x00002154                W5500_Unselect
 .text.W5500_ReadBuff
                0x00002164       0x1c libs/driver/hw_driver.o
                0x00002164                W5500_ReadBuff
 .text.W5500_WriteBuff
                0x00002180       0x1c libs/driver/hw_driver.o
                0x00002180                W5500_WriteBuff
 .text.W5500_ReadByte
                0x0000219c       0x28 libs/driver/hw_driver.o
                0x0000219c                W5500_ReadByte
 .text.W5500_Write_byte
                0x000021c4       0x20 libs/driver/hw_driver.o
                0x000021c4                W5500_Write_byte
 .text.EXT_SPI_init
                0x000021e4      0x110 libs/driver/hw_driver.o
                0x000021e4                EXT_SPI_init
 .text.EXT_SPI_ReadBuff
                0x000022f4       0x1c libs/driver/hw_driver.o
                0x000022f4                EXT_SPI_ReadBuff
 .text.EXT_SPI_WriteBuff
                0x00002310       0x1c libs/driver/hw_driver.o
                0x00002310                EXT_SPI_WriteBuff
 .text.EXT_I2C_init
                0x0000232c       0xa8 libs/driver/hw_driver.o
                0x0000232c                EXT_I2C_init
 .text.I2C_write_batch
                0x000023d4       0x34 libs/driver/hw_driver.o
                0x000023d4                I2C_write_batch
 .text.rxBytesGet
                0x00002408        0xc libs/driver/hw_driver.o
                0x00002408                rxBytesGet
 .text.SerialReady
                0x00002414       0x74 libs/driver/hw_driver.o
                0x00002414                SerialReady
 .text.DEBUG_Serial_init
                0x00002488       0xe0 libs/driver/hw_driver.o
                0x00002488                DEBUG_Serial_init
 .text.mcu_init
                0x00002568       0x54 libs/driver/hw_driver.o
                0x00002568                mcu_init
 .text.SerialWrite
                0x000025bc       0x70 libs/driver/hw_driver.o
                0x000025bc                SerialWrite
 .text._write   0x0000262c       0x2c libs/driver/hw_driver.o
                0x0000262c                _write
 .text._read    0x00002658        0x4 libs/driver/hw_driver.o
                0x00002658                _read
 .text.GetIpSwitch
                0x0000265c       0xe0 libs/driver/hw_driver.o
                0x0000265c                GetIpSwitch
 .text.adcRequest
                0x0000273c       0x10 libs/driver/hw_driver.o
                0x0000273c                adcRequest
 .text.close    0x0000274c       0x88 libs/ethernet/socket.o
                0x0000274c                close
 .text.socket   0x000027d4      0x180 libs/ethernet/socket.o
                0x000027d4                socket
 .text.listen   0x00002954       0x7c libs/ethernet/socket.o
                0x00002954                listen
 .text.disconnect
                0x000029d0       0x9c libs/ethernet/socket.o
                0x000029d0                disconnect
 .text.send     0x00002a6c      0x14c libs/ethernet/socket.o
                0x00002a6c                send
 .text.recv     0x00002bb8      0x10c libs/ethernet/socket.o
                0x00002bb8                recv
 .text.sendto   0x00002cc4      0x188 libs/ethernet/socket.o
                0x00002cc4                sendto
 .text.recvfrom
                0x00002e4c      0x294 libs/ethernet/socket.o
                0x00002e4c                recvfrom
 .text.getsockopt
                0x000030e0      0x18c libs/ethernet/socket.o
                0x000030e0                getsockopt
 .text.WIZCHIP_READ
                0x0000326c       0x64 libs/ethernet/W5500/w5500.o
                0x0000326c                WIZCHIP_READ
 .text.WIZCHIP_WRITE
                0x000032d0       0x60 libs/ethernet/W5500/w5500.o
                0x000032d0                WIZCHIP_WRITE
 .text.WIZCHIP_READ_BUF
                0x00003330       0x80 libs/ethernet/W5500/w5500.o
                0x00003330                WIZCHIP_READ_BUF
 .text.WIZCHIP_WRITE_BUF
                0x000033b0       0x78 libs/ethernet/W5500/w5500.o
                0x000033b0                WIZCHIP_WRITE_BUF
 .text.getSn_TX_FSR
                0x00003428       0x6c libs/ethernet/W5500/w5500.o
                0x00003428                getSn_TX_FSR
 .text.getSn_RX_RSR
                0x00003494       0x6c libs/ethernet/W5500/w5500.o
                0x00003494                getSn_RX_RSR
 .text.wiz_send_data
                0x00003500       0x78 libs/ethernet/W5500/w5500.o
                0x00003500                wiz_send_data
 .text.wiz_recv_data
                0x00003578       0x78 libs/ethernet/W5500/w5500.o
                0x00003578                wiz_recv_data
 .text.wiz_recv_ignore
                0x000035f0       0x54 libs/ethernet/W5500/w5500.o
                0x000035f0                wiz_recv_ignore
 .text.wizchip_cris_enter
                0x00003644        0x2 libs/ethernet/wizchip_conf.o
                0x00003644                wizchip_cris_enter
 .text.wizchip_cris_exit
                0x00003646        0x2 libs/ethernet/wizchip_conf.o
                0x00003646                wizchip_cris_exit
 .text.wizchip_cs_select
                0x00003648        0x2 libs/ethernet/wizchip_conf.o
                0x00003648                wizchip_cs_select
 .text.wizchip_cs_deselect
                0x0000364a        0x2 libs/ethernet/wizchip_conf.o
                0x0000364a                wizchip_cs_deselect
 .text.wizchip_bus_readdata
                0x0000364c        0x6 libs/ethernet/wizchip_conf.o
                0x0000364c                wizchip_bus_readdata
 .text.wizchip_bus_writedata
                0x00003652        0x4 libs/ethernet/wizchip_conf.o
                0x00003652                wizchip_bus_writedata
 .text.wizchip_spi_readbyte
                0x00003656        0x4 libs/ethernet/wizchip_conf.o
                0x00003656                wizchip_spi_readbyte
 .text.wizchip_spi_writebyte
                0x0000365a        0x2 libs/ethernet/wizchip_conf.o
                0x0000365a                wizchip_spi_writebyte
 .text.wizchip_spi_readburst
                0x0000365c        0x2 libs/ethernet/wizchip_conf.o
                0x0000365c                wizchip_spi_readburst
 .text.wizchip_spi_writeburst
                0x0000365e        0x2 libs/ethernet/wizchip_conf.o
                0x0000365e                wizchip_spi_writeburst
 .text.reg_wizchip_cs_cbfunc
                0x00003660       0x28 libs/ethernet/wizchip_conf.o
                0x00003660                reg_wizchip_cs_cbfunc
 .text.reg_wizchip_spi_cbfunc
                0x00003688       0x30 libs/ethernet/wizchip_conf.o
                0x00003688                reg_wizchip_spi_cbfunc
 .text.reg_wizchip_spiburst_cbfunc
                0x000036b8       0x30 libs/ethernet/wizchip_conf.o
                0x000036b8                reg_wizchip_spiburst_cbfunc
 .text.wizchip_sw_reset
                0x000036e8       0x7c libs/ethernet/wizchip_conf.o
                0x000036e8                wizchip_sw_reset
 .text.wizchip_init
                0x00003764       0xa0 libs/ethernet/wizchip_conf.o
                0x00003764                wizchip_init
 .text.wizphy_reset
                0x00003804       0x30 libs/ethernet/wizchip_conf.o
                0x00003804                wizphy_reset
 .text.wizchip_setnetinfo
                0x00003834       0x58 libs/ethernet/wizchip_conf.o
                0x00003834                wizchip_setnetinfo
 .text.wizchip_getnetinfo
                0x0000388c       0x58 libs/ethernet/wizchip_conf.o
                0x0000388c                wizchip_getnetinfo
 .text.wizchip_setnetmode
                0x000038e4       0x30 libs/ethernet/wizchip_conf.o
                0x000038e4                wizchip_setnetmode
 .text.wizchip_getnetmode
                0x00003914       0x10 libs/ethernet/wizchip_conf.o
                0x00003914                wizchip_getnetmode
 .text.wizchip_settimeout
                0x00003924       0x28 libs/ethernet/wizchip_conf.o
                0x00003924                wizchip_settimeout
 .text.wizchip_gettimeout
                0x0000394c       0x2c libs/ethernet/wizchip_conf.o
                0x0000394c                wizchip_gettimeout
 .text.ctlnetwork
                0x00003978       0x6c libs/ethernet/wizchip_conf.o
                0x00003978                ctlnetwork
 .text.ld_word  0x000039e4        0xa libs/sdcard/ff.o
 .text.ld_dword
                0x000039ee       0x16 libs/sdcard/ff.o
 .text.st_word  0x00003a04        0x8 libs/sdcard/ff.o
 .text.st_dword
                0x00003a0c       0x10 libs/sdcard/ff.o
 .text.dbc_1st  0x00003a1c        0x4 libs/sdcard/ff.o
 .text.dbc_2nd  0x00003a20        0x4 libs/sdcard/ff.o
 .text.clst2sect
                0x00003a24       0x18 libs/sdcard/ff.o
 .text.ld_clust
                0x00003a3c       0x2c libs/sdcard/ff.o
 .text.st_clust
                0x00003a68       0x2c libs/sdcard/ff.o
 .text.get_fileinfo
                0x00003a94       0x78 libs/sdcard/ff.o
 .text.get_ldnumber
                0x00003b0c       0x52 libs/sdcard/ff.o
 *fill*         0x00003b5e        0x2 
 .text.validate
                0x00003b60       0x50 libs/sdcard/ff.o
 .text.sync_window
                0x00003bb0       0x58 libs/sdcard/ff.o
 .text.move_window
                0x00003c08       0x40 libs/sdcard/ff.o
 .text.check_fs
                0x00003c48       0xf4 libs/sdcard/ff.o
 .text.find_volume
                0x00003d3c       0x78 libs/sdcard/ff.o
 .text.mount_volume
                0x00003db4      0x2e8 libs/sdcard/ff.o
 .text.put_fat  0x0000409c      0x148 libs/sdcard/ff.o
 .text.get_fat  0x000041e4       0xf0 libs/sdcard/ff.o
 .text.dir_sdi  0x000042d4       0xb4 libs/sdcard/ff.o
 .text.create_chain
                0x00004388      0x12c libs/sdcard/ff.o
 .text.remove_chain
                0x000044b4       0x84 libs/sdcard/ff.o
 .text.dir_clear
                0x00004538       0x70 libs/sdcard/ff.o
 .text.dir_next
                0x000045a8       0xe4 libs/sdcard/ff.o
 .text.dir_find
                0x0000468c       0x68 libs/sdcard/ff.o
 .text.dir_alloc
                0x000046f4       0x5c libs/sdcard/ff.o
 .text.dir_read
                0x00004750       0x68 libs/sdcard/ff.o
 .text.create_name
                0x000047b8      0x148 libs/sdcard/ff.o
 .text.follow_path
                0x00004900       0x94 libs/sdcard/ff.o
 .text.dir_register
                0x00004994       0x4c libs/sdcard/ff.o
 .text.sync_fs  0x000049e0       0xac libs/sdcard/ff.o
 .text.f_mount  0x00004a8c       0x64 libs/sdcard/ff.o
                0x00004a8c                f_mount
 .text.f_open   0x00004af0      0x21c libs/sdcard/ff.o
                0x00004af0                f_open
 .text.f_read   0x00004d0c      0x178 libs/sdcard/ff.o
                0x00004d0c                f_read
 .text.f_write  0x00004e84      0x1e8 libs/sdcard/ff.o
                0x00004e84                f_write
 .text.f_sync   0x0000506c       0x88 libs/sdcard/ff.o
                0x0000506c                f_sync
 .text.f_close  0x000050f4       0x2c libs/sdcard/ff.o
                0x000050f4                f_close
 .text.f_opendir
                0x00005120       0x84 libs/sdcard/ff.o
                0x00005120                f_opendir
 .text.f_closedir
                0x000051a4       0x1c libs/sdcard/ff.o
                0x000051a4                f_closedir
 .text.f_readdir
                0x000051c0       0x68 libs/sdcard/ff.o
                0x000051c0                f_readdir
 .text.sd_init  0x00005228       0x3c libs/sdcard/sdApp.o
                0x00005228                sd_init
 .text.sd_write_line
                0x00005264       0x60 libs/sdcard/sdApp.o
                0x00005264                sd_write_line
 .text.sd_close_file
                0x000052c4       0x34 libs/sdcard/sdApp.o
                0x000052c4                sd_close_file
 .text.sd_read_file_chunk
                0x000052f8       0xa8 libs/sdcard/sdApp.o
                0x000052f8                sd_read_file_chunk
 .text.sd_list_files
                0x000053a0       0x88 libs/sdcard/sdApp.o
                0x000053a0                sd_list_files
 .text.sd_print_file
                0x00005428       0xb4 libs/sdcard/sdApp.o
                0x00005428                sd_print_file
 .text.rcvr_mmc
                0x000054dc       0x10 libs/sdcard/sdmm.o
 .text.sd_deselect
                0x000054ec       0x20 libs/sdcard/sdmm.o
 .text.dly_us   0x0000550c       0x18 libs/sdcard/sdmm.o
 .text.wait_ready
                0x00005524       0x3c libs/sdcard/sdmm.o
 .text.sd_select
                0x00005560       0x3c libs/sdcard/sdmm.o
 .text.rcvr_datablock
                0x0000559c       0x54 libs/sdcard/sdmm.o
 .text.xmit_mmc
                0x000055f0       0x10 libs/sdcard/sdmm.o
 .text.send_cmd
                0x00005600       0xac libs/sdcard/sdmm.o
 .text.xmit_datablock
                0x000056ac       0x60 libs/sdcard/sdmm.o
 .text.disk_status
                0x0000570c       0x14 libs/sdcard/sdmm.o
                0x0000570c                disk_status
 .text.disk_initialize
                0x00005720      0x124 libs/sdcard/sdmm.o
                0x00005720                disk_initialize
 .text.disk_read
                0x00005844       0x80 libs/sdcard/sdmm.o
                0x00005844                disk_read
 .text.disk_write
                0x000058c4       0xa4 libs/sdcard/sdmm.o
                0x000058c4                disk_write
 .text.disk_ioctl
                0x00005968       0xf0 libs/sdcard/sdmm.o
                0x00005968                disk_ioctl
 .text.main     0x00005a58      0x914 main.o
                0x00005a58                main
 .text          0x0000636c      0x114 c:/program files (x86)/atmel/studio/7.0/toolchain/arm/arm-gnu-toolchain/bin/../lib/gcc/arm-none-eabi/6.3.1/thumb/v6-m\libgcc.a(_udivsi3.o)
                0x0000636c                __aeabi_uidiv
                0x0000636c                __udivsi3
                0x00006478                __aeabi_uidivmod
 .text          0x00006480      0x1d4 c:/program files (x86)/atmel/studio/7.0/toolchain/arm/arm-gnu-toolchain/bin/../lib/gcc/arm-none-eabi/6.3.1/thumb/v6-m\libgcc.a(_divsi3.o)
                0x00006480                __divsi3
                0x00006480                __aeabi_idiv
                0x0000664c                __aeabi_idivmod
 .text          0x00006654        0x4 c:/program files (x86)/atmel/studio/7.0/toolchain/arm/arm-gnu-toolchain/bin/../lib/gcc/arm-none-eabi/6.3.1/thumb/v6-m\libgcc.a(_dvmd_tls.o)
                0x00006654                __aeabi_idiv0
                0x00006654                __aeabi_ldiv0
 .text          0x00006658       0x40 c:/program files (x86)/atmel/studio/7.0/toolchain/arm/arm-gnu-toolchain/bin/../lib/gcc/arm-none-eabi/6.3.1/thumb/v6-m\libgcc.a(_aeabi_uldivmod.o)
                0x00006658                __aeabi_uldivmod
 .text          0x00006698       0x54 c:/program files (x86)/atmel/studio/7.0/toolchain/arm/arm-gnu-toolchain/bin/../lib/gcc/arm-none-eabi/6.3.1/thumb/v6-m\libgcc.a(_muldi3.o)
                0x00006698                __muldi3
                0x00006698                __aeabi_lmul
 .text          0x000066ec       0x14 c:/program files (x86)/atmel/studio/7.0/toolchain/arm/arm-gnu-toolchain/bin/../lib/gcc/arm-none-eabi/6.3.1/thumb/v6-m\libgcc.a(_ffssi2.o)
                0x000066ec                __ffssi2
 .text          0x00006700       0x3c c:/program files (x86)/atmel/studio/7.0/toolchain/arm/arm-gnu-toolchain/bin/../lib/gcc/arm-none-eabi/6.3.1/thumb/v6-m\libgcc.a(_fixunsdfsi.o)
                0x00006700                __aeabi_d2uiz
                0x00006700                __fixunsdfsi
 .text          0x0000673c      0x180 c:/program files (x86)/atmel/studio/7.0/toolchain/arm/arm-gnu-toolchain/bin/../lib/gcc/arm-none-eabi/6.3.1/thumb/v6-m\libgcc.a(_udivmoddi4.o)
                0x0000673c                __udivmoddi4
 .text          0x000068bc      0x240 c:/program files (x86)/atmel/studio/7.0/toolchain/arm/arm-gnu-toolchain/bin/../lib/gcc/arm-none-eabi/6.3.1/thumb/v6-m\libgcc.a(mulsf3.o)
                0x000068bc                __aeabi_fmul
 .text          0x00006afc      0x620 c:/program files (x86)/atmel/studio/7.0/toolchain/arm/arm-gnu-toolchain/bin/../lib/gcc/arm-none-eabi/6.3.1/thumb/v6-m\libgcc.a(adddf3.o)
                0x00006afc                __aeabi_dadd
 .text          0x0000711c      0x668 c:/program files (x86)/atmel/studio/7.0/toolchain/arm/arm-gnu-toolchain/bin/../lib/gcc/arm-none-eabi/6.3.1/thumb/v6-m\libgcc.a(divdf3.o)
                0x0000711c                __aeabi_ddiv
 .text          0x00007784      0x500 c:/program files (x86)/atmel/studio/7.0/toolchain/arm/arm-gnu-toolchain/bin/../lib/gcc/arm-none-eabi/6.3.1/thumb/v6-m\libgcc.a(muldf3.o)
                0x00007784                __aeabi_dmul
 .text          0x00007c84      0x62c c:/program files (x86)/atmel/studio/7.0/toolchain/arm/arm-gnu-toolchain/bin/../lib/gcc/arm-none-eabi/6.3.1/thumb/v6-m\libgcc.a(subdf3.o)
                0x00007c84                __aeabi_dsub
 .text          0x000082b0       0x68 c:/program files (x86)/atmel/studio/7.0/toolchain/arm/arm-gnu-toolchain/bin/../lib/gcc/arm-none-eabi/6.3.1/thumb/v6-m\libgcc.a(fixdfsi.o)
                0x000082b0                __aeabi_d2iz
 .text          0x00008318       0x84 c:/program files (x86)/atmel/studio/7.0/toolchain/arm/arm-gnu-toolchain/bin/../lib/gcc/arm-none-eabi/6.3.1/thumb/v6-m\libgcc.a(floatsidf.o)
                0x00008318                __aeabi_i2d
 .text          0x0000839c       0x70 c:/program files (x86)/atmel/studio/7.0/toolchain/arm/arm-gnu-toolchain/bin/../lib/gcc/arm-none-eabi/6.3.1/thumb/v6-m\libgcc.a(floatunsidf.o)
                0x0000839c                __aeabi_ui2d
 .text          0x0000840c       0xa4 c:/program files (x86)/atmel/studio/7.0/toolchain/arm/arm-gnu-toolchain/bin/../lib/gcc/arm-none-eabi/6.3.1/thumb/v6-m\libgcc.a(extendsfdf2.o)
                0x0000840c                __aeabi_f2d
 .text          0x000084b0       0x7c c:/program files (x86)/atmel/studio/7.0/toolchain/arm/arm-gnu-toolchain/bin/../lib/gcc/arm-none-eabi/6.3.1/thumb/v6-m\libgcc.a(_arm_cmpdf2.o)
                0x000084b0                __aeabi_cdrcmple
                0x000084c0                __aeabi_cdcmple
                0x000084c0                __aeabi_cdcmpeq
                0x000084d0                __aeabi_dcmpeq
                0x000084dc                __aeabi_dcmplt
                0x000084f0                __aeabi_dcmple
                0x00008504                __aeabi_dcmpgt
                0x00008518                __aeabi_dcmpge
 .text          0x0000852c       0x3c c:/program files (x86)/atmel/studio/7.0/toolchain/arm/arm-gnu-toolchain/bin/../lib/gcc/arm-none-eabi/6.3.1/thumb/v6-m\libgcc.a(_clzsi2.o)
                0x0000852c                __clzsi2
 .text          0x00008568       0x18 c:/program files (x86)/atmel/studio/7.0/toolchain/arm/arm-gnu-toolchain/bin/../lib/gcc/arm-none-eabi/6.3.1/thumb/v6-m\libgcc.a(_clzdi2.o)
                0x00008568                __clzdi2
 .text          0x00008580       0x40 c:/program files (x86)/atmel/studio/7.0/toolchain/arm/arm-gnu-toolchain/bin/../lib/gcc/arm-none-eabi/6.3.1/thumb/v6-m\libgcc.a(_ctzsi2.o)
                0x00008580                __ctzsi2
 .text          0x000085c0       0x74 c:/program files (x86)/atmel/studio/7.0/toolchain/arm/arm-gnu-toolchain/bin/../lib/gcc/arm-none-eabi/6.3.1/thumb/v6-m\libgcc.a(eqdf2.o)
                0x000085c0                __nedf2
                0x000085c0                __eqdf2
 .text          0x00008634       0xc8 c:/program files (x86)/atmel/studio/7.0/toolchain/arm/arm-gnu-toolchain/bin/../lib/gcc/arm-none-eabi/6.3.1/thumb/v6-m\libgcc.a(gedf2.o)
                0x00008634                __gedf2
                0x00008634                __gtdf2
 .text          0x000086fc       0xc4 c:/program files (x86)/atmel/studio/7.0/toolchain/arm/arm-gnu-toolchain/bin/../lib/gcc/arm-none-eabi/6.3.1/thumb/v6-m\libgcc.a(ledf2.o)
                0x000086fc                __ledf2
                0x000086fc                __ltdf2
 .text.__libc_init_array
                0x000087c0       0x48 c:/program files (x86)/atmel/studio/7.0/toolchain/arm/arm-gnu-toolchain/bin/../lib/gcc/arm-none-eabi/6.3.1/../../../../arm-none-eabi/lib/thumb/v6-m\libc.a(lib_a-init.o)
                0x000087c0                __libc_init_array
 .text.memcmp   0x00008808       0x4c c:/program files (x86)/atmel/studio/7.0/toolchain/arm/arm-gnu-toolchain/bin/../lib/gcc/arm-none-eabi/6.3.1/../../../../arm-none-eabi/lib/thumb/v6-m\libc.a(lib_a-memcmp.o)
                0x00008808                memcmp
 .text.memcpy   0x00008854       0x84 c:/program files (x86)/atmel/studio/7.0/toolchain/arm/arm-gnu-toolchain/bin/../lib/gcc/arm-none-eabi/6.3.1/../../../../arm-none-eabi/lib/thumb/v6-m\libc.a(lib_a-memcpy-stub.o)
                0x00008854                memcpy
 .text.memset   0x000088d8       0x94 c:/program files (x86)/atmel/studio/7.0/toolchain/arm/arm-gnu-toolchain/bin/../lib/gcc/arm-none-eabi/6.3.1/../../../../arm-none-eabi/lib/thumb/v6-m\libc.a(lib_a-memset.o)
                0x000088d8                memset
 .text.printf   0x0000896c       0x24 c:/program files (x86)/atmel/studio/7.0/toolchain/arm/arm-gnu-toolchain/bin/../lib/gcc/arm-none-eabi/6.3.1/../../../../arm-none-eabi/lib/thumb/v6-m\libc.a(lib_a-printf.o)
                0x0000896c                printf
 .text._puts_r  0x00008990       0xa0 c:/program files (x86)/atmel/studio/7.0/toolchain/arm/arm-gnu-toolchain/bin/../lib/gcc/arm-none-eabi/6.3.1/../../../../arm-none-eabi/lib/thumb/v6-m\libc.a(lib_a-puts.o)
                0x00008990                _puts_r
 .text.puts     0x00008a30       0x14 c:/program files (x86)/atmel/studio/7.0/toolchain/arm/arm-gnu-toolchain/bin/../lib/gcc/arm-none-eabi/6.3.1/../../../../arm-none-eabi/lib/thumb/v6-m\libc.a(lib_a-puts.o)
                0x00008a30                puts
 .text.snprintf
                0x00008a44       0x84 c:/program files (x86)/atmel/studio/7.0/toolchain/arm/arm-gnu-toolchain/bin/../lib/gcc/arm-none-eabi/6.3.1/../../../../arm-none-eabi/lib/thumb/v6-m\libc.a(lib_a-snprintf.o)
                0x00008a44                snprintf
 .text.sprintf  0x00008ac8       0x44 c:/program files (x86)/atmel/studio/7.0/toolchain/arm/arm-gnu-toolchain/bin/../lib/gcc/arm-none-eabi/6.3.1/../../../../arm-none-eabi/lib/thumb/v6-m\libc.a(lib_a-sprintf.o)
                0x00008ac8                sprintf
 .text.sscanf   0x00008b0c       0x50 c:/program files (x86)/atmel/studio/7.0/toolchain/arm/arm-gnu-toolchain/bin/../lib/gcc/arm-none-eabi/6.3.1/../../../../arm-none-eabi/lib/thumb/v6-m\libc.a(lib_a-sscanf.o)
                0x00008b0c                sscanf
 .text.__sread  0x00008b5c       0x28 c:/program files (x86)/atmel/studio/7.0/toolchain/arm/arm-gnu-toolchain/bin/../lib/gcc/arm-none-eabi/6.3.1/../../../../arm-none-eabi/lib/thumb/v6-m\libc.a(lib_a-stdio.o)
                0x00008b5c                __sread
 .text.__seofread
                0x00008b84        0x4 c:/program files (x86)/atmel/studio/7.0/toolchain/arm/arm-gnu-toolchain/bin/../lib/gcc/arm-none-eabi/6.3.1/../../../../arm-none-eabi/lib/thumb/v6-m\libc.a(lib_a-stdio.o)
                0x00008b84                __seofread
 .text.__swrite
                0x00008b88       0x3c c:/program files (x86)/atmel/studio/7.0/toolchain/arm/arm-gnu-toolchain/bin/../lib/gcc/arm-none-eabi/6.3.1/../../../../arm-none-eabi/lib/thumb/v6-m\libc.a(lib_a-stdio.o)
                0x00008b88                __swrite
 .text.__sseek  0x00008bc4       0x2c c:/program files (x86)/atmel/studio/7.0/toolchain/arm/arm-gnu-toolchain/bin/../lib/gcc/arm-none-eabi/6.3.1/../../../../arm-none-eabi/lib/thumb/v6-m\libc.a(lib_a-stdio.o)
                0x00008bc4                __sseek
 .text.__sclose
                0x00008bf0        0xc c:/program files (x86)/atmel/studio/7.0/toolchain/arm/arm-gnu-toolchain/bin/../lib/gcc/arm-none-eabi/6.3.1/../../../../arm-none-eabi/lib/thumb/v6-m\libc.a(lib_a-stdio.o)
                0x00008bf0                __sclose
 .text.strcasecmp
                0x00008bfc       0x54 c:/program files (x86)/atmel/studio/7.0/toolchain/arm/arm-gnu-toolchain/bin/../lib/gcc/arm-none-eabi/6.3.1/../../../../arm-none-eabi/lib/thumb/v6-m\libc.a(lib_a-strcasecmp.o)
                0x00008bfc                strcasecmp
 .text.strchr   0x00008c50       0xdc c:/program files (x86)/atmel/studio/7.0/toolchain/arm/arm-gnu-toolchain/bin/../lib/gcc/arm-none-eabi/6.3.1/../../../../arm-none-eabi/lib/thumb/v6-m\libc.a(lib_a-strchr.o)
                0x00008c50                strchr
 .text          0x00008d2c       0x88 c:/program files (x86)/atmel/studio/7.0/toolchain/arm/arm-gnu-toolchain/bin/../lib/gcc/arm-none-eabi/6.3.1/../../../../arm-none-eabi/lib/thumb/v6-m\libc.a(lib_a-strcmp.o)
                0x00008d2c                strcmp
 .text.strlen   0x00008db4       0x64 c:/program files (x86)/atmel/studio/7.0/toolchain/arm/arm-gnu-toolchain/bin/../lib/gcc/arm-none-eabi/6.3.1/../../../../arm-none-eabi/lib/thumb/v6-m\libc.a(lib_a-strlen-stub.o)
                0x00008db4                strlen
 .text.critical_factorization
                0x00008e18       0xc0 c:/program files (x86)/atmel/studio/7.0/toolchain/arm/arm-gnu-toolchain/bin/../lib/gcc/arm-none-eabi/6.3.1/../../../../arm-none-eabi/lib/thumb/v6-m\libc.a(lib_a-strstr.o)
 .text.two_way_long_needle
                0x00008ed8      0x204 c:/program files (x86)/atmel/studio/7.0/toolchain/arm/arm-gnu-toolchain/bin/../lib/gcc/arm-none-eabi/6.3.1/../../../../arm-none-eabi/lib/thumb/v6-m\libc.a(lib_a-strstr.o)
 .text.strstr   0x000090dc      0x208 c:/program files (x86)/atmel/studio/7.0/toolchain/arm/arm-gnu-toolchain/bin/../lib/gcc/arm-none-eabi/6.3.1/../../../../arm-none-eabi/lib/thumb/v6-m\libc.a(lib_a-strstr.o)
                0x000090dc                strstr
 .text._strtol_l.isra.0
                0x000092e4      0x130 c:/program files (x86)/atmel/studio/7.0/toolchain/arm/arm-gnu-toolchain/bin/../lib/gcc/arm-none-eabi/6.3.1/../../../../arm-none-eabi/lib/thumb/v6-m\libc.a(lib_a-strtol.o)
 .text._strtol_r
                0x00009414       0x24 c:/program files (x86)/atmel/studio/7.0/toolchain/arm/arm-gnu-toolchain/bin/../lib/gcc/arm-none-eabi/6.3.1/../../../../arm-none-eabi/lib/thumb/v6-m\libc.a(lib_a-strtol.o)
                0x00009414                _strtol_r
 .text._svfprintf_r
                0x00009438     0x1608 c:/program files (x86)/atmel/studio/7.0/toolchain/arm/arm-gnu-toolchain/bin/../lib/gcc/arm-none-eabi/6.3.1/../../../../arm-none-eabi/lib/thumb/v6-m\libc.a(lib_a-svfprintf.o)
                0x00009438                _svfprintf_r
 .text.__ssvfscanf_r
                0x0000aa40      0xdd0 c:/program files (x86)/atmel/studio/7.0/toolchain/arm/arm-gnu-toolchain/bin/../lib/gcc/arm-none-eabi/6.3.1/../../../../arm-none-eabi/lib/thumb/v6-m\libc.a(lib_a-svfscanf.o)
                0x0000aa40                __ssvfscanf_r
 .text._vfprintf_r
                0x0000b810     0x16d8 c:/program files (x86)/atmel/studio/7.0/toolchain/arm/arm-gnu-toolchain/bin/../lib/gcc/arm-none-eabi/6.3.1/../../../../arm-none-eabi/lib/thumb/v6-m\libc.a(lib_a-vfprintf.o)
                0x0000b810                _vfprintf_r
 .text.__sbprintf
                0x0000cee8       0x88 c:/program files (x86)/atmel/studio/7.0/toolchain/arm/arm-gnu-toolchain/bin/../lib/gcc/arm-none-eabi/6.3.1/../../../../arm-none-eabi/lib/thumb/v6-m\libc.a(lib_a-vfprintf.o)
 .text.__swbuf_r
                0x0000cf70       0xbc c:/program files (x86)/atmel/studio/7.0/toolchain/arm/arm-gnu-toolchain/bin/../lib/gcc/arm-none-eabi/6.3.1/../../../../arm-none-eabi/lib/thumb/v6-m\libc.a(lib_a-wbuf.o)
                0x0000cf70                __swbuf_r
 .text._write_r
                0x0000d02c       0x28 c:/program files (x86)/atmel/studio/7.0/toolchain/arm/arm-gnu-toolchain/bin/../lib/gcc/arm-none-eabi/6.3.1/../../../../arm-none-eabi/lib/thumb/v6-m\libc.a(lib_a-writer.o)
                0x0000d02c                _write_r
 .text.__swsetup_r
                0x0000d054       0xd4 c:/program files (x86)/atmel/studio/7.0/toolchain/arm/arm-gnu-toolchain/bin/../lib/gcc/arm-none-eabi/6.3.1/../../../../arm-none-eabi/lib/thumb/v6-m\libc.a(lib_a-wsetup.o)
                0x0000d054                __swsetup_r
 .text.startup.register_fini
                0x0000d128       0x18 c:/program files (x86)/atmel/studio/7.0/toolchain/arm/arm-gnu-toolchain/bin/../lib/gcc/arm-none-eabi/6.3.1/../../../../arm-none-eabi/lib/thumb/v6-m\libc.a(lib_a-__call_atexit.o)
 .text.atexit   0x0000d140       0x10 c:/program files (x86)/atmel/studio/7.0/toolchain/arm/arm-gnu-toolchain/bin/../lib/gcc/arm-none-eabi/6.3.1/../../../../arm-none-eabi/lib/thumb/v6-m\libc.a(lib_a-atexit.o)
                0x0000d140                atexit
 .text._close_r
                0x0000d150       0x24 c:/program files (x86)/atmel/studio/7.0/toolchain/arm/arm-gnu-toolchain/bin/../lib/gcc/arm-none-eabi/6.3.1/../../../../arm-none-eabi/lib/thumb/v6-m\libc.a(lib_a-closer.o)
                0x0000d150                _close_r
 .text.quorem   0x0000d174      0x154 c:/program files (x86)/atmel/studio/7.0/toolchain/arm/arm-gnu-toolchain/bin/../lib/gcc/arm-none-eabi/6.3.1/../../../../arm-none-eabi/lib/thumb/v6-m\libc.a(lib_a-dtoa.o)
 .text._dtoa_r  0x0000d2c8      0xf88 c:/program files (x86)/atmel/studio/7.0/toolchain/arm/arm-gnu-toolchain/bin/../lib/gcc/arm-none-eabi/6.3.1/../../../../arm-none-eabi/lib/thumb/v6-m\libc.a(lib_a-dtoa.o)
                0x0000d2c8                _dtoa_r
 .text.__sflush_r
                0x0000e250      0x150 c:/program files (x86)/atmel/studio/7.0/toolchain/arm/arm-gnu-toolchain/bin/../lib/gcc/arm-none-eabi/6.3.1/../../../../arm-none-eabi/lib/thumb/v6-m\libc.a(lib_a-fflush.o)
                0x0000e250                __sflush_r
 .text._fflush_r
                0x0000e3a0       0x54 c:/program files (x86)/atmel/studio/7.0/toolchain/arm/arm-gnu-toolchain/bin/../lib/gcc/arm-none-eabi/6.3.1/../../../../arm-none-eabi/lib/thumb/v6-m\libc.a(lib_a-fflush.o)
                0x0000e3a0                _fflush_r
 .text._cleanup_r
                0x0000e3f4       0x10 c:/program files (x86)/atmel/studio/7.0/toolchain/arm/arm-gnu-toolchain/bin/../lib/gcc/arm-none-eabi/6.3.1/../../../../arm-none-eabi/lib/thumb/v6-m\libc.a(lib_a-findfp.o)
                0x0000e3f4                _cleanup_r
 .text.std.isra.0
                0x0000e404       0x50 c:/program files (x86)/atmel/studio/7.0/toolchain/arm/arm-gnu-toolchain/bin/../lib/gcc/arm-none-eabi/6.3.1/../../../../arm-none-eabi/lib/thumb/v6-m\libc.a(lib_a-findfp.o)
 .text.__sinit  0x0000e454       0x60 c:/program files (x86)/atmel/studio/7.0/toolchain/arm/arm-gnu-toolchain/bin/../lib/gcc/arm-none-eabi/6.3.1/../../../../arm-none-eabi/lib/thumb/v6-m\libc.a(lib_a-findfp.o)
                0x0000e454                __sinit
 .text.__sfp_lock_acquire
                0x0000e4b4       0x10 c:/program files (x86)/atmel/studio/7.0/toolchain/arm/arm-gnu-toolchain/bin/../lib/gcc/arm-none-eabi/6.3.1/../../../../arm-none-eabi/lib/thumb/v6-m\libc.a(lib_a-findfp.o)
                0x0000e4b4                __sfp_lock_acquire
 .text.__sfp_lock_release
                0x0000e4c4       0x10 c:/program files (x86)/atmel/studio/7.0/toolchain/arm/arm-gnu-toolchain/bin/../lib/gcc/arm-none-eabi/6.3.1/../../../../arm-none-eabi/lib/thumb/v6-m\libc.a(lib_a-findfp.o)
                0x0000e4c4                __sfp_lock_release
 .text.__libc_fini_array
                0x0000e4d4       0x34 c:/program files (x86)/atmel/studio/7.0/toolchain/arm/arm-gnu-toolchain/bin/../lib/gcc/arm-none-eabi/6.3.1/../../../../arm-none-eabi/lib/thumb/v6-m\libc.a(lib_a-fini.o)
                0x0000e4d4                __libc_fini_array
 .text._malloc_trim_r
                0x0000e508       0xa0 c:/program files (x86)/atmel/studio/7.0/toolchain/arm/arm-gnu-toolchain/bin/../lib/gcc/arm-none-eabi/6.3.1/../../../../arm-none-eabi/lib/thumb/v6-m\libc.a(lib_a-freer.o)
                0x0000e508                _malloc_trim_r
 .text._free_r  0x0000e5a8      0x1bc c:/program files (x86)/atmel/studio/7.0/toolchain/arm/arm-gnu-toolchain/bin/../lib/gcc/arm-none-eabi/6.3.1/../../../../arm-none-eabi/lib/thumb/v6-m\libc.a(lib_a-freer.o)
                0x0000e5a8                _free_r
 .text.__sfvwrite_r
                0x0000e764      0x304 c:/program files (x86)/atmel/studio/7.0/toolchain/arm/arm-gnu-toolchain/bin/../lib/gcc/arm-none-eabi/6.3.1/../../../../arm-none-eabi/lib/thumb/v6-m\libc.a(lib_a-fvwrite.o)
                0x0000e764                __sfvwrite_r
 .text._fwalk_reent
                0x0000ea68       0x4c c:/program files (x86)/atmel/studio/7.0/toolchain/arm/arm-gnu-toolchain/bin/../lib/gcc/arm-none-eabi/6.3.1/../../../../arm-none-eabi/lib/thumb/v6-m\libc.a(lib_a-fwalk.o)
                0x0000ea68                _fwalk_reent
 .text.iswspace
                0x0000eab4       0x18 c:/program files (x86)/atmel/studio/7.0/toolchain/arm/arm-gnu-toolchain/bin/../lib/gcc/arm-none-eabi/6.3.1/../../../../arm-none-eabi/lib/thumb/v6-m\libc.a(lib_a-iswspace.o)
                0x0000eab4                iswspace
 .text.__locale_mb_cur_max
                0x0000eacc       0x20 c:/program files (x86)/atmel/studio/7.0/toolchain/arm/arm-gnu-toolchain/bin/../lib/gcc/arm-none-eabi/6.3.1/../../../../arm-none-eabi/lib/thumb/v6-m\libc.a(lib_a-locale.o)
                0x0000eacc                __locale_mb_cur_max
 .text.__locale_ctype_ptr_l
                0x0000eaec        0x8 c:/program files (x86)/atmel/studio/7.0/toolchain/arm/arm-gnu-toolchain/bin/../lib/gcc/arm-none-eabi/6.3.1/../../../../arm-none-eabi/lib/thumb/v6-m\libc.a(lib_a-locale.o)
                0x0000eaec                __locale_ctype_ptr_l
 .text.__locale_ctype_ptr
                0x0000eaf4       0x1c c:/program files (x86)/atmel/studio/7.0/toolchain/arm/arm-gnu-toolchain/bin/../lib/gcc/arm-none-eabi/6.3.1/../../../../arm-none-eabi/lib/thumb/v6-m\libc.a(lib_a-locale.o)
                0x0000eaf4                __locale_ctype_ptr
 .text.__localeconv_l
                0x0000eb10        0x4 c:/program files (x86)/atmel/studio/7.0/toolchain/arm/arm-gnu-toolchain/bin/../lib/gcc/arm-none-eabi/6.3.1/../../../../arm-none-eabi/lib/thumb/v6-m\libc.a(lib_a-localeconv.o)
                0x0000eb10                __localeconv_l
 .text._localeconv_r
                0x0000eb14       0x1c c:/program files (x86)/atmel/studio/7.0/toolchain/arm/arm-gnu-toolchain/bin/../lib/gcc/arm-none-eabi/6.3.1/../../../../arm-none-eabi/lib/thumb/v6-m\libc.a(lib_a-localeconv.o)
                0x0000eb14                _localeconv_r
 .text.__retarget_lock_init_recursive
                0x0000eb30        0x4 c:/program files (x86)/atmel/studio/7.0/toolchain/arm/arm-gnu-toolchain/bin/../lib/gcc/arm-none-eabi/6.3.1/../../../../arm-none-eabi/lib/thumb/v6-m\libc.a(lib_a-lock.o)
                0x0000eb30                __retarget_lock_init_recursive
 .text.__retarget_lock_close_recursive
                0x0000eb34        0x4 c:/program files (x86)/atmel/studio/7.0/toolchain/arm/arm-gnu-toolchain/bin/../lib/gcc/arm-none-eabi/6.3.1/../../../../arm-none-eabi/lib/thumb/v6-m\libc.a(lib_a-lock.o)
                0x0000eb34                __retarget_lock_close_recursive
 .text.__retarget_lock_acquire_recursive
                0x0000eb38        0x4 c:/program files (x86)/atmel/studio/7.0/toolchain/arm/arm-gnu-toolchain/bin/../lib/gcc/arm-none-eabi/6.3.1/../../../../arm-none-eabi/lib/thumb/v6-m\libc.a(lib_a-lock.o)
                0x0000eb38                __retarget_lock_acquire_recursive
 .text.__retarget_lock_release_recursive
                0x0000eb3c        0x4 c:/program files (x86)/atmel/studio/7.0/toolchain/arm/arm-gnu-toolchain/bin/../lib/gcc/arm-none-eabi/6.3.1/../../../../arm-none-eabi/lib/thumb/v6-m\libc.a(lib_a-lock.o)
                0x0000eb3c                __retarget_lock_release_recursive
 .text._lseek_r
                0x0000eb40       0x28 c:/program files (x86)/atmel/studio/7.0/toolchain/arm/arm-gnu-toolchain/bin/../lib/gcc/arm-none-eabi/6.3.1/../../../../arm-none-eabi/lib/thumb/v6-m\libc.a(lib_a-lseekr.o)
                0x0000eb40                _lseek_r
 .text.__swhatbuf_r
                0x0000eb68       0x60 c:/program files (x86)/atmel/studio/7.0/toolchain/arm/arm-gnu-toolchain/bin/../lib/gcc/arm-none-eabi/6.3.1/../../../../arm-none-eabi/lib/thumb/v6-m\libc.a(lib_a-makebuf.o)
                0x0000eb68                __swhatbuf_r
 .text.__smakebuf_r
                0x0000ebc8       0x90 c:/program files (x86)/atmel/studio/7.0/toolchain/arm/arm-gnu-toolchain/bin/../lib/gcc/arm-none-eabi/6.3.1/../../../../arm-none-eabi/lib/thumb/v6-m\libc.a(lib_a-makebuf.o)
                0x0000ebc8                __smakebuf_r
 .text._malloc_r
                0x0000ec58      0x568 c:/program files (x86)/atmel/studio/7.0/toolchain/arm/arm-gnu-toolchain/bin/../lib/gcc/arm-none-eabi/6.3.1/../../../../arm-none-eabi/lib/thumb/v6-m\libc.a(lib_a-mallocr.o)
                0x0000ec58                _malloc_r
 .text._mbrtowc_r
                0x0000f1c0       0x64 c:/program files (x86)/atmel/studio/7.0/toolchain/arm/arm-gnu-toolchain/bin/../lib/gcc/arm-none-eabi/6.3.1/../../../../arm-none-eabi/lib/thumb/v6-m\libc.a(lib_a-mbrtowc.o)
                0x0000f1c0                _mbrtowc_r
 .text.__ascii_mbtowc
                0x0000f224       0x2c c:/program files (x86)/atmel/studio/7.0/toolchain/arm/arm-gnu-toolchain/bin/../lib/gcc/arm-none-eabi/6.3.1/../../../../arm-none-eabi/lib/thumb/v6-m\libc.a(lib_a-mbtowc_r.o)
                0x0000f224                __ascii_mbtowc
 .text.memchr   0x0000f250       0x80 c:/program files (x86)/atmel/studio/7.0/toolchain/arm/arm-gnu-toolchain/bin/../lib/gcc/arm-none-eabi/6.3.1/../../../../arm-none-eabi/lib/thumb/v6-m\libc.a(lib_a-memchr-stub.o)
                0x0000f250                memchr
 .text.memmove  0x0000f2d0       0xa0 c:/program files (x86)/atmel/studio/7.0/toolchain/arm/arm-gnu-toolchain/bin/../lib/gcc/arm-none-eabi/6.3.1/../../../../arm-none-eabi/lib/thumb/v6-m\libc.a(lib_a-memmove.o)
                0x0000f2d0                memmove
 .text.__malloc_lock
                0x0000f370       0x10 c:/program files (x86)/atmel/studio/7.0/toolchain/arm/arm-gnu-toolchain/bin/../lib/gcc/arm-none-eabi/6.3.1/../../../../arm-none-eabi/lib/thumb/v6-m\libc.a(lib_a-mlock.o)
                0x0000f370                __malloc_lock
 .text.__malloc_unlock
                0x0000f380       0x10 c:/program files (x86)/atmel/studio/7.0/toolchain/arm/arm-gnu-toolchain/bin/../lib/gcc/arm-none-eabi/6.3.1/../../../../arm-none-eabi/lib/thumb/v6-m\libc.a(lib_a-mlock.o)
                0x0000f380                __malloc_unlock
 .text._Balloc  0x0000f390       0x50 c:/program files (x86)/atmel/studio/7.0/toolchain/arm/arm-gnu-toolchain/bin/../lib/gcc/arm-none-eabi/6.3.1/../../../../arm-none-eabi/lib/thumb/v6-m\libc.a(lib_a-mprec.o)
                0x0000f390                _Balloc
 .text._Bfree   0x0000f3e0       0x14 c:/program files (x86)/atmel/studio/7.0/toolchain/arm/arm-gnu-toolchain/bin/../lib/gcc/arm-none-eabi/6.3.1/../../../../arm-none-eabi/lib/thumb/v6-m\libc.a(lib_a-mprec.o)
                0x0000f3e0                _Bfree
 .text.__multadd
                0x0000f3f4       0x8c c:/program files (x86)/atmel/studio/7.0/toolchain/arm/arm-gnu-toolchain/bin/../lib/gcc/arm-none-eabi/6.3.1/../../../../arm-none-eabi/lib/thumb/v6-m\libc.a(lib_a-mprec.o)
                0x0000f3f4                __multadd
 .text.__s2b    0x0000f480       0x94 c:/program files (x86)/atmel/studio/7.0/toolchain/arm/arm-gnu-toolchain/bin/../lib/gcc/arm-none-eabi/6.3.1/../../../../arm-none-eabi/lib/thumb/v6-m\libc.a(lib_a-mprec.o)
                0x0000f480                __s2b
 .text.__hi0bits
                0x0000f514       0x34 c:/program files (x86)/atmel/studio/7.0/toolchain/arm/arm-gnu-toolchain/bin/../lib/gcc/arm-none-eabi/6.3.1/../../../../arm-none-eabi/lib/thumb/v6-m\libc.a(lib_a-mprec.o)
                0x0000f514                __hi0bits
 .text.__lo0bits
                0x0000f548       0x5c c:/program files (x86)/atmel/studio/7.0/toolchain/arm/arm-gnu-toolchain/bin/../lib/gcc/arm-none-eabi/6.3.1/../../../../arm-none-eabi/lib/thumb/v6-m\libc.a(lib_a-mprec.o)
                0x0000f548                __lo0bits
 .text.__i2b    0x0000f5a4       0x14 c:/program files (x86)/atmel/studio/7.0/toolchain/arm/arm-gnu-toolchain/bin/../lib/gcc/arm-none-eabi/6.3.1/../../../../arm-none-eabi/lib/thumb/v6-m\libc.a(lib_a-mprec.o)
                0x0000f5a4                __i2b
 .text.__multiply
                0x0000f5b8      0x154 c:/program files (x86)/atmel/studio/7.0/toolchain/arm/arm-gnu-toolchain/bin/../lib/gcc/arm-none-eabi/6.3.1/../../../../arm-none-eabi/lib/thumb/v6-m\libc.a(lib_a-mprec.o)
                0x0000f5b8                __multiply
 .text.__pow5mult
                0x0000f70c       0xc0 c:/program files (x86)/atmel/studio/7.0/toolchain/arm/arm-gnu-toolchain/bin/../lib/gcc/arm-none-eabi/6.3.1/../../../../arm-none-eabi/lib/thumb/v6-m\libc.a(lib_a-mprec.o)
                0x0000f70c                __pow5mult
 .text.__lshift
                0x0000f7cc       0xc0 c:/program files (x86)/atmel/studio/7.0/toolchain/arm/arm-gnu-toolchain/bin/../lib/gcc/arm-none-eabi/6.3.1/../../../../arm-none-eabi/lib/thumb/v6-m\libc.a(lib_a-mprec.o)
                0x0000f7cc                __lshift
 .text.__mcmp   0x0000f88c       0x34 c:/program files (x86)/atmel/studio/7.0/toolchain/arm/arm-gnu-toolchain/bin/../lib/gcc/arm-none-eabi/6.3.1/../../../../arm-none-eabi/lib/thumb/v6-m\libc.a(lib_a-mprec.o)
                0x0000f88c                __mcmp
 .text.__mdiff  0x0000f8c0      0x138 c:/program files (x86)/atmel/studio/7.0/toolchain/arm/arm-gnu-toolchain/bin/../lib/gcc/arm-none-eabi/6.3.1/../../../../arm-none-eabi/lib/thumb/v6-m\libc.a(lib_a-mprec.o)
                0x0000f8c0                __mdiff
 .text.__ulp    0x0000f9f8       0x4c c:/program files (x86)/atmel/studio/7.0/toolchain/arm/arm-gnu-toolchain/bin/../lib/gcc/arm-none-eabi/6.3.1/../../../../arm-none-eabi/lib/thumb/v6-m\libc.a(lib_a-mprec.o)
                0x0000f9f8                __ulp
 .text.__b2d    0x0000fa44       0xd8 c:/program files (x86)/atmel/studio/7.0/toolchain/arm/arm-gnu-toolchain/bin/../lib/gcc/arm-none-eabi/6.3.1/../../../../arm-none-eabi/lib/thumb/v6-m\libc.a(lib_a-mprec.o)
                0x0000fa44                __b2d
 .text.__d2b    0x0000fb1c       0xbc c:/program files (x86)/atmel/studio/7.0/toolchain/arm/arm-gnu-toolchain/bin/../lib/gcc/arm-none-eabi/6.3.1/../../../../arm-none-eabi/lib/thumb/v6-m\libc.a(lib_a-mprec.o)
                0x0000fb1c                __d2b
 .text.__ratio  0x0000fbd8       0x74 c:/program files (x86)/atmel/studio/7.0/toolchain/arm/arm-gnu-toolchain/bin/../lib/gcc/arm-none-eabi/6.3.1/../../../../arm-none-eabi/lib/thumb/v6-m\libc.a(lib_a-mprec.o)
                0x0000fbd8                __ratio
 .text.__copybits
                0x0000fc4c       0x40 c:/program files (x86)/atmel/studio/7.0/toolchain/arm/arm-gnu-toolchain/bin/../lib/gcc/arm-none-eabi/6.3.1/../../../../arm-none-eabi/lib/thumb/v6-m\libc.a(lib_a-mprec.o)
                0x0000fc4c                __copybits
 .text.__any_on
                0x0000fc8c       0x60 c:/program files (x86)/atmel/studio/7.0/toolchain/arm/arm-gnu-toolchain/bin/../lib/gcc/arm-none-eabi/6.3.1/../../../../arm-none-eabi/lib/thumb/v6-m\libc.a(lib_a-mprec.o)
                0x0000fc8c                __any_on
 .text._read_r  0x0000fcec       0x28 c:/program files (x86)/atmel/studio/7.0/toolchain/arm/arm-gnu-toolchain/bin/../lib/gcc/arm-none-eabi/6.3.1/../../../../arm-none-eabi/lib/thumb/v6-m\libc.a(lib_a-readr.o)
                0x0000fcec                _read_r
 .text._realloc_r
                0x0000fd14      0x37c c:/program files (x86)/atmel/studio/7.0/toolchain/arm/arm-gnu-toolchain/bin/../lib/gcc/arm-none-eabi/6.3.1/../../../../arm-none-eabi/lib/thumb/v6-m\libc.a(lib_a-reallocr.o)
                0x0000fd14                _realloc_r
 .text._sbrk_r  0x00010090       0x24 c:/program files (x86)/atmel/studio/7.0/toolchain/arm/arm-gnu-toolchain/bin/../lib/gcc/arm-none-eabi/6.3.1/../../../../arm-none-eabi/lib/thumb/v6-m\libc.a(lib_a-sbrkr.o)
                0x00010090                _sbrk_r
 .text.__sccl   0x000100b4       0x6c c:/program files (x86)/atmel/studio/7.0/toolchain/arm/arm-gnu-toolchain/bin/../lib/gcc/arm-none-eabi/6.3.1/../../../../arm-none-eabi/lib/thumb/v6-m\libc.a(lib_a-sccl.o)
                0x000100b4                __sccl
 .text.nanf     0x00010120        0x8 c:/program files (x86)/atmel/studio/7.0/toolchain/arm/arm-gnu-toolchain/bin/../lib/gcc/arm-none-eabi/6.3.1/../../../../arm-none-eabi/lib/thumb/v6-m\libc.a(lib_a-sf_nan.o)
                0x00010120                nanf
 .text.unlikely.sulp
                0x00010128       0x30 c:/program files (x86)/atmel/studio/7.0/toolchain/arm/arm-gnu-toolchain/bin/../lib/gcc/arm-none-eabi/6.3.1/../../../../arm-none-eabi/lib/thumb/v6-m\libc.a(lib_a-strtod.o)
 .text._strtod_l
                0x00010158      0xe98 c:/program files (x86)/atmel/studio/7.0/toolchain/arm/arm-gnu-toolchain/bin/../lib/gcc/arm-none-eabi/6.3.1/../../../../arm-none-eabi/lib/thumb/v6-m\libc.a(lib_a-strtod.o)
                0x00010158                _strtod_l
 .text._strtod_r
                0x00010ff0       0x20 c:/program files (x86)/atmel/studio/7.0/toolchain/arm/arm-gnu-toolchain/bin/../lib/gcc/arm-none-eabi/6.3.1/../../../../arm-none-eabi/lib/thumb/v6-m\libc.a(lib_a-strtod.o)
                0x00010ff0                _strtod_r
 .text._strtoll_l.isra.0
                0x00011010      0x1bc c:/program files (x86)/atmel/studio/7.0/toolchain/arm/arm-gnu-toolchain/bin/../lib/gcc/arm-none-eabi/6.3.1/../../../../arm-none-eabi/lib/thumb/v6-m\libc.a(lib_a-strtoll.o)
 .text._strtoll_r
                0x000111cc       0x24 c:/program files (x86)/atmel/studio/7.0/toolchain/arm/arm-gnu-toolchain/bin/../lib/gcc/arm-none-eabi/6.3.1/../../../../arm-none-eabi/lib/thumb/v6-m\libc.a(lib_a-strtoll.o)
                0x000111cc                _strtoll_r
 .text._strtoul_l.isra.0
                0x000111f0      0x14c c:/program files (x86)/atmel/studio/7.0/toolchain/arm/arm-gnu-toolchain/bin/../lib/gcc/arm-none-eabi/6.3.1/../../../../arm-none-eabi/lib/thumb/v6-m\libc.a(lib_a-strtoul.o)
 .text._strtoul_r
                0x0001133c       0x24 c:/program files (x86)/atmel/studio/7.0/toolchain/arm/arm-gnu-toolchain/bin/../lib/gcc/arm-none-eabi/6.3.1/../../../../arm-none-eabi/lib/thumb/v6-m\libc.a(lib_a-strtoul.o)
                0x0001133c                _strtoul_r
 .text._strtoull_l.isra.0
                0x00011360      0x1c4 c:/program files (x86)/atmel/studio/7.0/toolchain/arm/arm-gnu-toolchain/bin/../lib/gcc/arm-none-eabi/6.3.1/../../../../arm-none-eabi/lib/thumb/v6-m\libc.a(lib_a-strtoull.o)
 .text._strtoull_r
                0x00011524       0x24 c:/program files (x86)/atmel/studio/7.0/toolchain/arm/arm-gnu-toolchain/bin/../lib/gcc/arm-none-eabi/6.3.1/../../../../arm-none-eabi/lib/thumb/v6-m\libc.a(lib_a-strtoull.o)
                0x00011524                _strtoull_r
 .text.__ssprint_r
                0x00011548      0x120 c:/program files (x86)/atmel/studio/7.0/toolchain/arm/arm-gnu-toolchain/bin/../lib/gcc/arm-none-eabi/6.3.1/../../../../arm-none-eabi/lib/thumb/v6-m\libc.a(lib_a-svfiprintf.o)
                0x00011548                __ssprint_r
 .text._sungetc_r
                0x00011668       0x84 c:/program files (x86)/atmel/studio/7.0/toolchain/arm/arm-gnu-toolchain/bin/../lib/gcc/arm-none-eabi/6.3.1/../../../../arm-none-eabi/lib/thumb/v6-m\libc.a(lib_a-svfiscanf.o)
                0x00011668                _sungetc_r
 .text.__ssrefill_r
                0x000116ec       0x40 c:/program files (x86)/atmel/studio/7.0/toolchain/arm/arm-gnu-toolchain/bin/../lib/gcc/arm-none-eabi/6.3.1/../../../../arm-none-eabi/lib/thumb/v6-m\libc.a(lib_a-svfiscanf.o)
                0x000116ec                __ssrefill_r
 .text._sfread_r
                0x0001172c       0x90 c:/program files (x86)/atmel/studio/7.0/toolchain/arm/arm-gnu-toolchain/bin/../lib/gcc/arm-none-eabi/6.3.1/../../../../arm-none-eabi/lib/thumb/v6-m\libc.a(lib_a-svfiscanf.o)
                0x0001172c                _sfread_r
 .text.__submore
                0x000117bc       0x84 c:/program files (x86)/atmel/studio/7.0/toolchain/arm/arm-gnu-toolchain/bin/../lib/gcc/arm-none-eabi/6.3.1/../../../../arm-none-eabi/lib/thumb/v6-m\libc.a(lib_a-ungetc.o)
                0x000117bc                __submore
 .text.__sprint_r.part.0
                0x00011840       0x84 c:/program files (x86)/atmel/studio/7.0/toolchain/arm/arm-gnu-toolchain/bin/../lib/gcc/arm-none-eabi/6.3.1/../../../../arm-none-eabi/lib/thumb/v6-m\libc.a(lib_a-vfiprintf.o)
 .text.__sprint_r
                0x000118c4       0x14 c:/program files (x86)/atmel/studio/7.0/toolchain/arm/arm-gnu-toolchain/bin/../lib/gcc/arm-none-eabi/6.3.1/../../../../arm-none-eabi/lib/thumb/v6-m\libc.a(lib_a-vfiprintf.o)
                0x000118c4                __sprint_r
 .text.__ascii_wctomb
                0x000118d8       0x1c c:/program files (x86)/atmel/studio/7.0/toolchain/arm/arm-gnu-toolchain/bin/../lib/gcc/arm-none-eabi/6.3.1/../../../../arm-none-eabi/lib/thumb/v6-m\libc.a(lib_a-wctomb_r.o)
                0x000118d8                __ascii_wctomb
 .text.__register_exitproc
                0x000118f4       0xf4 c:/program files (x86)/atmel/studio/7.0/toolchain/arm/arm-gnu-toolchain/bin/../lib/gcc/arm-none-eabi/6.3.1/../../../../arm-none-eabi/lib/thumb/v6-m\libc.a(lib_a-__atexit.o)
                0x000118f4                __register_exitproc
 .text._calloc_r
                0x000119e8       0x58 c:/program files (x86)/atmel/studio/7.0/toolchain/arm/arm-gnu-toolchain/bin/../lib/gcc/arm-none-eabi/6.3.1/../../../../arm-none-eabi/lib/thumb/v6-m\libc.a(lib_a-callocr.o)
                0x000119e8                _calloc_r
 .text._fclose_r
                0x00011a40       0xcc c:/program files (x86)/atmel/studio/7.0/toolchain/arm/arm-gnu-toolchain/bin/../lib/gcc/arm-none-eabi/6.3.1/../../../../arm-none-eabi/lib/thumb/v6-m\libc.a(lib_a-fclose.o)
                0x00011a40                _fclose_r
 .text.__fputwc
                0x00011b0c       0x98 c:/program files (x86)/atmel/studio/7.0/toolchain/arm/arm-gnu-toolchain/bin/../lib/gcc/arm-none-eabi/6.3.1/../../../../arm-none-eabi/lib/thumb/v6-m\libc.a(lib_a-fputwc.o)
                0x00011b0c                __fputwc
 .text._fputwc_r
                0x00011ba4       0x5c c:/program files (x86)/atmel/studio/7.0/toolchain/arm/arm-gnu-toolchain/bin/../lib/gcc/arm-none-eabi/6.3.1/../../../../arm-none-eabi/lib/thumb/v6-m\libc.a(lib_a-fputwc.o)
                0x00011ba4                _fputwc_r
 .text._fstat_r
                0x00011c00       0x28 c:/program files (x86)/atmel/studio/7.0/toolchain/arm/arm-gnu-toolchain/bin/../lib/gcc/arm-none-eabi/6.3.1/../../../../arm-none-eabi/lib/thumb/v6-m\libc.a(lib_a-fstatr.o)
                0x00011c00                _fstat_r
 .text.rshift   0x00011c28       0xac c:/program files (x86)/atmel/studio/7.0/toolchain/arm/arm-gnu-toolchain/bin/../lib/gcc/arm-none-eabi/6.3.1/../../../../arm-none-eabi/lib/thumb/v6-m\libc.a(lib_a-gdtoa-gethex.o)
 .text.__gethex
                0x00011cd4      0x528 c:/program files (x86)/atmel/studio/7.0/toolchain/arm/arm-gnu-toolchain/bin/../lib/gcc/arm-none-eabi/6.3.1/../../../../arm-none-eabi/lib/thumb/v6-m\libc.a(lib_a-gdtoa-gethex.o)
                0x00011cd4                __gethex
 .text.__match  0x000121fc       0x2c c:/program files (x86)/atmel/studio/7.0/toolchain/arm/arm-gnu-toolchain/bin/../lib/gcc/arm-none-eabi/6.3.1/../../../../arm-none-eabi/lib/thumb/v6-m\libc.a(lib_a-gdtoa-hexnan.o)
                0x000121fc                __match
 .text.__hexnan
                0x00012228      0x1a8 c:/program files (x86)/atmel/studio/7.0/toolchain/arm/arm-gnu-toolchain/bin/../lib/gcc/arm-none-eabi/6.3.1/../../../../arm-none-eabi/lib/thumb/v6-m\libc.a(lib_a-gdtoa-hexnan.o)
                0x00012228                __hexnan
 .text._isatty_r
                0x000123d0       0x24 c:/program files (x86)/atmel/studio/7.0/toolchain/arm/arm-gnu-toolchain/bin/../lib/gcc/arm-none-eabi/6.3.1/../../../../arm-none-eabi/lib/thumb/v6-m\libc.a(lib_a-isattyr.o)
                0x000123d0                _isatty_r
 .text.strncmp  0x000123f4       0x94 c:/program files (x86)/atmel/studio/7.0/toolchain/arm/arm-gnu-toolchain/bin/../lib/gcc/arm-none-eabi/6.3.1/../../../../arm-none-eabi/lib/thumb/v6-m\libc.a(lib_a-strncmp.o)
                0x000123f4                strncmp
 .text._wcrtomb_r
                0x00012488       0x54 c:/program files (x86)/atmel/studio/7.0/toolchain/arm/arm-gnu-toolchain/bin/../lib/gcc/arm-none-eabi/6.3.1/../../../../arm-none-eabi/lib/thumb/v6-m\libc.a(lib_a-wcrtomb.o)
                0x00012488                _wcrtomb_r
 .text          0x000124dc       0x40 c:/program files (x86)/atmel/studio/7.0/toolchain/arm/arm-gnu-toolchain/bin/../lib/gcc/arm-none-eabi/6.3.1/thumb/v6-m\libgcc.a(unorddf2.o)
                0x000124dc                __aeabi_dcmpun
 .text          0x0001251c      0x114 c:/program files (x86)/atmel/studio/7.0/toolchain/arm/arm-gnu-toolchain/bin/../lib/gcc/arm-none-eabi/6.3.1/thumb/v6-m\libgcc.a(truncdfsf2.o)
                0x0001251c                __aeabi_d2f
 *(.glue_7t)
 .glue_7t       0x00012630        0x0 linker stubs
 *(.glue_7)
 .glue_7        0x00012630        0x0 linker stubs
 *(.rodata .rodata* .gnu.linkonce.r.*)
 .rodata.i2c_m_sync_init.str1.4
                0x00012630       0x1c hal/src/hal_i2c_m_sync.o
 .rodata.io_write.str1.4
                0x0001264c       0x14 hal/src/hal_io.o
 .rodata.spi_m_sync_set_func_ptr.str1.4
                0x00012660       0x1c hal/src/hal_spi_m_sync.o
 .rodata.timer_init.str1.4
                0x0001267c       0x17 hal/src/hal_timer.o
 *fill*         0x00012693        0x1 
 .rodata.usart_async_write.str1.4
                0x00012694       0x1d hal/src/hal_usart_async.o
 *fill*         0x000126b1        0x3 
 .rodata.list_insert_as_head.str1.4
                0x000126b4       0x1e hal/utils/src/utils_list.o
 *fill*         0x000126d2        0x2 
 .rodata.ringbuffer_init.str1.4
                0x000126d4       0x24 hal/utils/src/utils_ringbuffer.o
 .rodata.EIC_Handler.str1.4
                0x000126f8       0x15 hpl/eic/hpl_eic.o
 *fill*         0x0001270d        0x3 
 .rodata._map   0x00012710        0x8 hpl/eic/hpl_eic.o
 .rodata._timer_init.str1.4
                0x00012718       0x15 hpl/rtc/hpl_rtc.o
 *fill*         0x0001272d        0x3 
 .rodata._get_sercom_index.str1.4
                0x00012730       0x1b hpl/sercom/hpl_sercom.o
 *fill*         0x0001274b        0x1 
 .rodata._i2cms
                0x0001274c       0x18 hpl/sercom/hpl_sercom.o
 .rodata._usarts
                0x00012764       0x10 hpl/sercom/hpl_sercom.o
 .rodata.sercomspi_regs
                0x00012774       0x20 hpl/sercom/hpl_sercom.o
 .rodata.SerialWrite.str1.4
                0x00012794       0x1b libs/driver/hw_driver.o
                                  0x3 (size before relaxing)
 .rodata.getsockopt
                0x00012794       0x34 libs/ethernet/socket.o
 .rodata.ctlnetwork
                0x000127c8       0x18 libs/ethernet/wizchip_conf.o
 .rodata.ExCvt  0x000127e0       0x80 libs/sdcard/ff.o
 .rodata.check_fs.str1.4
                0x00012860        0x9 libs/sdcard/ff.o
 *fill*         0x00012869        0x3 
 .rodata.create_name.str1.4
                0x0001286c        0xf libs/sdcard/ff.o
 *fill*         0x0001287b        0x1 
 .rodata.sd_close_file.str1.4
                0x0001287c        0xe libs/sdcard/sdApp.o
 *fill*         0x0001288a        0x2 
 .rodata.sd_init.str1.4
                0x0001288c       0x37 libs/sdcard/sdApp.o
                                 0x3b (size before relaxing)
 *fill*         0x000128c3        0x1 
 .rodata.sd_list_files.str1.4
                0x000128c4       0x67 libs/sdcard/sdApp.o
 *fill*         0x0001292b        0x1 
 .rodata.sd_print_file.str1.4
                0x0001292c       0x13 libs/sdcard/sdApp.o
 *fill*         0x0001293f        0x1 
 .rodata.sd_read_file_chunk.str1.4
                0x00012940       0x66 libs/sdcard/sdApp.o
 *fill*         0x000129a6        0x2 
 .rodata.sd_write_line.str1.4
                0x000129a8       0x1e libs/sdcard/sdApp.o
 *fill*         0x000129c6        0x2 
 .rodata.favicon_ico
                0x000129c8      0x582 main.o
                0x000129c8                favicon_ico
 *fill*         0x00012f4a        0x2 
 .rodata.main.str1.4
                0x00012f4c      0x338 main.o
 .rodata.psu_page
                0x00013284     0x1db0 main.o
                0x00013284                psu_page
 .rodata        0x00015034       0x40 c:/program files (x86)/atmel/studio/7.0/toolchain/arm/arm-gnu-toolchain/bin/../lib/gcc/arm-none-eabi/6.3.1/thumb/v6-m\libgcc.a(mulsf3.o)
 .rodata        0x00015074       0x40 c:/program files (x86)/atmel/studio/7.0/toolchain/arm/arm-gnu-toolchain/bin/../lib/gcc/arm-none-eabi/6.3.1/thumb/v6-m\libgcc.a(divdf3.o)
 .rodata        0x000150b4       0x40 c:/program files (x86)/atmel/studio/7.0/toolchain/arm/arm-gnu-toolchain/bin/../lib/gcc/arm-none-eabi/6.3.1/thumb/v6-m\libgcc.a(muldf3.o)
 .rodata._global_impure_ptr
                0x000150f4        0x4 c:/program files (x86)/atmel/studio/7.0/toolchain/arm/arm-gnu-toolchain/bin/../lib/gcc/arm-none-eabi/6.3.1/../../../../arm-none-eabi/lib/thumb/v6-m\libc.a(lib_a-impure.o)
                0x000150f4                _global_impure_ptr
 .rodata._puts_r.str1.4
                0x000150f8      0x338 c:/program files (x86)/atmel/studio/7.0/toolchain/arm/arm-gnu-toolchain/bin/../lib/gcc/arm-none-eabi/6.3.1/../../../../arm-none-eabi/lib/thumb/v6-m\libc.a(lib_a-puts.o)
                                  0x2 (size before relaxing)
 .rodata._svfprintf_r
                0x000150f8      0x164 c:/program files (x86)/atmel/studio/7.0/toolchain/arm/arm-gnu-toolchain/bin/../lib/gcc/arm-none-eabi/6.3.1/../../../../arm-none-eabi/lib/thumb/v6-m\libc.a(lib_a-svfprintf.o)
 .rodata._svfprintf_r.str1.4
                0x0001525c       0x42 c:/program files (x86)/atmel/studio/7.0/toolchain/arm/arm-gnu-toolchain/bin/../lib/gcc/arm-none-eabi/6.3.1/../../../../arm-none-eabi/lib/thumb/v6-m\libc.a(lib_a-svfprintf.o)
 *fill*         0x0001529e        0x2 
 .rodata.blanks.7223
                0x000152a0       0x10 c:/program files (x86)/atmel/studio/7.0/toolchain/arm/arm-gnu-toolchain/bin/../lib/gcc/arm-none-eabi/6.3.1/../../../../arm-none-eabi/lib/thumb/v6-m\libc.a(lib_a-svfprintf.o)
 .rodata.zeroes.7224
                0x000152b0       0x10 c:/program files (x86)/atmel/studio/7.0/toolchain/arm/arm-gnu-toolchain/bin/../lib/gcc/arm-none-eabi/6.3.1/../../../../arm-none-eabi/lib/thumb/v6-m\libc.a(lib_a-svfprintf.o)
 .rodata.__ssvfscanf_r
                0x000152c0      0x458 c:/program files (x86)/atmel/studio/7.0/toolchain/arm/arm-gnu-toolchain/bin/../lib/gcc/arm-none-eabi/6.3.1/../../../../arm-none-eabi/lib/thumb/v6-m\libc.a(lib_a-svfscanf.o)
 .rodata.__ssvfscanf_r.str1.4
                0x00015718        0x5 c:/program files (x86)/atmel/studio/7.0/toolchain/arm/arm-gnu-toolchain/bin/../lib/gcc/arm-none-eabi/6.3.1/../../../../arm-none-eabi/lib/thumb/v6-m\libc.a(lib_a-svfscanf.o)
 *fill*         0x0001571d        0x3 
 .rodata.basefix.7294
                0x00015720       0x22 c:/program files (x86)/atmel/studio/7.0/toolchain/arm/arm-gnu-toolchain/bin/../lib/gcc/arm-none-eabi/6.3.1/../../../../arm-none-eabi/lib/thumb/v6-m\libc.a(lib_a-svfscanf.o)
 *fill*         0x00015742        0x2 
 .rodata._vfprintf_r
                0x00015744      0x164 c:/program files (x86)/atmel/studio/7.0/toolchain/arm/arm-gnu-toolchain/bin/../lib/gcc/arm-none-eabi/6.3.1/../../../../arm-none-eabi/lib/thumb/v6-m\libc.a(lib_a-vfprintf.o)
 .rodata._vfprintf_r.str1.4
                0x000158a8       0x42 c:/program files (x86)/atmel/studio/7.0/toolchain/arm/arm-gnu-toolchain/bin/../lib/gcc/arm-none-eabi/6.3.1/../../../../arm-none-eabi/lib/thumb/v6-m\libc.a(lib_a-vfprintf.o)
 .rodata.blanks.7238
                0x000158a8       0x10 c:/program files (x86)/atmel/studio/7.0/toolchain/arm/arm-gnu-toolchain/bin/../lib/gcc/arm-none-eabi/6.3.1/../../../../arm-none-eabi/lib/thumb/v6-m\libc.a(lib_a-vfprintf.o)
 .rodata.zeroes.7239
                0x000158b8       0x10 c:/program files (x86)/atmel/studio/7.0/toolchain/arm/arm-gnu-toolchain/bin/../lib/gcc/arm-none-eabi/6.3.1/../../../../arm-none-eabi/lib/thumb/v6-m\libc.a(lib_a-vfprintf.o)
 .rodata._dtoa_r.str1.4
                0x000158c8       0x10 c:/program files (x86)/atmel/studio/7.0/toolchain/arm/arm-gnu-toolchain/bin/../lib/gcc/arm-none-eabi/6.3.1/../../../../arm-none-eabi/lib/thumb/v6-m\libc.a(lib_a-dtoa.o)
                                 0x12 (size before relaxing)
 .rodata._setlocale_r.str1.4
                0x000158d8        0xa c:/program files (x86)/atmel/studio/7.0/toolchain/arm/arm-gnu-toolchain/bin/../lib/gcc/arm-none-eabi/6.3.1/../../../../arm-none-eabi/lib/thumb/v6-m\libc.a(lib_a-locale.o)
                                  0xd (size before relaxing)
 *fill*         0x000158e2        0x2 
 .rodata.str1.4
                0x000158e4        0x2 c:/program files (x86)/atmel/studio/7.0/toolchain/arm/arm-gnu-toolchain/bin/../lib/gcc/arm-none-eabi/6.3.1/../../../../arm-none-eabi/lib/thumb/v6-m\libc.a(lib_a-locale.o)
 .rodata._mbrtowc_r.str1.4
                0x000158e6        0x1 c:/program files (x86)/atmel/studio/7.0/toolchain/arm/arm-gnu-toolchain/bin/../lib/gcc/arm-none-eabi/6.3.1/../../../../arm-none-eabi/lib/thumb/v6-m\libc.a(lib_a-mbrtowc.o)
 *fill*         0x000158e6        0x2 
 .rodata.__mprec_bigtens
                0x000158e8       0x28 c:/program files (x86)/atmel/studio/7.0/toolchain/arm/arm-gnu-toolchain/bin/../lib/gcc/arm-none-eabi/6.3.1/../../../../arm-none-eabi/lib/thumb/v6-m\libc.a(lib_a-mprec.o)
                0x000158e8                __mprec_bigtens
 .rodata.__mprec_tens
                0x00015910       0xc8 c:/program files (x86)/atmel/studio/7.0/toolchain/arm/arm-gnu-toolchain/bin/../lib/gcc/arm-none-eabi/6.3.1/../../../../arm-none-eabi/lib/thumb/v6-m\libc.a(lib_a-mprec.o)
                0x00015910                __mprec_tens
 .rodata.p05.6055
                0x000159d8        0xc c:/program files (x86)/atmel/studio/7.0/toolchain/arm/arm-gnu-toolchain/bin/../lib/gcc/arm-none-eabi/6.3.1/../../../../arm-none-eabi/lib/thumb/v6-m\libc.a(lib_a-mprec.o)
 .rodata._strtod_l
                0x000159e4       0xd0 c:/program files (x86)/atmel/studio/7.0/toolchain/arm/arm-gnu-toolchain/bin/../lib/gcc/arm-none-eabi/6.3.1/../../../../arm-none-eabi/lib/thumb/v6-m\libc.a(lib_a-strtod.o)
 .rodata._strtod_l.str1.4
                0x00015ab4       0x10 c:/program files (x86)/atmel/studio/7.0/toolchain/arm/arm-gnu-toolchain/bin/../lib/gcc/arm-none-eabi/6.3.1/../../../../arm-none-eabi/lib/thumb/v6-m\libc.a(lib_a-strtod.o)
                                  0xf (size before relaxing)
 .rodata.fpi.6141
                0x00015ac4       0x14 c:/program files (x86)/atmel/studio/7.0/toolchain/arm/arm-gnu-toolchain/bin/../lib/gcc/arm-none-eabi/6.3.1/../../../../arm-none-eabi/lib/thumb/v6-m\libc.a(lib_a-strtod.o)
 .rodata.fpinan.6177
                0x00015ad8       0x14 c:/program files (x86)/atmel/studio/7.0/toolchain/arm/arm-gnu-toolchain/bin/../lib/gcc/arm-none-eabi/6.3.1/../../../../arm-none-eabi/lib/thumb/v6-m\libc.a(lib_a-strtod.o)
 *fill*         0x00015aec        0x4 
 .rodata.tinytens
                0x00015af0       0x28 c:/program files (x86)/atmel/studio/7.0/toolchain/arm/arm-gnu-toolchain/bin/../lib/gcc/arm-none-eabi/6.3.1/../../../../arm-none-eabi/lib/thumb/v6-m\libc.a(lib_a-strtod.o)
 .rodata._ctype_
                0x00015b18      0x101 c:/program files (x86)/atmel/studio/7.0/toolchain/arm/arm-gnu-toolchain/bin/../lib/gcc/arm-none-eabi/6.3.1/../../../../arm-none-eabi/lib/thumb/v6-m\libc.a(lib_a-ctype_.o)
                0x00015b18                _ctype_
 *fill*         0x00015c19        0x3 
 .rodata.__hexdig
                0x00015c1c      0x100 c:/program files (x86)/atmel/studio/7.0/toolchain/arm/arm-gnu-toolchain/bin/../lib/gcc/arm-none-eabi/6.3.1/../../../../arm-none-eabi/lib/thumb/v6-m\libc.a(lib_a-gdtoa-gethex.o)
                0x00015c1c                __hexdig
 *(.ARM.extab* .gnu.linkonce.armextab.*)
                0x00015d1c                . = ALIGN (0x4)
 *(.init)
 .init          0x00015d1c        0x4 c:/program files (x86)/atmel/studio/7.0/toolchain/arm/arm-gnu-toolchain/bin/../lib/gcc/arm-none-eabi/6.3.1/thumb/v6-m/crti.o
                0x00015d1c                _init
 .init          0x00015d20        0x8 c:/program files (x86)/atmel/studio/7.0/toolchain/arm/arm-gnu-toolchain/bin/../lib/gcc/arm-none-eabi/6.3.1/thumb/v6-m/crtn.o
                0x00015d28                . = ALIGN (0x4)
                0x00015d28                __preinit_array_start = .
 *(.preinit_array)
                0x00015d28                __preinit_array_end = .
                0x00015d28                . = ALIGN (0x4)
                0x00015d28                __init_array_start = .
 *(SORT(.init_array.*))
 .init_array.00000
                0x00015d28        0x4 c:/program files (x86)/atmel/studio/7.0/toolchain/arm/arm-gnu-toolchain/bin/../lib/gcc/arm-none-eabi/6.3.1/../../../../arm-none-eabi/lib/thumb/v6-m\libc.a(lib_a-__call_atexit.o)
 *(.init_array)
 .init_array    0x00015d2c        0x4 c:/program files (x86)/atmel/studio/7.0/toolchain/arm/arm-gnu-toolchain/bin/../lib/gcc/arm-none-eabi/6.3.1/thumb/v6-m/crtbegin.o
                0x00015d30                __init_array_end = .
                0x00015d30                . = ALIGN (0x4)
 *crtbegin.o(.ctors)
 *(EXCLUDE_FILE(*crtend.o) .ctors)
 *(SORT(.ctors.*))
 *crtend.o(.ctors)
                0x00015d30                . = ALIGN (0x4)
 *(.fini)
 .fini          0x00015d30        0x4 c:/program files (x86)/atmel/studio/7.0/toolchain/arm/arm-gnu-toolchain/bin/../lib/gcc/arm-none-eabi/6.3.1/thumb/v6-m/crti.o
                0x00015d30                _fini
 .fini          0x00015d34        0x8 c:/program files (x86)/atmel/studio/7.0/toolchain/arm/arm-gnu-toolchain/bin/../lib/gcc/arm-none-eabi/6.3.1/thumb/v6-m/crtn.o
                0x00015d3c                . = ALIGN (0x4)
                0x00015d3c                __fini_array_start = .
 *(.fini_array)
 .fini_array    0x00015d3c        0x4 c:/program files (x86)/atmel/studio/7.0/toolchain/arm/arm-gnu-toolchain/bin/../lib/gcc/arm-none-eabi/6.3.1/thumb/v6-m/crtbegin.o
 *(SORT(.fini_array.*))
                0x00015d40                __fini_array_end = .
 *crtbegin.o(.dtors)
 *(EXCLUDE_FILE(*crtend.o) .dtors)
 *(SORT(.dtors.*))
 *crtend.o(.dtors)
                0x00015d40                . = ALIGN (0x4)
                0x00015d40                _efixed = .
                [!provide]                PROVIDE (__exidx_start, .)

.vfp11_veneer   0x00015d40        0x0
 .vfp11_veneer  0x00015d40        0x0 linker stubs

.v4_bx          0x00015d40        0x0
 .v4_bx         0x00015d40        0x0 linker stubs

.iplt           0x00015d40        0x0
 .iplt          0x00015d40        0x0 c:/program files (x86)/atmel/studio/7.0/toolchain/arm/arm-gnu-toolchain/bin/../lib/gcc/arm-none-eabi/6.3.1/thumb/v6-m/crtbegin.o

.ARM.exidx      0x00015d40        0x8
 *(.ARM.exidx* .gnu.linkonce.armexidx.*)
 .ARM.exidx     0x00015d40        0x8 c:/program files (x86)/atmel/studio/7.0/toolchain/arm/arm-gnu-toolchain/bin/../lib/gcc/arm-none-eabi/6.3.1/thumb/v6-m\libgcc.a(_udivmoddi4.o)
                [!provide]                PROVIDE (__exidx_end, .)

.eh_frame       0x00015d48        0x0
 .eh_frame      0x00015d48        0x0 c:/program files (x86)/atmel/studio/7.0/toolchain/arm/arm-gnu-toolchain/bin/../lib/gcc/arm-none-eabi/6.3.1/thumb/v6-m/crtbegin.o

.rel.dyn        0x00015d48        0x0
 .rel.iplt      0x00015d48        0x0 c:/program files (x86)/atmel/studio/7.0/toolchain/arm/arm-gnu-toolchain/bin/../lib/gcc/arm-none-eabi/6.3.1/thumb/v6-m/crtbegin.o

.jcr            0x00015d48        0x0
 .jcr           0x00015d48        0x0 c:/program files (x86)/atmel/studio/7.0/toolchain/arm/arm-gnu-toolchain/bin/../lib/gcc/arm-none-eabi/6.3.1/thumb/v6-m/crtbegin.o

.igot.plt       0x00015d48        0x0
 .igot.plt      0x00015d48        0x0 c:/program files (x86)/atmel/studio/7.0/toolchain/arm/arm-gnu-toolchain/bin/../lib/gcc/arm-none-eabi/6.3.1/thumb/v6-m/crtbegin.o
                0x00015d48                . = ALIGN (0x4)
                0x00015d48                _etext = .

.relocate       0x20000000      0xa30 load address 0x00015d48
                0x20000000                . = ALIGN (0x4)
                0x20000000                _srelocate = .
 *(.ramfunc .ramfunc.*)
 *(.data .data.*)
 .data.sock_any_port
                0x20000000        0x2 libs/ethernet/socket.o
 *fill*         0x20000002        0x2 
 .data.WIZCHIP  0x20000004       0x2c libs/ethernet/wizchip_conf.o
                0x20000004                WIZCHIP
 .data.Stat     0x20000030        0x1 libs/sdcard/sdmm.o
 *fill*         0x20000031        0x3 
 .data.UdpDestAddress
                0x20000034        0x4 main.o
                0x20000034                UdpDestAddress
 .data.UdpRxPort
                0x20000038        0x2 main.o
                0x20000038                UdpRxPort
 .data.UdpRxSockNum
                0x2000003a        0x1 main.o
                0x2000003a                UdpRxSockNum
 *fill*         0x2000003b        0x1 
 .data.UdpTxPort
                0x2000003c        0x2 main.o
                0x2000003c                UdpTxPort
 *fill*         0x2000003e        0x2 
 .data.amp      0x20000040        0x4 main.o
                0x20000040                amp
 .data.ampDMM   0x20000044        0x4 main.o
                0x20000044                ampDMM
 .data.netInfo  0x20000048       0x17 main.o
                0x20000048                netInfo
 .data.outState
                0x2000005f        0x1 main.o
                0x2000005f                outState
 .data.rx_tx_buff_sizes
                0x20000060        0x8 main.o
                0x20000060                rx_tx_buff_sizes
 .data.socketPort
                0x20000068       0x10 main.o
                0x20000068                socketPort
 .data.volt     0x20000078        0x4 main.o
                0x20000078                volt
 .data.voltDMM  0x2000007c        0x4 main.o
                0x2000007c                voltDMM
 .data._impure_ptr
                0x20000080        0x4 c:/program files (x86)/atmel/studio/7.0/toolchain/arm/arm-gnu-toolchain/bin/../lib/gcc/arm-none-eabi/6.3.1/../../../../arm-none-eabi/lib/thumb/v6-m\libc.a(lib_a-impure.o)
                0x20000080                _impure_ptr
 *fill*         0x20000084        0x4 
 .data.impure_data
                0x20000088      0x428 c:/program files (x86)/atmel/studio/7.0/toolchain/arm/arm-gnu-toolchain/bin/../lib/gcc/arm-none-eabi/6.3.1/../../../../arm-none-eabi/lib/thumb/v6-m\libc.a(lib_a-impure.o)
 .data.__atexit_recursive_mutex
                0x200004b0        0x4 c:/program files (x86)/atmel/studio/7.0/toolchain/arm/arm-gnu-toolchain/bin/../lib/gcc/arm-none-eabi/6.3.1/../../../../arm-none-eabi/lib/thumb/v6-m\libc.a(lib_a-__call_atexit.o)
                0x200004b0                __atexit_recursive_mutex
 .data.__global_locale
                0x200004b4      0x16c c:/program files (x86)/atmel/studio/7.0/toolchain/arm/arm-gnu-toolchain/bin/../lib/gcc/arm-none-eabi/6.3.1/../../../../arm-none-eabi/lib/thumb/v6-m\libc.a(lib_a-locale.o)
                0x200004b4                __global_locale
 .data.__malloc_av_
                0x20000620      0x408 c:/program files (x86)/atmel/studio/7.0/toolchain/arm/arm-gnu-toolchain/bin/../lib/gcc/arm-none-eabi/6.3.1/../../../../arm-none-eabi/lib/thumb/v6-m\libc.a(lib_a-mallocr.o)
                0x20000620                __malloc_av_
 .data.__malloc_sbrk_base
                0x20000a28        0x4 c:/program files (x86)/atmel/studio/7.0/toolchain/arm/arm-gnu-toolchain/bin/../lib/gcc/arm-none-eabi/6.3.1/../../../../arm-none-eabi/lib/thumb/v6-m\libc.a(lib_a-mallocr.o)
                0x20000a28                __malloc_sbrk_base
 .data.__malloc_trim_threshold
                0x20000a2c        0x4 c:/program files (x86)/atmel/studio/7.0/toolchain/arm/arm-gnu-toolchain/bin/../lib/gcc/arm-none-eabi/6.3.1/../../../../arm-none-eabi/lib/thumb/v6-m\libc.a(lib_a-mallocr.o)
                0x20000a2c                __malloc_trim_threshold
                0x20000a30                . = ALIGN (0x4)
                0x20000a30                _erelocate = .

.bss            0x20000a30      0xeb0 load address 0x00016778
                0x20000a30                . = ALIGN (0x4)
                0x20000a30                _sbss = .
                0x20000a30                _szero = .
 *(.bss .bss.*)
 .bss           0x20000a30       0x1c c:/program files (x86)/atmel/studio/7.0/toolchain/arm/arm-gnu-toolchain/bin/../lib/gcc/arm-none-eabi/6.3.1/thumb/v6-m/crtbegin.o
 .bss.hardware  0x20000a4c        0x4 hal/src/hal_delay.o
 .bss.ext_irqs  0x20000a50        0x8 hal/src/hal_ext_irq.o
 .bss.heap.5296
                0x20000a58        0x4 hal/utils/src/utils_syscalls.o
 .bss.callback  0x20000a5c        0x4 hpl/eic/hpl_eic.o
 .bss._rtc_dev  0x20000a60        0x4 hpl/rtc/hpl_rtc.o
 .bss._sercom4_dev
                0x20000a64        0x4 hpl/sercom/hpl_sercom.o
 .bss._tc6_dev  0x20000a68        0x4 hpl/tc/hpl_tc.o
 .bss._tc7_dev  0x20000a6c        0x4 hpl/tc/hpl_tc.o
 .bss.TIMER_task1
                0x20000a70       0x14 libs/driver/hw_driver.o
 .bss.TIMER_task2
                0x20000a84       0x14 libs/driver/hw_driver.o
 .bss.adcConversionRequest
                0x20000a98        0x1 libs/driver/hw_driver.o
                0x20000a98                adcConversionRequest
 .bss.errorCounter
                0x20000a99        0x1 libs/driver/hw_driver.o
                0x20000a99                errorCounter
 .bss.serialBufferOverflow
                0x20000a9a        0x1 libs/driver/hw_driver.o
                0x20000a9a                serialBufferOverflow
 .bss.serialComplete
                0x20000a9b        0x1 libs/driver/hw_driver.o
                0x20000a9b                serialComplete
 .bss.serialReceivedBytesCounter
                0x20000a9c        0x1 libs/driver/hw_driver.o
                0x20000a9c                serialReceivedBytesCounter
 .bss.serialReceiving
                0x20000a9d        0x1 libs/driver/hw_driver.o
                0x20000a9d                serialReceiving
 .bss.serialTransmitting
                0x20000a9e        0x1 libs/driver/hw_driver.o
                0x20000a9e                serialTransmitting
 *fill*         0x20000a9f        0x1 
 .bss.sock_io_mode
                0x20000aa0        0x2 libs/ethernet/socket.o
 .bss.sock_is_sending
                0x20000aa2        0x2 libs/ethernet/socket.o
 .bss.sock_pack_info
                0x20000aa4        0x8 libs/ethernet/socket.o
                0x20000aa4                sock_pack_info
 .bss.sock_remained_size
                0x20000aac       0x10 libs/ethernet/socket.o
 .bss._DHCP_    0x20000abc        0x1 libs/ethernet/wizchip_conf.o
 *fill*         0x20000abd        0x3 
 .bss._DNS_     0x20000ac0        0x4 libs/ethernet/wizchip_conf.o
 .bss.FatFs     0x20000ac4        0x4 libs/sdcard/ff.o
 .bss.Fsid      0x20000ac8        0x2 libs/sdcard/ff.o
 *fill*         0x20000aca        0x2 
 .bss.FatFs     0x20000acc      0x230 libs/sdcard/sdApp.o
 .bss.Fil       0x20000cfc       0x28 libs/sdcard/sdApp.o
 .bss.file_opened
                0x20000d24        0x1 libs/sdcard/sdApp.o
 .bss.CardType  0x20000d25        0x1 libs/sdcard/sdmm.o